******************************************************************************
             TMS320C2000 Linker PC v5.2.6                      
******************************************************************************
>> Linked Fri Apr 19 13:53:02 2013

OUTPUT FILE NAME:   <Ekso1.out>
ENTRY POINT SYMBOL: "_c_int00"  address: 00325b97


MEMORY CONFIGURATION

         name            origin    length      used     unused   attr    fill
----------------------  --------  ---------  --------  --------  ----  --------
PAGE 0:
  BEGIN_M0              00000000   00000002  00000000  00000002  RWIX
  L0123SARAM            00008000   00006000  000042e1  00001d1f  RWIX
  L47SARAM              0000e000   00002000  00000000  00002000  RWIX
  ZONE7                 00200000   00020000  00000000  00020000  RWIX
  FLASH_ABCDEFGH        00300000   0003ff80  00025cf4  0001a28c  RWIX
  CSM_RSVD              0033ff80   00000076  00000076  00000000  RWIX
  BEGIN_FLASH           0033fff6   00000002  00000002  00000000  RWIX
  PASSWORDS             0033fff8   00000008  00000008  00000000  RWIX
  ADC_CAL               00380080   00000009  00000000  00000009  RWIX
  OTP                   00380400   00000400  00000000  00000400  RWIX
  IQTABLES              003fe000   00000b50  00000000  00000b50  RWIX
  IQTABLES2             003feb50   0000008c  00000000  0000008c  RWIX
  FPUTABLES             003febdc   000006a0  000006a0  00000000  RWIX
  BOOTROM               003ff27c   00000d44  00000000  00000d44  RWIX

PAGE 1:
  M0SARAM               00000002   000003fe  00000000  000003fe  RWIX
  M1SARAM               00000400   00000400  00000200  00000200  RWIX
  DEV_EMU               00000880   00000180  000000d0  000000b0  RWIX
  FLASH_REGS            00000a80   00000060  00000008  00000058  RWIX
  CSM                   00000ae0   00000010  00000010  00000000  RWIX
  ADC_MIRROR            00000b00   00000010  00000010  00000000  RWIX
  XINTF                 00000b20   00000020  0000001e  00000002  RWIX
  CPU_TIMER0            00000c00   00000008  00000008  00000000  RWIX
  CPU_TIMER1            00000c08   00000008  00000008  00000000  RWIX
  CPU_TIMER2            00000c10   00000008  00000008  00000000  RWIX
  PIE_CTRL              00000ce0   00000020  0000001a  00000006  RWIX
  PIEVECT               00000d00   00000100  00000100  00000000  RWIX
  DMA                   00001000   00000200  00000000  00000200  RWIX
  MCBSPA                00005000   00000040  00000000  00000040  RWIX
  MCBSPB                00005040   00000040  00000000  00000040  RWIX
  ECANA                 00006000   00000040  00000034  0000000c  RWIX
  ECANA_LAM             00006040   00000040  00000040  00000000  RWIX
  ECANA_MOTS            00006080   00000040  00000040  00000000  RWIX
  ECANA_MOTO            000060c0   00000040  00000040  00000000  RWIX
  ECANA_MBOX            00006100   00000100  00000100  00000000  RWIX
  ECANB                 00006200   00000040  00000034  0000000c  RWIX
  ECANB_LAM             00006240   00000040  00000040  00000000  RWIX
  ECANB_MOTS            00006280   00000040  00000040  00000000  RWIX
  ECANB_MOTO            000062c0   00000040  00000040  00000000  RWIX
  ECANB_MBOX            00006300   00000100  00000100  00000000  RWIX
  EPWM1                 00006800   00000022  00000000  00000022  RWIX
  EPWM2                 00006840   00000022  00000000  00000022  RWIX
  EPWM3                 00006880   00000022  00000000  00000022  RWIX
  EPWM4                 000068c0   00000022  00000000  00000022  RWIX
  EPWM5                 00006900   00000022  00000000  00000022  RWIX
  EPWM6                 00006940   00000022  00000000  00000022  RWIX
  ECAP1                 00006a00   00000020  00000000  00000020  RWIX
  ECAP2                 00006a20   00000020  00000000  00000020  RWIX
  ECAP3                 00006a40   00000020  00000000  00000020  RWIX
  ECAP4                 00006a60   00000020  00000000  00000020  RWIX
  ECAP5                 00006a80   00000020  00000000  00000020  RWIX
  ECAP6                 00006aa0   00000020  00000000  00000020  RWIX
  EQEP1                 00006b00   00000040  00000000  00000040  RWIX
  EQEP2                 00006b40   00000040  00000000  00000040  RWIX
  GPIOCTRL              00006f80   00000040  0000002e  00000012  RWIX
  GPIODAT               00006fc0   00000020  00000020  00000000  RWIX
  GPIOINT               00006fe0   00000020  0000000a  00000016  RWIX
  SYSTEM                00007010   00000020  00000020  00000000  RWIX
  SPIA                  00007040   00000010  00000010  00000000  RWIX
  SCIA                  00007050   00000010  00000010  00000000  RWIX
  XINTRUPT              00007070   00000010  00000010  00000000  RWIX
  ADC                   00007100   00000020  0000001e  00000002  RWIX
  SCIB                  00007750   00000010  00000010  00000000  RWIX
  SCIC                  00007770   00000010  00000010  00000000  RWIX
  I2CA                  00007900   00000040  00000022  0000001e  RWIX
  L4SARAM               0000e000   00000800  00000200  00000600  RWIX
  L5SARAM               0000e800   00000800  00000086  0000077a  RWIX
  L6SARAM               0000f000   00000800  000005a8  00000258  RWIX
  L7SARAM               0000f800   00000800  000004ea  00000316  RWIX
  EXT_RAM               00200000   00010000  00005db8  0000a248  RWIX
  PARTID                00380090   00000001  00000001  00000000  RWIX
  CSM_PWL               003f7ff8   00000008  00000008  00000000  RWIX


SECTION ALLOCATION MAP

 output                                  attributes/
section   page    origin      length       input sections
--------  ----  ----------  ----------   ----------------
.vers      0    00000000    0000003c     COPY SECTION
                  00000000    0000003c     MEX_DSPcfg.obj (.vers)

.pinit     0    00300000    00000000     UNINITIALIZED

PieVectTableFile 
*          1    00000d00    00000000     DSECT

.ebss      0    00008000    000042bd     UNINITIALIZED
                  00008000    000005ee     error.obj (.ebss)
                  000085ee    00000010     Control.obj (.ebss)
                  000085fe    00000002     Adc.obj (.ebss)
                  00008600    00000598     SCI.obj (.ebss)
                  00008b98    00000028     bios.a28FP : tsk_stup.o28FP (.ebss)
                  00008bc0    00000524     screens.obj (.ebss)
                  000090e4    00000018     matrix_util.obj (.ebss)
                  000090fc    00000004     bios.a28FP : clk_data.o28FP (.ebss)
                  00009100    0000046c     data_log.obj (.ebss)
                  0000956c    00000014     bios.a28FP : sys.o28FP (.ebss)
                  00009580    00000468     bit.obj (.ebss)
                  000099e8    00000010     version.obj (.ebss)
                  000099f8    00000008     SysCtrl.obj (.ebss)
                  00009a00    00000427     screens_pt.obj (.ebss)
                  00009e27    00000001     rts2800_fpu32.lib : errno.obj (.ebss)
                  00009e28    0000000a     DefaultIsr_BIOS.obj (.ebss)
                  00009e32    00000008     bios.a28FP : knl_tick.o28FP (.ebss)
                  00009e3a    00000006     Pose.obj (.ebss)
                  00009e40    000003ee     Main_BIOS.obj (.ebss)
                  0000a22e    00000006     bios.a28FP : utl_putc.o28FP (.ebss)
                  0000a234    00000006     fpga.obj (.ebss)
                  0000a23a    00000004     rts2800_fpu32.lib : _lock.obj (.ebss)
                  0000a23e    00000002     bios.a28FP : clk_data2.o28FP (.ebss)
                  0000a240    00000360     Spi.obj (.ebss)
                  0000a5a0    00000020     bios.a28FP : tsk.o28FP (.ebss)
                  0000a5c0    00000308     LCD.obj (.ebss)
                  0000a8c8    00000034     DSP2833x_ECan.obj (.ebss)
                  0000a8fc    00000004     rts2800_fpu32.lib : exit.obj (.ebss)
                  0000a900    00000308     bit_tests.obj (.ebss)
                  0000ac08    00000022     interlock.obj (.ebss)
                  0000ac2a    00000003     eeprom.obj (.ebss)
                  0000ac2d    00000003     --HOLE--
                  0000ac30    00000002     bios.a28FP : mem_asm.o28FP (.ebss)
                  0000ac32    0000000e     --HOLE--
                  0000ac40    00000280     I2C.obj (.ebss)
                  0000aec0    0000027e     screens_mfg.obj (.ebss)
                  0000b13e    00000002     --HOLE--
                  0000b140    0000020c     nvmem.obj (.ebss)
                  0000b34c    00000034     --HOLE--
                  0000b380    00000206     imu.obj (.ebss)
                  0000b586    0000003a     --HOLE--
                  0000b5c0    000001ba     smb.obj (.ebss)
                  0000b77a    00000006     --HOLE--
                  0000b780    00000154     strings_pt.obj (.ebss)
                  0000b8d4    0000002c     --HOLE--
                  0000b900    00000150     Can.obj (.ebss)
                  0000ba50    00000030     --HOLE--
                  0000ba80    00000140     Watchdog.obj (.ebss)
                  0000bbc0    00000100     crc.obj (.ebss)
                  0000bcc0    000000e8     SensorCond.obj (.ebss)
                  0000bda8    00000018     --HOLE--
                  0000bdc0    000000c8     ReferenceGenerators.obj (.ebss)
                  0000be88    00000038     --HOLE--
                  0000bec0    000000c4     driver.obj (.ebss)
                  0000bf84    0000003c     --HOLE--
                  0000bfc0    00000090     bios.a28FP : knl.o28FP (.ebss)
                  0000c050    00000030     --HOLE--
                  0000c080    00000070     ext_flash.obj (.ebss)
                  0000c0f0    00000010     --HOLE--
                  0000c100    0000005e     languages.obj (.ebss)
                  0000c15e    00000022     --HOLE--
                  0000c180    00000050     StateMachines.obj (.ebss)
                  0000c1d0    00000030     --HOLE--
                  0000c200    00000050     mot.obj (.ebss)
                  0000c250    00000030     --HOLE--
                  0000c280    0000003d     MEX_DSPcfg.obj (.ebss)

.data      0    00300000    00000000     UNINITIALIZED

.hwi_vec   0    00300000    00000100     RUN ADDR = 00000d00
                  00300000    00000100     MEX_DSPcfg.obj (.hwi_vec)

.text      0    00300100    0001911e     
                  00300100    00002aff     DefaultIsr_BIOS.obj (.text)
                  00302bff    00002a48     strings_pt.obj (.text)
                  00305647    00000001     --HOLE-- [fill = 0]
                  00305648    00001baa     ReferenceGenerators.obj (.text)
                  003071f2    00001aad     bit_tests.obj (.text)
                  00308c9f    00001661     StateMachines.obj (.text)
                  0030a300    00001360     LCD.obj (.text)
                  0030b660    000012bd     screens_pt.obj (.text)
                  0030c91d    00001291     data_log.obj (.text)
                  0030dbae    0000112b     screens.obj (.text)
                  0030ecd9    00000001     --HOLE-- [fill = 0]
                  0030ecda    00000ffd     SensorCond.obj (.text)
                  0030fcd7    00000001     --HOLE-- [fill = 0]
                  0030fcd8    00000d99     nvmem.obj (.text)
                  00310a71    00000001     --HOLE-- [fill = 0]
                  00310a72    00000a5f     Pose.obj (.text)
                  003114d1    00000001     --HOLE-- [fill = 0]
                  003114d2    00000a0e     Can.obj (.text)
                  00311ee0    000009ed     error.obj (.text)
                  003128cd    00000942     mot.obj (.text)
                  0031320f    000007fb     screens_mfg.obj (.text)
                  00313a0a    000007ee     smb.obj (.text)
                  003141f8    0000079e     Spi.obj (.text)
                  00314996    00000732     imu.obj (.text)
                  003150c8    000005ae     Control.obj (.text)
                  00315676    0000059c     languages.obj (.text)
                  00315c12    0000057e     bit.obj (.text)
                  00316190    000004fb     I2C.obj (.text)
                  0031668b    0000048a     SCI.obj (.text)
                  00316b15    00000001     --HOLE-- [fill = 0]
                  00316b16    00000483     matrix_util.obj (.text)
                  00316f99    0000047f     ext_flash.obj (.text)
                  00317418    00000472     Main_BIOS.obj (.text)
                  0031788a    00000361     version.obj (.text)
                  00317beb    00000301     interlock.obj (.text)
                  00317eec    000002d2     fpga.obj (.text)
                  003181be    0000020a     DSP2833x_ECan.obj (.text)
                  003183c8    000001b0     math_util.obj (.text)
                  00318578    00000183     Gpio.obj (.text)
                  003186fb    00000135     eeprom.obj (.text)
                  00318830    00000111     Watchdog.obj (.text)
                  00318941    000000d8     SafetyLimit.obj (.text)
                  00318a19    000000c2     linkedlist.obj (.text)
                  00318adb    00000001     --HOLE-- [fill = 0]
                  00318adc    000000aa     Adc.obj (.text)
                  00318b86    0000009c     rts2800_fpu32.lib : fd_add.obj (.text)
                  00318c22    0000008b                       : fd_div.obj (.text)
                  00318cad    00000083                       : fd_mpy.obj (.text)
                  00318d30    00000075                       : asin.obj (.text)
                  00318da5    00000074     SysCtrl.obj (.text)
                  00318e19    0000006f     rts2800_fpu32.lib : acos.obj (.text)
                  00318e88    0000005f                       : tan.obj (.text)
                  00318ee7    0000004a     rts2800_fpu32_fast_supplement.lib : atan_f32.obj (.text)
                  00318f31    00000001     --HOLE-- [fill = 0]
                  00318f32    00000049     crc.obj (.text)
                  00318f7b    00000047     driver.obj (.text)
                  00318fc2    0000003b     PieCtrl_BIOS.obj (.text)
                  00318ffd    00000034     rts2800_fpu32_fast_supplement.lib : cos_f32.obj (.text)
                  00319031    00000034                                       : sin_f32.obj (.text)
                  00319065    0000002a     rts2800_fpu32.lib : fd_cmp.obj (.text)
                  0031908f    00000023                       : fd_tofs.obj (.text)
                  003190b2    00000022                       : i_div.obj (.text)
                  003190d4    00000021                       : memcpy_ff.obj (.text)
                  003190f5    00000021     rts2800_fpu32_fast_supplement.lib : sqrt_f32.obj (.text)
                  00319116    00000020     rts2800_fpu32.lib : strncpy.obj (.text)
                  00319136    0000001f     bios.a28FP : tsk_stup.o28FP (.text:_lock2)
                  00319155    0000001c     rts2800_fpu32.lib : fs_tofd.obj (.text)
                  00319171    00000019                       : exit.obj (.text)
                  0031918a    00000019     rts2800_fpu32_fast_supplement.lib : div_f32.obj (.text)
                  003191a3    00000010     DelayUs.obj (.text)
                  003191b3    0000000e     rts2800_fpu32.lib : fd_sub.obj (.text)
                  003191c1    0000000d                       : strcat.obj (.text)
                  003191ce    0000000b                       : u_div.obj (.text)
                  003191d9    0000000a                       : strcmp.obj (.text)
                  003191e3    0000000a                       : strlen.obj (.text)
                  003191ed    00000009                       : _lock.obj (.text)
                  003191f6    00000009                       : fd_neg.obj (.text)
                  003191ff    00000009                       : strcpy.obj (.text)
                  00319208    00000007     CodeStartBranch.obj (.text)
                  0031920f    00000007     rts2800_fpu32.lib : memset.obj (.text)
                  00319216    00000005     bios.a28FP : tsk_stup.o28FP (.text:_unlock2)
                  0031921b    00000003     SetDBGIER.obj (.text)

.econst    0    0031921e    0000a791     
                  0031921e    000017aa     strings_pt.obj (.econst:.string)
                  0031a9c8    0000108f     error.obj (.econst:.string)
                  0031ba57    00000001     SensorCond.obj (.econst)
                  0031ba58    00000c02     screens.obj (.econst:_vwMisc)
                  0031c65a    00000986     screens.obj (.econst:_vwDiagnostics)
                  0031cfe0    00000904     strings_pt.obj (.econst:_ptLangStrings)
                  0031d8e4    000008b7     screens.obj (.econst:.string)
                  0031e19b    00000001     strings_pt.obj (.econst)
                  0031e19c    0000075c     error.obj (.econst:_error_msgs)
                  0031e8f8    0000053d     data_log.obj (.econst:.string)
                  0031ee35    00000001     version.obj (.econst)
                  0031ee36    000004f8     screens.obj (.econst:_vwVers)
                  0031f32e    000004cf     bit_tests.obj (.econst:.string)
                  0031f7fd    00000001     --HOLE-- [fill = 0]
                  0031f7fe    0000048e     screens.obj (.econst:_vwActive)
                  0031fc8c    00000424     screens.obj (.econst:_vwBack)
                  003200b0    00000424     screens_pt.obj (.econst:_vwMainPT)
                  003204d4    000002f5     screens_mfg.obj (.econst:.string)
                  003207c9    00000001     --HOLE-- [fill = 0]
                  003207ca    000002f4     smb.obj (.econst:_smb_elems)
                  00320abe    000002e8     screens_pt.obj (.econst:.string)
                  00320da6    000002d8     imu.obj (.econst:_IMU_diagnostics)
                  0032107e    000002d5     interlock.obj (.econst:_exoInterlocks)
                  00321353    00000001     --HOLE-- [fill = 0]
                  00321354    0000027c     screens.obj (.econst:_vwAngles)
                  003215d0    0000027c     screens_mfg.obj (.econst:_vwMainMFG)
                  0032184c    0000027c     screens.obj (.econst:_vwSensors)
                  00321ac8    00000240     imu.obj (.econst:_IMU_registers)
                  00321d08    00000212     screens.obj (.econst:_vwSquat)
                  00321f1a    00000212     screens.obj (.econst:_vwThresh)
                  0032212c    000001ac     mot.obj (.econst:.string)
                  003222d8    00000199     languages.obj (.econst:.string)
                  00322471    00000001     --HOLE-- [fill = 0]
                  00322472    0000015a     interlock.obj (.econst:.string)
                  003225cc    00000158     imu.obj (.econst:.string)
                  00322724    0000013e     screens.obj (.econst:_vwTest)
                  00322862    00000139     bit.obj (.econst:.string)
                  0032299b    00000001     --HOLE-- [fill = 0]
                  0032299c    00000136     LCD.obj (.econst:.string)
                  00322ad2    00000131     Spi.obj (.econst:.string)
                  00322c03    00000001     --HOLE-- [fill = 0]
                  00322c04    00000121     Can.obj (.econst:.string)
                  00322d25    00000001     --HOLE-- [fill = 0]
                  00322d26    000000ee     nvmem.obj (.econst:_NV_XfrCmds)
                  00322e14    000000b9     fpga.obj (.econst:.string)
                  00322ecd    00000001     --HOLE-- [fill = 0]
                  00322ece    00000093     SensorCond.obj (.econst:.string)
                  00322f61    00000001     --HOLE-- [fill = 0]
                  00322f62    0000008f     smb.obj (.econst:.string)
                  00322ff1    00000001     --HOLE-- [fill = 0]
                  00322ff2    0000008c     Gpio.obj (.econst:_gpioCfg)
                  0032307e    00000084     nvmem.obj (.econst:_pCalibParams)
                  00323102    00000078     imu.obj (.econst)
                  0032317a    0000006d     version.obj (.econst:.string)
                  003231e7    00000001     --HOLE-- [fill = 0]
                  003231e8    0000006a     screens_pt.obj (.econst:_vwLanguagePT)
                  00323252    0000006a     screens.obj (.econst:_vwSystemTests)
                  003232bc    00000060     Spi.obj (.econst:_SpiCmd)
                  0032331c    00000059     SCI.obj (.econst:.string)
                  00323375    00000001     --HOLE-- [fill = 0]
                  00323376    0000004f     bios.a28FP : tsk_stup.o28FP (.econst)
                  003233c5    00000001     --HOLE-- [fill = 0]
                  003233c6    00000048     screens.obj (.econst:_SquatCfgVals)
                  0032340e    00000048     LCD.obj (.econst:_cgram)
                  00323456    00000040     Control.obj (.econst:.string)
                  00323496    00000037     Watchdog.obj (.econst:.string)
                  003234cd    00000001     --HOLE-- [fill = 0]
                  003234ce    00000030     screens_pt.obj (.econst:_d_exo_states)
                  003234fe    00000025     eeprom.obj (.econst:.string)
                  00323523    00000001     --HOLE-- [fill = 0]
                  00323524    00000023     bios.a28FP : utl_doab.o28FP (.econst)
                  00323547    00000001     --HOLE-- [fill = 0]
                  00323548    00000022                : utl_doer.o28FP (.econst)
                  0032356a    00000020     screens.obj (.econst:_squat_data)
                  0032358a    0000001e     Control.obj (.econst:_arrGains)
                  003235a8    0000001e     imu.obj (.econst:_imu_asynch_types)
                  003235c6    0000001a     nvmem.obj (.econst:_pMachStats)
                  003235e0    00000018     screens.obj (.econst:_SensorDisp)
                  003235f8    00000018     screens.obj (.econst:_SquatParamVal)
                  00323610    00000018     screens_pt.obj (.econst:_exoSubState_Walk)
                  00323628    00000018     nvmem.obj (.econst:_pSettings)
                  00323640    00000018     screens.obj (.econst:_strADCNames)
                  00323658    00000018     screens_mfg.obj (.econst:_strMainMenu)
                  00323670    00000018     screens.obj (.econst:_strSquatParam)
                  00323688    00000016     screens_pt.obj (.econst:_ParamVal)
                  0032369e    00000016     imu.obj (.econst:_imu_asynch_freqs)
                  003236b4    00000016     Spi.obj (.econst:_sRegName)
                  003236ca    00000015     screens.obj (.econst:_blankLine)
                  003236df    00000001     --HOLE-- [fill = 0]
                  003236e0    00000014     imu.obj (.econst:_imuSensorVar)
                  003236f4    00000014     Can.obj (.econst:_senID)
                  00323708    00000014     screens.obj (.econst:_strPoseNames)
                  0032371c    00000012     imu.obj (.econst:_imuRotMat)
                  0032372e    00000012     imu.obj (.econst:_imu_baudrates)
                  00323740    00000012     nvmem.obj (.econst:_pMachParams)
                  00323752    00000012     screens_pt.obj (.econst:_ptMenuTitles)
                  00323764    00000012     version.obj (.econst:_serNumIncrs)
                  00323776    00000012     LCD.obj (.econst:_strBuzzNames)
                  00323788    00000012     screens_pt.obj (.econst:_strTechMenuTitles)
                  0032379a    00000010     Spi.obj (.econst:_ADC_order)
                  003237aa    00000010     screens_pt.obj (.econst:_exoSubState_Stand)
                  003237ba    00000010     fpga.obj (.econst:_stgSer2Src)
                  003237ca    00000010     screens.obj (.econst:_strCalMenuTitles)
                  003237da    00000010     screens.obj (.econst:_strSqtTestData)
                  003237ea    00000010     fpga.obj (.econst)
                  003237fa    0000000e     error.obj (.econst:_strErrRespTest)
                  00323808    0000000c     screens.obj (.econst:_arrPressure)
                  00323814    0000000c     screens.obj (.econst:_arrThresh)
                  00323820    0000000c     LCD.obj (.econst:_displayValueFIncr)
                  0032382c    0000000c     mot.obj (.econst:_motStateCommnames)
                  00323838    0000000c     mot.obj (.econst:_pMotCommExec)
                  00323844    0000000c     screens.obj (.econst:_strSqtMenuTitles)
                  00323850    0000000c     screens.obj (.econst:_strThreshNames)
                  0032385c    0000000a     mot.obj (.econst:_motStateMasternames)
                  00323866    0000000a     mot.obj (.econst:_pMotMasterExec)
                  00323870    0000000a     screens_mfg.obj (.econst:_strElmoMotor)
                  0032387a    0000000a     Control.obj (.econst:_strGainSys)
                  00323884    0000000a     interlock.obj (.econst:_strPermisCatNames)
                  0032388e    00000008     screens.obj (.econst:_FootGainVal)
                  00323896    00000008     version.obj (.econst:_custNumIncrs)
                  0032389e    00000008     Can.obj (.econst:_elmoID)
                  003238a6    00000008     screens_pt.obj (.econst:_exoSubState_Emergency)
                  003238ae    00000008     screens_pt.obj (.econst:_exoSubState_Eval)
                  003238b6    00000008     screens_pt.obj (.econst:_exoSubState_Init)
                  003238be    00000008     screens_pt.obj (.econst:_exoSubState_KneeError)
                  003238c6    00000008     screens_pt.obj (.econst:_exoSubState_Pause)
                  003238ce    00000008     screens_pt.obj (.econst:_exoSubState_Sitting)
                  003238d6    00000008     screens_pt.obj (.econst:_exoSubState_SqtTest)
                  003238de    00000008     screens_pt.obj (.econst:_exoSubState_StandStill)
                  003238e6    00000008     screens_pt.obj (.econst:_exoSubState_Test)
                  003238ee    00000008     screens_pt.obj (.econst:_exoSubState_UltCtrl)
                  003238f6    00000008     bit_tests.obj (.econst:_sJointNamesLong)
                  003238fe    00000008     Spi.obj (.econst:_spi_adc_ch)
                  00323906    00000008     interlock.obj (.econst:_strClearCatNames)
                  0032390e    00000008     screens_mfg.obj (.econst:_strElmoJnt)
                  00323916    00000008     screens.obj (.econst:_strFootCal)
                  0032391e    00000008     screens.obj (.econst:_strFootGain)
                  00323926    00000008     bit_tests.obj (.econst:_strFootSensors)
                  0032392e    00000008     error.obj (.econst:_strJoints)
                  00323936    00000008     screens.obj (.econst:_strPTCalib)
                  0032393e    00000008     matrix_util.obj (.econst)
                  00323946    00000006     screens_pt.obj (.econst:_MethodVal)
                  0032394c    00000006     LCD.obj (.econst:_displayValueDIncr)
                  00323952    00000006     screens_mfg.obj (.econst:_strAdvFeatures)
                  00323958    00000006     screens_mfg.obj (.econst:_strElmoParam)
                  0032395e    00000006     Control.obj (.econst:_strGainSel)
                  00323964    00000005     nvmem.obj (.econst:_potencPolyFitX)
                  00323969    00000001     --HOLE-- [fill = 0]
                  0032396a    00000004     rts2800_fpu32.lib : acos.obj (.econst:_b$1)
                  0032396e    00000004                       : asin.obj (.econst:_c$1)
                  00323972    00000004                       : acos.obj (.econst:_c$2)
                  00323976    00000004     Can.obj (.econst:_configCmd)
                  0032397a    00000004     Can.obj (.econst:_configVal)
                  0032397e    00000004     eeprom.obj (.econst:_ee_addr_step)
                  00323982    00000004     imu.obj (.econst:_imu_accel_gains)
                  00323986    00000004     screens_pt.obj (.econst:_pilotIDIncrs)
                  0032398a    00000004     interlock.obj (.econst:_strLockStateNames)
                  0032398e    00000004     screens_mfg.obj (.econst:_strOnOffFlag)
                  00323992    00000004     Can.obj (.econst:_tPDO_mb)
                  00323996    00000004     Can.obj (.econst:_tPDO_mb_tq)
                  0032399a    00000004     imu.obj (.econst:_zerodata)
                  0032399e    00000004     bit_tests.obj (.econst)
                  003239a2    00000002     screens.obj (.econst:_SensorDispIMU)
                  003239a4    00000002     smb.obj (.econst:_driverIndex)
                  003239a6    00000002     bit_tests.obj (.econst:_jnts$48)
                  003239a8    00000002     screens_mfg.obj (.econst:_strAdvWalkParam)
                  003239aa    00000002     screens.obj (.econst:_strIMUNames)
                  003239ac    00000002     screens_mfg.obj (.econst:_strPhoneParam)
                  003239ae    00000001     bios.a28FP : tsk.o28FP (.econst)

.cinit     0    003239af    00001624     
                  003239af    000002fd     MEX_DSPcfg.obj (.cinit)
                  00323cac    000002de     bit.obj (.cinit)
                  00323f8a    0000026c     screens.obj (.cinit)
                  003241f6    00000260     screens_pt.obj (.cinit)
                  00324456    00000149     SensorCond.obj (.cinit)
                  0032459f    00000114     ReferenceGenerators.obj (.cinit)
                  003246b3    00000104     bit_tests.obj (.cinit)
                  003247b7    000000c8     screens_mfg.obj (.cinit)
                  0032487f    000000bd     LCD.obj (.cinit)
                  0032493c    000000bb     imu.obj (.cinit)
                  003249f7    000000a5     bios.a28FP : biosdata.o28FP (.cinit)
                  00324a9c    000000a2     StateMachines.obj (.cinit)
                  00324b3e    000000a0     bios.a28FP : knl.o28FP (.cinit)
                  00324bde    00000087     driver.obj (.cinit)
                  00324c65    00000070     Main_BIOS.obj (.cinit)
                  00324cd5    00000055     SCI.obj (.cinit)
                  00324d2a    0000004a     Spi.obj (.cinit)
                  00324d74    00000045     data_log.obj (.cinit)
                  00324db9    0000003c     nvmem.obj (.cinit)
                  00324df5    0000003b     Can.obj (.cinit)
                  00324e30    0000002e     bios.a28FP : tsk_stup.o28FP (.cinit)
                  00324e5e    0000002c                : tsk.o28FP (.cinit)
                  00324e8a    00000027     interlock.obj (.cinit)
                  00324eb1    00000025     Control.obj (.cinit)
                  00324ed6    00000025     error.obj (.cinit)
                  00324efb    00000018     fpga.obj (.cinit)
                  00324f13    00000018     version.obj (.cinit)
                  00324f2b    00000012     Pose.obj (.cinit)
                  00324f3d    00000010     languages.obj (.cinit)
                  00324f4d    00000010     mot.obj (.cinit)
                  00324f5d    0000000f     bios.a28FP : utl_putc.o28FP (.cinit)
                  00324f6c    0000000d     Watchdog.obj (.cinit)
                  00324f79    0000000c     eeprom.obj (.cinit)
                  00324f85    0000000b     bios.a28FP : knl_tick.o28FP (.cinit)
                  00324f90    0000000a                : sys.o28FP (.cinit)
                  00324f9a    0000000a     rts2800_fpu32.lib : _lock.obj (.cinit)
                  00324fa4    0000000a                       : exit.obj (.cinit)
                  00324fae    00000009     I2C.obj (.cinit)
                  00324fb7    00000008     smb.obj (.cinit)
                  00324fbf    00000005     Adc.obj (.cinit)
                  00324fc4    00000005     bios.a28FP : knl_swit.o28FP (.cinit)
                  00324fc9    00000004     DefaultIsr_BIOS.obj (.cinit)
                  00324fcd    00000004     rts2800_fpu32.lib : errno.obj (.cinit)
                  00324fd1    00000002     --HOLE-- [fill = 0]

.printf    0    003239af    00000051     COPY SECTION
                  003239af    00000051     MEX_DSPcfg.obj (.printf)

.bios      0    00324fd3    00000987     
                  00324fd3    0000017d     bios.a28FP : swi.o28FP (.bios)
                  00325150    00000129                : hwi_disp_asm.o28FP (.bios)
                  00325279    0000009e                : clk_run.o28FP (.bios)
                  00325317    00000097                : prd.o28FP (.bios)
                  003253ae    00000093                : sem_pend.o28FP (.bios:_SEM_pendEnterKnl)
                  00325441    00000088                : knl_run.o28FP (.bios:_KNL_run)
                  003254c9    00000077                : knl_tick.o28FP (.bios:__KNL_doTick)
                  00325540    0000006d                : tsk_setu.o28FP (.bios:_TSK_setup)
                  003255ad    00000063                : tsk_exit.o28FP (.bios:_TSK_exit)
                  00325610    00000063                : sem_dopo.o28FP (.bios:__SEM_dopost)
                  00325673    00000041                : knl_swit.o28FP (.bios)
                  003256b4    00000035                : clk.o28FP (.bios)
                  003256e9    00000034                : sem_post_asm.o28FP (.bios)
                  0032571d    00000033                : knl_chec.o28FP (.bios)
                  00325750    00000028                : tsk_stup.o28FP (.bios:_TSK_startup)
                  00325778    00000028                : clk_isr.o28FP (.bios)
                  003257a0    00000023                : sem_post.o28FP (.bios:_SEM_postEnterKnl)
                  003257c3    00000022                : knl_ipos.o28FP (.bios:_KNL_ipost)
                  003257e5    00000021                : sys_exit.o28FP (.bios:_SYS_exit)
                  00325806    00000020                : sts.o28FP (.bios)
                  00325826    0000001f                : knl_exit.o28FP (.bios:_KNL_enter)
                  00325845    0000001f                : tsk_stup.o28FP (.bios:_lock)
                  00325864    0000001f                : sem_pend_counting.o28FP (.bios)
                  00325883    0000001e                : log.o28FP (.bios)
                  003258a1    0000001c                : lck.o28FP (.bios:_LCK_pend)
                  003258bd    00000016                : knl_post.o28FP (.bios:_KNL_post)
                  003258d3    00000012                : fxn.o28FP (.bios)
                  003258e5    00000010                : utl_doab.o28FP (.bios:_UTL_doAbort)
                  003258f5    00000010                : utl_doer.o28FP (.bios:_UTL_doError)
                  00325905    0000000e                : lck.o28FP (.bios:_LCK_post)
                  00325913    0000000c                : knl_exit.o28FP (.bios:_KNL_exit)
                  0032591f    0000000c                : utl_putc.o28FP (.bios:_UTL_doPutc)
                  0032592b    0000000a                : hwi_c.o28FP (.bios)
                  00325935    00000009                : sys_abor.o28FP (.bios:_SYS_abort)
                  0032593e    00000006                : idl.o28FP (.bios)
                  00325944    00000005                : knl_tick.o28FP (.bios:_KNL_tick)
                  00325949    00000005                : tsk_stup.o28FP (.bios:_unlock)
                  0032594e    00000005                : log_event.o28FP (.bios)
                  00325953    00000003                : utl_halt.o28FP (.bios:_UTL_halt)
                  00325956    00000003                : gbl_vers.o28FP (.bios)
                  00325959    00000001                : fxn_c.o28FP (.bios:_FXN_F_nop)

secureRamFuncs 
*          0    0032595a    00000021     RUN ADDR = 0000c2bd
                  0032595a    00000021     Flash.obj (secureRamFuncs)

.switch    0    0032597c    0000018a     
                  0032597c    000000a4     data_log.obj (.switch)
                  00325a20    00000042     bit_tests.obj (.switch)
                  00325a62    0000002c     ReferenceGenerators.obj (.switch)
                  00325a8e    00000018     LCD.obj (.switch)
                  00325aa6    00000018     StateMachines.obj (.switch)
                  00325abe    00000018     languages.obj (.switch)
                  00325ad6    00000018     mot.obj (.switch)
                  00325aee    00000018     screens_mfg.obj (.switch)

.sysinit   0    00325b06    00000160     
                  00325b06    00000091     MEX_DSPcfg.obj (.sysinit)
                  00325b97    0000005e     bios.a28FP : boot.o28FP (.sysinit)
                  00325bf5    0000004e                : mem_init.o28FP (.sysinit:_MEM_init)
                  00325c43    00000023                : tsk_init.o28FP (.sysinit:_TSK_init)

internalMemFuncs 
*          0    00325c66    0000006f     
                  00325c66    0000006f     Xintf.obj (internalMemFuncs)

.trcdata   0    00325cd5    00000003     RUN ADDR = 0000c2de
                  00325cd5    00000003     MEX_DSPcfg.obj (.trcdata)

.gblinit   0    00325cd8    0000001d     
                  00325cd8    0000001d     MEX_DSPcfg.obj (.gblinit)

csm_rsvd   0    0033ff80    00000076     
                  0033ff80    00000076     Passwords.obj (csm_rsvd)

codestart 
*          0    0033fff6    00000002     
                  0033fff6    00000002     CodeStartBranch.obj (codestart)

passwords 
*          0    0033fff8    00000008     
                  0033fff8    00000008     Passwords.obj (passwords)

FPUmathTables 
*          0    003febdc    000006a0     NOLOAD SECTION
                  003febdc    000006a0     rts2800_fpu32_fast_supplement.lib : FPUmathTables.obj (FPUmathTables)

.stack     1    00000400    00000200     UNINITIALIZED
                  00000400    00000200     --HOLE--

DevEmuRegsFile 
*          1    00000880    000000d0     UNINITIALIZED
                  00000880    000000d0     DSP2833x_GlobalVariableDefs.obj (DevEmuRegsFile)

FlashRegsFile 
*          1    00000a80    00000008     UNINITIALIZED
                  00000a80    00000008     DSP2833x_GlobalVariableDefs.obj (FlashRegsFile)

CsmRegsFile 
*          1    00000ae0    00000010     UNINITIALIZED
                  00000ae0    00000010     DSP2833x_GlobalVariableDefs.obj (CsmRegsFile)

AdcMirrorFile 
*          1    00000b00    00000010     UNINITIALIZED
                  00000b00    00000010     DSP2833x_GlobalVariableDefs.obj (AdcMirrorFile)

XintfRegsFile 
*          1    00000b20    0000001e     UNINITIALIZED
                  00000b20    0000001e     DSP2833x_GlobalVariableDefs.obj (XintfRegsFile)

CpuTimer0RegsFile 
*          1    00000c00    00000008     UNINITIALIZED
                  00000c00    00000008     DSP2833x_GlobalVariableDefs.obj (CpuTimer0RegsFile)

CpuTimer1RegsFile 
*          1    00000c08    00000008     UNINITIALIZED
                  00000c08    00000008     DSP2833x_GlobalVariableDefs.obj (CpuTimer1RegsFile)

CpuTimer2RegsFile 
*          1    00000c10    00000008     UNINITIALIZED
                  00000c10    00000008     DSP2833x_GlobalVariableDefs.obj (CpuTimer2RegsFile)

PieCtrlRegsFile 
*          1    00000ce0    0000001a     UNINITIALIZED
                  00000ce0    0000001a     DSP2833x_GlobalVariableDefs.obj (PieCtrlRegsFile)

ECanaRegsFile 
*          1    00006000    00000034     UNINITIALIZED
                  00006000    00000034     DSP2833x_GlobalVariableDefs.obj (ECanaRegsFile)

ECanaLAMRegsFile 
*          1    00006040    00000040     UNINITIALIZED
                  00006040    00000040     DSP2833x_GlobalVariableDefs.obj (ECanaLAMRegsFile)

ECanaMOTSRegsFile 
*          1    00006080    00000040     UNINITIALIZED
                  00006080    00000040     DSP2833x_GlobalVariableDefs.obj (ECanaMOTSRegsFile)

ECanaMOTORegsFile 
*          1    000060c0    00000040     UNINITIALIZED
                  000060c0    00000040     DSP2833x_GlobalVariableDefs.obj (ECanaMOTORegsFile)

ECanaMboxesFile 
*          1    00006100    00000100     UNINITIALIZED
                  00006100    00000100     DSP2833x_GlobalVariableDefs.obj (ECanaMboxesFile)

ECanbRegsFile 
*          1    00006200    00000034     UNINITIALIZED
                  00006200    00000034     DSP2833x_GlobalVariableDefs.obj (ECanbRegsFile)

ECanbLAMRegsFile 
*          1    00006240    00000040     UNINITIALIZED
                  00006240    00000040     DSP2833x_GlobalVariableDefs.obj (ECanbLAMRegsFile)

ECanbMOTSRegsFile 
*          1    00006280    00000040     UNINITIALIZED
                  00006280    00000040     DSP2833x_GlobalVariableDefs.obj (ECanbMOTSRegsFile)

ECanbMOTORegsFile 
*          1    000062c0    00000040     UNINITIALIZED
                  000062c0    00000040     DSP2833x_GlobalVariableDefs.obj (ECanbMOTORegsFile)

ECanbMboxesFile 
*          1    00006300    00000100     UNINITIALIZED
                  00006300    00000100     DSP2833x_GlobalVariableDefs.obj (ECanbMboxesFile)

GpioCtrlRegsFile 
*          1    00006f80    0000002e     UNINITIALIZED
                  00006f80    0000002e     DSP2833x_GlobalVariableDefs.obj (GpioCtrlRegsFile)

GpioDataRegsFile 
*          1    00006fc0    00000020     UNINITIALIZED
                  00006fc0    00000020     DSP2833x_GlobalVariableDefs.obj (GpioDataRegsFile)

GpioIntRegsFile 
*          1    00006fe0    0000000a     UNINITIALIZED
                  00006fe0    0000000a     DSP2833x_GlobalVariableDefs.obj (GpioIntRegsFile)

SysCtrlRegsFile 
*          1    00007010    00000020     UNINITIALIZED
                  00007010    00000020     DSP2833x_GlobalVariableDefs.obj (SysCtrlRegsFile)

SpiaRegsFile 
*          1    00007040    00000010     UNINITIALIZED
                  00007040    00000010     DSP2833x_GlobalVariableDefs.obj (SpiaRegsFile)

SciaRegsFile 
*          1    00007050    00000010     UNINITIALIZED
                  00007050    00000010     DSP2833x_GlobalVariableDefs.obj (SciaRegsFile)

XIntruptRegsFile 
*          1    00007070    00000010     UNINITIALIZED
                  00007070    00000010     DSP2833x_GlobalVariableDefs.obj (XIntruptRegsFile)

AdcRegsFile 
*          1    00007100    0000001e     UNINITIALIZED
                  00007100    0000001e     DSP2833x_GlobalVariableDefs.obj (AdcRegsFile)

ScibRegsFile 
*          1    00007750    00000010     UNINITIALIZED
                  00007750    00000010     DSP2833x_GlobalVariableDefs.obj (ScibRegsFile)

ScicRegsFile 
*          1    00007770    00000010     UNINITIALIZED
                  00007770    00000010     DSP2833x_GlobalVariableDefs.obj (ScicRegsFile)

I2caRegsFile 
*          1    00007900    00000022     UNINITIALIZED
                  00007900    00000022     DSP2833x_GlobalVariableDefs.obj (I2caRegsFile)

.L4SARAM$heap 
*          1    0000e000    00000200     UNINITIALIZED
                  0000e000    00000200     --HOLE--

.sem       1    0000e800    00000056     UNINITIALIZED
                  0000e800    00000056     MEX_DSPcfg.obj (.sem)

.pip       1    0000e800    00000000     UNINITIALIZED

.swi       1    0000e856    00000028     UNINITIALIZED
                  0000e856    00000028     MEX_DSPcfg.obj (.swi)

.clk       1    0000e87e    00000004     UNINITIALIZED
                  0000e87e    00000004     MEX_DSPcfg.obj (.clk)

.idl       1    0000e882    00000002     UNINITIALIZED
                  0000e882    00000002     MEX_DSPcfg.obj (.idl)

.idlcal    1    0000e884    00000002     UNINITIALIZED
                  0000e884    00000002     MEX_DSPcfg.obj (.idlcal)

.bss       1    0000f000    00000000     UNINITIALIZED

.hwi_disp_sec 
*          1    0000f000    00000301     UNINITIALIZED
                  0000f000    00000301     bios.a28FP : hwi_disp_asm.o28FP (.hwi_disp_sec)

.hst       1    0000f000    00000000     UNINITIALIZED

.trace     1    0000f301    00000100     
                  0000f301    00000100     --HOLE-- [fill = 0000]

.mem       1    0000f401    00000001     UNINITIALIZED
                  0000f401    00000001     MEX_DSPcfg.obj (.mem)

.sysdata   1    0000f402    000000a2     UNINITIALIZED
                  0000f402    000000a2     bios.a28FP : biosdata.o28FP (.sysdata)

.sts       1    0000f4a4    00000018     UNINITIALIZED
                  0000f4a4    00000018     MEX_DSPcfg.obj (.sts)

.args      1    0000f4bc    00000004     
                  0000f4bc    00000004     --HOLE-- [fill = 0]

.trace$buf 
*          1    0000f4c0    00000040     UNINITIALIZED
                  0000f4c0    00000040     MEX_DSPcfg.obj (.trace$buf)

.LOG_system$buf 
*          1    0000f500    00000080     UNINITIALIZED
                  0000f500    00000080     MEX_DSPcfg.obj (.LOG_system$buf)

.log       1    0000f580    00000014     UNINITIALIZED
                  0000f580    00000014     MEX_DSPcfg.obj (.log)

.prd       1    0000f594    0000000c     UNINITIALIZED
                  0000f594    0000000c     MEX_DSPcfg.obj (.prd)

.sys       1    0000f5a0    00000008     UNINITIALIZED
                  0000f5a0    00000008     MEX_DSPcfg.obj (.sys)

sec_L7SARAM 
*          1    0000f800    00000300     UNINITIALIZED
                  0000f800    00000300     Main_BIOS.obj (sec_L7SARAM)

.TSK_idle$stk 
*          1    0000fb00    00000100     UNINITIALIZED
                  0000fb00    00000100     MEX_DSPcfg.obj (.TSK_idle$stk)

.tsk       1    0000fc00    000000ea     UNINITIALIZED
                  0000fc00    000000ea     MEX_DSPcfg.obj (.tsk)

sec_EXTRAM 
*          1    00200000    00005db8     UNINITIALIZED
                  00200000    00002f4c     strings_pt.obj (sec_EXTRAM)
                  00202f4c    00000034     --HOLE--
                  00202f80    00001cd0     matrix_util.obj (sec_EXTRAM)
                  00204c50    00000030     --HOLE--
                  00204c80    00001138     nvmem.obj (sec_EXTRAM)

PartIdRegsFile 
*          1    00380090    00000001     UNINITIALIZED
                  00380090    00000001     DSP2833x_GlobalVariableDefs.obj (PartIdRegsFile)

CsmPwlFile 
*          1    003f7ff8    00000008     UNINITIALIZED
                  003f7ff8    00000008     DSP2833x_GlobalVariableDefs.obj (CsmPwlFile)


GLOBAL SYMBOLS: SORTED ALPHABETICALLY BY Name 

address    name
--------   ----
0000f000   .bss
00300000   .data
00300100   .text
ffffffff   ADC_CAL
ffffffff   BEGIN_FLASH
ffffffff   BEGIN_M0
00000014   BIOSDATA_O_CLK_D_COUNTSPMS
0000000e   BIOSDATA_O_CLK_D_DIRTY
00000016   BIOSDATA_O_CLK_D_IDLETIME
00000018   BIOSDATA_O_CLK_D_ISRHOOK
00000010   BIOSDATA_O_CLK_D_PRD
0000001a   BIOSDATA_O_CLK_D_TABBEG
00000012   BIOSDATA_O_CLK_D_TDDR
0000001c   BIOSDATA_O_CLK_D_TIMEFXN
00000006   BIOSDATA_O_CLK_HTIMEDIV
00000008   BIOSDATA_O_CLK_HTIMEMULT
0000000a   BIOSDATA_O_CLK_LTIMEDIV
0000000c   BIOSDATA_O_CLK_LTIMEMULT
0000001e   BIOSDATA_O_CLK_R_TIMH
0000001f   BIOSDATA_O_CLK_R_TIML
00000002   BIOSDATA_O_GBL_CLKIN
00000004   BIOSDATA_O_GBL_FREQ
00000000   BIOSDATA_O_GBL_PROCID
00000020   BIOSDATA_O_HST_D_CHANMASK
00000088   BIOSDATA_O_HWI_D_STKBOTTOMADDR
0000008a   BIOSDATA_O_HWI_D_STKTOPADDR
00000022   BIOSDATA_O_IDL_D_CALBEG
00000024   BIOSDATA_O_IDL_D_CALIBRATE
00000026   BIOSDATA_O_IDL_D_TABBEG
00000028   BIOSDATA_O_LOG_D_SYSTEM
00000090   BIOSDATA_O_MEM_D_FREELIST
00000092   BIOSDATA_O_MEM_D_LOCKADDR
0000008e   BIOSDATA_O_MEM_D_MEMTAB
0000008d   BIOSDATA_O_MEM_D_NUMSEGMENTS
00000094   BIOSDATA_O_MEM_D_UNLOCKADDR
0000002a   BIOSDATA_O_PIP_D_TABBEG
0000002c   BIOSDATA_O_PIP_D_TABLEN
0000002e   BIOSDATA_O_PRD_D_CUR
00000030   BIOSDATA_O_PRD_D_ELAPSED
00000031   BIOSDATA_O_PRD_D_PREVTIM
00000032   BIOSDATA_O_PRD_D_SCALAR
00000034   BIOSDATA_O_PRD_D_SWIHANDLE
00000036   BIOSDATA_O_PRD_D_TABBEG
00000038   BIOSDATA_O_PRD_D_TABLEN
0000003a   BIOSDATA_O_PRD_D_THOOK
0000003c   BIOSDATA_O_PRD_D_TICKH
0000003d   BIOSDATA_O_PRD_D_TICKL
00000046   BIOSDATA_O_SWI_D_CURFXN
00000042   BIOSDATA_O_SWI_D_CURMASK
00000045   BIOSDATA_O_SWI_D_CURMBOX
00000043   BIOSDATA_O_SWI_D_CURSET
00000040   BIOSDATA_O_SWI_D_EXECADDR
00000044   BIOSDATA_O_SWI_D_LOCK
00000048   BIOSDATA_O_SWI_D_RDYBEG
0000004a   BIOSDATA_O_SWI_D_RDYTAB
0000003e   BIOSDATA_O_SWI_D_RUNADDR
00000096   BIOSDATA_O_SYS
00325b06   BIOS_init
00325b67   BIOS_start
ffffffff   BOOTROM
00000000   BUF$
00000001   BUF_ENABLED
0000e81c   Bkg_SEM
0000fc86   BkgndFuncs
0000fc80   BkgndFuncs$obj
00000003   BkgndFuncs$ord
00000002   BkgndFuncs$pri
00000000   BkgndFuncs$tsk
00319171   C$$EXIT
0000f402   C28_BIOSDATAOBJ
00000001   CLK$
0000e87e   CLK_A_TABBEG
00000001   CLK_CALDIV
00000001   CLK_CALMULT
0000c350   CLK_COUNTSPMS
00000000   CLK_COUNTSPMSHIGH
0000f418   CLK_D_idletime
0000f41a   CLK_D_isrhook
0000f41c   CLK_D_tabbeg
0000f41e   CLK_D_timefxn
00000000   CLK_FREERUN
003256b4   CLK_F_getfhtime
003256bc   CLK_F_gethtime
003256dd   CLK_F_getltime
003256bc   CLK_F_getshtime
00325778   CLK_F_isr
003256e1   CLK_F_itime
00325279   CLK_F_run
00325279   CLK_HOOKFXN
00000001   CLK_HTIMEDIV
00000003   CLK_HTIMEMULT
0000c350   CLK_HTIMEPERLTIME
00000001   CLK_LTIMEDIV
000249f0   CLK_LTIMEMULT
000003e8   CLK_MICROSECS
0000e880   CLK_NULL
0000c34f   CLK_PRD
00000000   CLK_PRDHIGH
00000c10   CLK_REGS
0000f420   CLK_R_timh
0000f421   CLK_R_timl
00000022   CLK_TCR
00000002   CLK_TDDR
00000000   CLK_TDDRHIGH
003256bc   CLK_TIMEFXN
00000000   CLK_TIMERNUM
00000001   CLK_USETIMER
ffffffff   CSM_RSVD
0000f594   Control
0000f59e   Control$aaa
00000000   Control$mode
00000003   Control$ord
00000002   Control$period
00000000   Control$prd
0000f4a6   Control$sts
003239c1   Control$sts$avgfmt
00000000   Control$sts$filter
003239af   Control$sts$maxfmt
0000f4a4   Control$sts$stsobj
003239b8   Control$sts$sumfmt
00000002   Control$sts$unittype
0000fc46   CtrlCalcs
0000fc40   CtrlCalcs$obj
00000002   CtrlCalcs$ord
0000000d   CtrlCalcs$pri
00000000   CtrlCalcs$tsk
0000e806   CtrlOnce_SEM
00000000   DEV$
00000000   DGN$
00000000   DHL$
00000000   DHL_gChannelsAvailable
00000000   DIO$
00000000   DIO_NUMSWIBASE
00000000   DIO_NUMTSKBASE
00000000   DIO_STATIC
00000000   DPI$
00318b86   FD$$ADD
00319065   FD$$CMP
00318c22   FD$$DIV
00318cad   FD$$MPY
003191f6   FD$$NEG
003191b3   FD$$SUB
0031908f   FD$$TOFS
ffffffff   FLASH_ABCDEFGH
ffffffff   FPUTABLES
0031918a   FS$$DIV
00319155   FS$$TOFD
003258d3   FXN_F_nop
003258d4   FXN_F_run
003258e4   FXN_F_selfLoop
003258e2   FXN_F_zero
00000001   GBL$
00005205   GBL_A_VERSION
00000000   GBL_CALLCSLCFGINIT
00007530   GBL_CLKIN
00006e8c   GBL_DSPSUBTYPE
0000001c   GBL_DSPTYPE
00000000   GBL_ENABLEINST
00000042   GBL_FOOTPRINT
000249f0   GBL_FREQ
00000001   GBL_LARGEMODEL
00000000   GBL_MODIFYPLLCR
00000000   GBL_NULL
0000000a   GBL_PLLCR
00000002   GBL_PLLDIV
00000002   GBL_PLLSTS
00020000   GBL_PLLWAITCYCLE
00000000   GBL_PROCID
00000000   GBL_ROM
00000000   GBL_SUPPORTCSL
0000dbef   GBL_TRCMASKVALUE
00000001   GBL_USERINIT
0031758b   GBL_USERINITFXN
00325959   GBL_USERLIMPMODEABORTFXN
00000001   GBL_boot
0000c2e0   GBL_initdone
00000400   GBL_stackbeg
000005ff   GBL_stackend
00000000   GIO$
00325959   GIO_CREATEFXN
00325959   GIO_DELETEFXN
00325959   GIO_PENDFXN
00325959   GIO_POSTFXN
00000000   HOOK$
00000000   HOOK_KNLID
00000000   HST$
0000f000   HST_A_TABBEG
0000f000   HST_A_TABEND
00000000   HST_DSM
ffffffff   HST_DSMBUFSEG
00000400   HST_DSMMEMSIZE
0000f422   HST_D_chanmask
0000f49a   HST_D_tabbegaddr
0000f49c   HST_D_tabendaddr
00000100   HST_MAXFRAMEALLOWED
00000000   HST_MAXFRAMESET
00000001   HST_NONE
00000000   HST_RTDX
00000001   HWI$
0000000f   HWI_DLOG
00000000   HWI_DLOG$hwi
0000f48e   HWI_D_inhwi
0000f489   HWI_D_spsave
0000f48a   HWI_D_stkbottomaddr
0000f48c   HWI_D_stktopaddr
00325157   HWI_F_dispatch
00000013   HWI_ILLEGAL
00000000   HWI_ILLEGAL$hwi
00000001   HWI_INT1
00000000   HWI_INT1$hwi
0000000a   HWI_INT10
00000000   HWI_INT10$hwi
0000000b   HWI_INT11
00000000   HWI_INT11$hwi
0000000c   HWI_INT12
00000000   HWI_INT12$hwi
0000000d   HWI_INT13
00000000   HWI_INT13$hwi
00000002   HWI_INT2
00000000   HWI_INT2$hwi
00000003   HWI_INT3
00000000   HWI_INT3$hwi
00000004   HWI_INT4
00000000   HWI_INT4$hwi
00000005   HWI_INT5
00000000   HWI_INT5$hwi
00000006   HWI_INT6
00000000   HWI_INT6$hwi
00000007   HWI_INT7
00000000   HWI_INT7$hwi
00000008   HWI_INT8
00000000   HWI_INT8$hwi
00000009   HWI_INT9
00000000   HWI_INT9$hwi
00000012   HWI_NMI
00000000   HWI_NMI$hwi
00000001   HWI_PIESELECT
00000011   HWI_RESERVED
00000000   HWI_RESERVED$hwi
00000000   HWI_RESET
00000000   HWI_RESET$hwi
00000010   HWI_RTOS
00000000   HWI_RTOS$hwi
0000000e   HWI_TINT
00000000   HWI_TINT$hwi
00000014   HWI_USER1
00000000   HWI_USER1$hwi
0000001d   HWI_USER10
00000000   HWI_USER10$hwi
0000001e   HWI_USER11
00000000   HWI_USER11$hwi
0000001f   HWI_USER12
00000000   HWI_USER12$hwi
00000015   HWI_USER2
00000000   HWI_USER2$hwi
00000016   HWI_USER3
00000000   HWI_USER3$hwi
00000017   HWI_USER4
00000000   HWI_USER4$hwi
00000018   HWI_USER5
00000000   HWI_USER5$hwi
00000019   HWI_USER6
00000000   HWI_USER6$hwi
0000001a   HWI_USER7
00000000   HWI_USER7$hwi
0000001b   HWI_USER8
00000000   HWI_USER8$hwi
0000001c   HWI_USER9
00000000   HWI_USER9$hwi
00000001   HWI_VMAPSELECT
003190b2   I$$DIV
003190c3   I$$MOD
00000000   IDL$
0000e884   IDL_A_CALBEG
0000e882   IDL_A_TABBEG
00000000   IDL_CALIBRERROR
00000000   IDL_CALIBRFXN
0000f424   IDL_D_calbeg
0000f426   IDL_D_calibrate
0000f428   IDL_D_tabbeg
0000e882   IDL_END
0000e884   IDL_END$
0032593e   IDL_F_loop
00000000   IDL_USECLKIDLTIME
ffffffff   IQTABLES
ffffffff   IQTABLES2
00325690   KNL_glue
0000e86a   KNL_swi
00000001   KNL_swi$dorta
00000002   KNL_swi$ord
00000000   KNL_swi$pri
0000f4b6   KNL_swi$sts
003239f6   KNL_swi$sts$avgfmt
00000002   KNL_swi$sts$filter
00000001   KNL_swi$sts$filtmaxmult
00000001   KNL_swi$sts$filtsummult
003239e6   KNL_swi$sts$maxfmt
0000f4b4   KNL_swi$sts$stsobj
003239ee   KNL_swi$sts$sumfmt
00000000   KNL_swi$sts$unittype
00000000   KNL_swi$swi
0032569a   KNL_tick_stub
ffffffff   L0123SARAM
ffffffff   L47SARAM
0000c287   L4SARAM
0000e000   L4SARAM$B
00000200   L4SARAM$L
ffffffff   L5SARAM
ffffffff   L6SARAM
ffffffff   L7SARAM
00000001   LCK$
00000001   LOG$
0000f580   LOG_A_TABBEG
0000f594   LOG_A_TABEND
00000002   LOG_A_TABLEN
0000f42a   LOG_D_system
00000001   LOG_ENABLED
00325883   LOG_F_event
0000f580   LOG_system
0000f500   LOG_system$buf
00000000   LOG_system$datatype
00000000   LOG_system$log
00000080   LOG_system$size
ffffffff   M0SARAM
ffffffff   M1SARAM
00000000   MBX$
00000001   MEM$
0000c287   MEM_MALLOCSEG
00000000   MEM_NULL
0000c287   MEM_SEGZERO
00000001   MEM_gNumHeap
00000000   MSGQ$
00000000   MSGQ_USEMSGQ
00000000   OBJ$
ffffffff   OTP
ffffffff   PASSWORDS
00000001   PIE$
ffffffff   PIEVECT
00000068   PIE_INT10_1
00000000   PIE_INT10_1$hwi
00000069   PIE_INT10_2
00000000   PIE_INT10_2$hwi
0000006a   PIE_INT10_3
00000000   PIE_INT10_3$hwi
0000006b   PIE_INT10_4
00000000   PIE_INT10_4$hwi
0000006c   PIE_INT10_5
00000000   PIE_INT10_5$hwi
0000006d   PIE_INT10_6
00000000   PIE_INT10_6$hwi
0000006e   PIE_INT10_7
00000000   PIE_INT10_7$hwi
0000006f   PIE_INT10_8
00000000   PIE_INT10_8$hwi
00000070   PIE_INT11_1
00000000   PIE_INT11_1$hwi
00000071   PIE_INT11_2
00000000   PIE_INT11_2$hwi
00000072   PIE_INT11_3
00000000   PIE_INT11_3$hwi
00000073   PIE_INT11_4
00000000   PIE_INT11_4$hwi
00000074   PIE_INT11_5
00000000   PIE_INT11_5$hwi
00000075   PIE_INT11_6
00000000   PIE_INT11_6$hwi
00000076   PIE_INT11_7
00000000   PIE_INT11_7$hwi
00000077   PIE_INT11_8
00000000   PIE_INT11_8$hwi
00000078   PIE_INT12_1
00000000   PIE_INT12_1$hwi
00000079   PIE_INT12_2
00000000   PIE_INT12_2$hwi
0000007a   PIE_INT12_3
00000000   PIE_INT12_3$hwi
0000007b   PIE_INT12_4
00000000   PIE_INT12_4$hwi
0000007c   PIE_INT12_5
00000000   PIE_INT12_5$hwi
0000007d   PIE_INT12_6
00000000   PIE_INT12_6$hwi
0000007e   PIE_INT12_7
00000000   PIE_INT12_7$hwi
0000007f   PIE_INT12_8
00000000   PIE_INT12_8$hwi
00000020   PIE_INT1_1
00000000   PIE_INT1_1$hwi
00000021   PIE_INT1_2
00000000   PIE_INT1_2$hwi
00000022   PIE_INT1_3
00000000   PIE_INT1_3$hwi
00000023   PIE_INT1_4
00000000   PIE_INT1_4$hwi
00000024   PIE_INT1_5
00000000   PIE_INT1_5$hwi
00000025   PIE_INT1_6
00000000   PIE_INT1_6$hwi
00000026   PIE_INT1_7
00000000   PIE_INT1_7$hwi
00000027   PIE_INT1_8
00000000   PIE_INT1_8$hwi
00000028   PIE_INT2_1
00000000   PIE_INT2_1$hwi
00000029   PIE_INT2_2
00000000   PIE_INT2_2$hwi
0000002a   PIE_INT2_3
00000000   PIE_INT2_3$hwi
0000002b   PIE_INT2_4
00000000   PIE_INT2_4$hwi
0000002c   PIE_INT2_5
00000000   PIE_INT2_5$hwi
0000002d   PIE_INT2_6
00000000   PIE_INT2_6$hwi
0000002e   PIE_INT2_7
00000000   PIE_INT2_7$hwi
0000002f   PIE_INT2_8
00000000   PIE_INT2_8$hwi
00000030   PIE_INT3_1
00000000   PIE_INT3_1$hwi
00000031   PIE_INT3_2
00000000   PIE_INT3_2$hwi
00000032   PIE_INT3_3
00000000   PIE_INT3_3$hwi
00000033   PIE_INT3_4
00000000   PIE_INT3_4$hwi
00000034   PIE_INT3_5
00000000   PIE_INT3_5$hwi
00000035   PIE_INT3_6
00000000   PIE_INT3_6$hwi
00000036   PIE_INT3_7
00000000   PIE_INT3_7$hwi
00000037   PIE_INT3_8
00000000   PIE_INT3_8$hwi
00000038   PIE_INT4_1
00000000   PIE_INT4_1$hwi
00000039   PIE_INT4_2
00000000   PIE_INT4_2$hwi
0000003a   PIE_INT4_3
00000000   PIE_INT4_3$hwi
0000003b   PIE_INT4_4
00000000   PIE_INT4_4$hwi
0000003c   PIE_INT4_5
00000000   PIE_INT4_5$hwi
0000003d   PIE_INT4_6
00000000   PIE_INT4_6$hwi
0000003e   PIE_INT4_7
00000000   PIE_INT4_7$hwi
0000003f   PIE_INT4_8
00000000   PIE_INT4_8$hwi
00000040   PIE_INT5_1
00000000   PIE_INT5_1$hwi
00000041   PIE_INT5_2
00000000   PIE_INT5_2$hwi
00000042   PIE_INT5_3
00000000   PIE_INT5_3$hwi
00000043   PIE_INT5_4
00000000   PIE_INT5_4$hwi
00000044   PIE_INT5_5
00000000   PIE_INT5_5$hwi
00000045   PIE_INT5_6
00000000   PIE_INT5_6$hwi
00000046   PIE_INT5_7
00000000   PIE_INT5_7$hwi
00000047   PIE_INT5_8
00000000   PIE_INT5_8$hwi
00000048   PIE_INT6_1
00000000   PIE_INT6_1$hwi
00000049   PIE_INT6_2
00000000   PIE_INT6_2$hwi
0000004a   PIE_INT6_3
00000000   PIE_INT6_3$hwi
0000004b   PIE_INT6_4
00000000   PIE_INT6_4$hwi
0000004c   PIE_INT6_5
00000000   PIE_INT6_5$hwi
0000004d   PIE_INT6_6
00000000   PIE_INT6_6$hwi
0000004e   PIE_INT6_7
00000000   PIE_INT6_7$hwi
0000004f   PIE_INT6_8
00000000   PIE_INT6_8$hwi
00000050   PIE_INT7_1
00000000   PIE_INT7_1$hwi
00000051   PIE_INT7_2
00000000   PIE_INT7_2$hwi
00000052   PIE_INT7_3
00000000   PIE_INT7_3$hwi
00000053   PIE_INT7_4
00000000   PIE_INT7_4$hwi
00000054   PIE_INT7_5
00000000   PIE_INT7_5$hwi
00000055   PIE_INT7_6
00000000   PIE_INT7_6$hwi
00000056   PIE_INT7_7
00000000   PIE_INT7_7$hwi
00000057   PIE_INT7_8
00000000   PIE_INT7_8$hwi
00000058   PIE_INT8_1
00000000   PIE_INT8_1$hwi
00000059   PIE_INT8_2
00000000   PIE_INT8_2$hwi
0000005a   PIE_INT8_3
00000000   PIE_INT8_3$hwi
0000005b   PIE_INT8_4
00000000   PIE_INT8_4$hwi
0000005c   PIE_INT8_5
00000000   PIE_INT8_5$hwi
0000005d   PIE_INT8_6
00000000   PIE_INT8_6$hwi
0000005e   PIE_INT8_7
00000000   PIE_INT8_7$hwi
0000005f   PIE_INT8_8
00000000   PIE_INT8_8$hwi
00000060   PIE_INT9_1
00000000   PIE_INT9_1$hwi
00000061   PIE_INT9_2
00000000   PIE_INT9_2$hwi
00000062   PIE_INT9_3
00000000   PIE_INT9_3$hwi
00000063   PIE_INT9_4
00000000   PIE_INT9_4$hwi
00000064   PIE_INT9_5
00000000   PIE_INT9_5$hwi
00000065   PIE_INT9_6
00000000   PIE_INT9_6$hwi
00000066   PIE_INT9_7
00000000   PIE_INT9_7$hwi
00000067   PIE_INT9_8
00000000   PIE_INT9_8$hwi
00000000   PIP$
0000e800   PIP_A_TABBEG
0000e800   PIP_A_TABEND
00000000   PIP_A_TABLEN
0000f42c   PIP_D_tabbeg
0000f42e   PIP_D_tablen
00000032   PIP_OBJSIZE
00000000   PIP_gNextId
00000000   PIP_gNumEmbed
00000000   POOL$
00000000   POOL_USEPOOL
00000001   PRD$
0000f594   PRD_A_TABBEG
0000f5a0   PRD_A_TABEND
00000001   PRD_A_TABLEN
0000f430   PRD_D_cur
0000f432   PRD_D_elapsed
0000f433   PRD_D_prevtim
0000f434   PRD_D_scalar
0000f436   PRD_D_swihandle
0000f438   PRD_D_tabbeg
0000f43a   PRD_D_tablen
0000f43c   PRD_D_thook
0000f43e   PRD_D_tickh
0000f43f   PRD_D_tickl
00325317   PRD_F_swi
00325386   PRD_F_tick
00000002   PRD_SCALAR
0000e856   PRD_SWIHANDLE
0032569a   PRD_THOOKFXN
0000e87e   PRD_clock
0000e856   PRD_swi
00000001   PRD_swi$dorta
00000001   PRD_swi$ord
00000001   PRD_swi$pri
0000f4ae   PRD_swi$sts
003239dc   PRD_swi$sts$avgfmt
00000002   PRD_swi$sts$filter
00000001   PRD_swi$sts$filtmaxmult
00000001   PRD_swi$sts$filtsummult
003239cc   PRD_swi$sts$maxfmt
0000f4ac   PRD_swi$sts$stsobj
003239d4   PRD_swi$sts$sumfmt
00000000   PRD_swi$sts$unittype
00000000   PRD_swi$swi
00000001   QUE$
0000c288   RTA_fromHost$buf
00000000   RTDX$
00000102   RTDX_BUFMEMSIZE
ffffffff   RTDX_DATAMEMSEG
0000f49e   RTDX_D_BufRead
0000f4a0   RTDX_D_BufWrite
0000f4a2   RTDX_D_Poll
00000000   RTDX_MODE
00000000   RTDX_USERTDX
00000000   RTDX_USERTEXECUTION
00000001   SEM$
00000000   SIO$
00000000   STS$
0000f4a4   STS_A_TABBEG
0000f4bc   STS_A_TABEND
00325812   STS_F_add
00325806   STS_F_delta
0032581e   STS_F_reset
00000001   SWI$
0000e856   SWI_A_TABBEG
0000e87e   SWI_A_TABEND
00000002   SWI_A_TABLEN
0000f448   SWI_D_curfxn
0000f444   SWI_D_curmask
0000f447   SWI_D_curmbox
0000f445   SWI_D_curset
0000f442   SWI_D_execaddr
0000f488   SWI_D_inswi
0000f446   SWI_D_lock
0000f44a   SWI_D_rdybeg
0000f44c   SWI_D_rdytab
0000f440   SWI_D_runaddr
00000000   SWI_EHOOKFXN
00325042   SWI_EXECFXN
00324fd3   SWI_F_enable
00325042   SWI_F_exec
0032501e   SWI_F_exec_sync
00324fe7   SWI_F_post
0032508f   SWI_F_run
00000000   SWI_IHOOKFXN
0032508f   SWI_RUNFXN
00000001   SYS$
0000f5a0   SYS$config
003258e5   SYS_ABORTFXN
003258f5   SYS_ERRORFXN
00325953   SYS_EXITFXN
0032591f   SYS_PUTCFXN
0000fcc6   SlowCalcs
0000fcc0   SlowCalcs$obj
00000004   SlowCalcs$ord
00000001   SlowCalcs$pri
00000000   SlowCalcs$tsk
0000e846   SlowCalcs_SEM
00004000   TRC_GBLTARG
0000c2df   TRC_R_mask
0000c2de   TRC_cinit
00000001   TSK$
00000000   TSK_NUM_HOOKS
00000001   TSK_PRIORITY
00000000   TSK_READYFXN
0000c287   TSK_STACKSEG
00000080   TSK_STACKSIZE
00000000   TSK_SWITCHFXN
00325959   TSK_VCREATEFXN
00325959   TSK_VDELETEFXN
00325959   TSK_VEXITFXN
0000c2ac   TSK_config
0000fc06   TSK_idle
0000fc00   TSK_idle$obj
00000001   TSK_idle$ord
00000000   TSK_idle$pri
0000fb00   TSK_idle$stack
0000fb00   TSK_idle$stkptr
00000000   TSK_idle$tsk
003191ce   U$$DIV
003191d3   U$$MOD
00000000   UDEV$
ffffffff   ZONE7
00300d90   _ADCINT_ISR
ffffffff   _ADC_CAL
00318b82   _ADC_getRandomNum
00318b5a   _ADC_initRandomNum
00000b00   _AdcMirror
00007100   _AdcRegs
ffffffff   _BEGIN_FLASH
ffffffff   _BEGIN_M0
00325b06   _BIOS_init
00325b67   _BIOS_start
0031149b   _BIT_InitAngleLimits
0030fc99   _BIT_InitRangeLimits
0031617a   _BIT_allEnabled
00315e62   _BIT_disable
00315e3a   _BIT_enable
00308816   _BIT_getPotADCIndex
00316133   _BIT_init
00308c18   _BIT_initTests
0030fc6f   _BIT_initerrCnt
0030fc4c   _BIT_initerrVal
00316117   _BIT_isEnabled
003160b7   _BIT_postEEread
00316078   _BIT_preEEwrite
00315f4a   _BIT_process
00315e84   _BIT_run
00315f24   _BIT_start
00308a6d   _BITc_BatteryCheck
00308a6c   _BITc_BatteryClear
003089cf   _BITc_BrakeCheck
003089ce   _BITc_BrakeClear
0030892c   _BITc_ControlTimeCheck
0030891c   _BITc_ControlTimeClear
003088fe   _BITc_FastSensorClear
0030882e   _BITc_FastSensorRanges
003084c8   _BITc_FeedbackCheck
0030845f   _BITc_FeedbackClear
00308444   _BITc_HMISensorCheck
00308440   _BITc_HMISensorClear
0030843b   _BITc_ImuSensorClear
00308404   _BITc_ImuSensorRanges
0030839e   _BITc_JointLimitChecks
0030838b   _BITc_JointLimitClear
003081fe   _BITc_SlowSensorCheck
003081fd   _BITc_SlowSensorClear
003080e2   _BITc_StackCheck
003080a4   _BITc_StackClear
0030809e   _BITm_FootAuto_Abort
00308080   _BITm_FootAuto_End
00307fcc   _BITm_FootAuto_Run
00307d81   _BITm_FootAuto_Start
00307d6b   _BITm_FootManual_Abort
00307d5c   _BITm_FootManual_End
00307a9f   _BITm_FootManual_Run
00307a82   _BITm_FootManual_Start
003079be   _BITm_JointManual_Abort
00307a7b   _BITm_JointManual_AbortAll
00307978   _BITm_JointManual_End
00307a6a   _BITm_JointManual_EndAll
00307555   _BITm_JointManual_Run
003079d6   _BITm_JointManual_RunAll
00307545   _BITm_JointManual_StartAll
00307530   _BITm_LHManual_Start
0030751b   _BITm_LKManual_Start
00307507   _BITm_RHManual_Start
003074f3   _BITm_RKManual_Start
003074ed   _BITm_TorsoManual_Abort
003074e4   _BITm_TorsoManual_End
00307233   _BITm_TorsoManual_Run
00307226   _BITm_TorsoManual_Start
0030720a   _BITs_DelayAbort
00307208   _BITs_DelayEnd
003071fa   _BITs_DelayRun
003071f2   _BITs_DelayStart
ffffffff   _BOOTROM
00317807   _BackgroundCalculations
0000e81c   _Bkg_SEM
0000fc86   _BkgndFuncs
00311e69   _CAN_ConfigElmos
00311dc7   _CAN_Process
00311c93   _CAN_TxRx_ISR
00311aad   _CAN_addCmd
00311b01   _CAN_all_motors_on
00311ae6   _CAN_initDriver
003119f2   _CAN_initParam
003119ee   _CAN_isTxDisabled
003119e2   _CAN_isTxDone
003119d0   _CAN_nmt_start_all
003119bd   _CAN_report_elmo_temp
003119af   _CAN_report_motor_fail
003119a1   _CAN_report_motor_stat
00311993   _CAN_report_state
0031197d   _CAN_servos_booted
00311966   _CAN_set_mode
0031192a   _CAN_set_motor_enable
00311903   _CAN_set_torq
00311862   _CAN_txDisableToggle
0000c350   _CLK_COUNTSPMS
000090fe   _CLK_DFLTMICROSECS
0000f416   _CLK_D_countspms
0000f410   _CLK_D_dirty
000090fc   _CLK_D_microseconds
0000f412   _CLK_D_prd
0000f414   _CLK_D_tddr
0000c34f   _CLK_PRD
00000c10   _CLK_REGS
00000022   _CLK_TCR
00000002   _CLK_TDDR
00000000   _CLK_TIMERNUM
00000001   _CLK_USETIMER
003256dd   _CLK_getltime
0000f408   _CLK_htimeDiv
0000f40a   _CLK_htimeMult
0000a23e   _CLK_htimePerLtime
003256e1   _CLK_itime
0000f40c   _CLK_ltimeDiv
0000f40e   _CLK_ltimeMult
00009e2c   _CL_overflowRet1
00009e2e   _CL_overflowRet2
00009e2a   _CL_rpcval
00009e29   _CL_spval
00009e30   _CL_tempval
00318f67   _CRC_FastByte
00318f49   _CRC_FastWord
00318f32   _CRC_Init
ffffffff   _CSM_RSVD
003155bd   _CalculateControl
0000f594   _Control
0031775b   _ControlCalculations
00317639   _ControlOutput
00000c00   _CpuTimer0Regs
00000c08   _CpuTimer1Regs
00000c10   _CpuTimer2Regs
003f7ff8   _CsmPwl
00000ae0   _CsmRegs
00009ec0   _Ctrl
0000fc46   _CtrlCalcs
0000e806   _CtrlOnce_SEM
00302024   _DINTCH1_ISR
003020c8   _DINTCH2_ISR
0030216c   _DINTCH3_ISR
00302210   _DINTCH4_ISR
003022b4   _DINTCH5_ISR
00302358   _DINTCH6_ISR
0030dafa   _DLOG_DataLog
0030cca3   _DLOG_UseCompression
0030cc9e   _DLOG_disableLogging
0030cc9a   _DLOG_getDataLogState
0030cc8a   _DLOG_init
0030cbb8   _DLOG_initBinaryLogData
0030c9b6   _DLOG_setDataLogState
00009140   _DLOG_tmpLogFloats
0030c9df   _DLOG_triggerErrorLogDump
003191a3   _DelayUs
00000880   _DevEmuRegs
00009e5e   _DistanceWalked
0030257a   _ECAN0INTA_ISR
00302625   _ECAN0INTB_ISR
00302581   _ECAN1INTA_ISR
003026c9   _ECAN1INTB_ISR
0030172c   _ECAP1_INT_ISR
003017d0   _ECAP2_INT_ISR
00301874   _ECAP3_INT_ISR
00301918   _ECAP4_INT_ISR
003019bc   _ECAP5_INT_ISR
00301a60   _ECAP6_INT_ISR
00006040   _ECanaLAMRegs
000060c0   _ECanaMOTORegs
00006080   _ECanaMOTSRegs
00006100   _ECanaMboxes
00006000   _ECanaRegs
0000a8c8   _ECanaShadow
00006240   _ECanbLAMRegs
000062c0   _ECanbMOTORegs
00006280   _ECanbMOTSRegs
00006300   _ECanbMboxes
00006200   _ECanbRegs
0031880e   _EEPROM_ReadWrite
00301354   _EPWM1_INT_ISR
00300f7c   _EPWM1_TZINT_ISR
003013f8   _EPWM2_INT_ISR
00301020   _EPWM2_TZINT_ISR
0030149c   _EPWM3_INT_ISR
003010c4   _EPWM3_TZINT_ISR
00301540   _EPWM4_INT_ISR
00301168   _EPWM4_TZINT_ISR
003015e4   _EPWM5_INT_ISR
0030120c   _EPWM5_TZINT_ISR
00301688   _EPWM6_INT_ISR
003012b0   _EPWM6_TZINT_ISR
00301b04   _EQEP1_INT_ISR
00301ba8   _EQEP2_INT_ISR
003128c9   _ERR_GetErrQLength
003127c7   _ERR_buildNonVolErrorString
003126ff   _ERR_buildVolErrorString
003126f5   _ERR_getLastErrorIndex
003126f1   _ERR_isErrorLogWriteable
003126ea   _ERR_logPostXfr
003126c7   _ERR_overwriteErrQueueFull
0031266a   _ERR_process
00312591   _ERR_readErrorToDump
00311f74   _ERR_report
00312581   _ERR_report_program
0031257d   _ERR_stopLoggingErrors
ffffffff   _FLASH_ABCDEFGH
0031494a   _FLASH_SendReceive
003173e5   _FLASH_erasePage
003172a5   _FLASH_execCmd
00317276   _FLASH_flush
00317272   _FLASH_getActivePage
00317267   _FLASH_getNextErrPage
00317258   _FLASH_isCommandFast
00317251   _FLASH_isProgramCmdInQueue
003171de   _FLASH_read
0031717f   _FLASH_readError
003170e3   _FLASH_write
00317068   _FLASH_writeError
00316ff2   _FLASH_writeInit
00316fdb   _FLASH_writeSpaceForOneError
00316fc4   _FLASH_writeSpaceForTwoErrors
003181ab   _FPGA_EngageBrake
00318142   _FPGA_GetRegisterValue
00318119   _FPGA_HwDisableClear
003180f7   _FPGA_QueryBrake
003180e1   _FPGA_ReleaseBrake
00317fef   _FPGA_SetRegisterValue
00317fac   _FPGA_getAmpBrdVersion
00317f89   _FPGA_getCpuBrdVersion
003180dd   _FPGA_getFPGAVersion
003180d9   _FPGA_getHwDisableLatched
003180cf   _FPGA_isSerPortConnBatt1
003180c5   _FPGA_isSerPortConnBatt2
003180bb   _FPGA_isSerPortConnDSP
00318073   _FPGA_readAndCheckVer
0031806f   _FPGA_setHwDisableLatched
0031805d   _FPGA_setSerialSwitch
ffffffff   _FPUTABLES
003ff0de   _FPUatan2HalfPITable
003ff0e2   _FPUatan2Table
003ff268   _FPUatan2TableEnd
003fecdc   _FPUcosTable
003ff0de   _FPUcosTableEnd
003febdc   _FPUsinTable
003fefdc   _FPUsinTableEnd
00325959   _FXN_F_nop
0030f926   _FitPoly5Order
00000a80   _FlashRegs
0030f562   _FormatJointAngle
0030f82f   _FormatRawSensors
0000f404   _GBL_clkIn
0000f406   _GBL_freq
00325956   _GBL_getVersion
0000f402   _GBL_procId
00006f80   _GpioCtrlRegs
00006fc0   _GpioDataRegs
00006fe0   _GpioIntRegs
0031483c   _HMI_bluetooth_power_enable
00314946   _HMI_gpio_get
00314693   _HMI_isBtConnected
00314940   _HMI_isHmiDetected
0031493a   _HMI_isScibRTSready
0031488a   _HMI_led_set
00314856   _HMI_phone_chrg_enable
00314870   _HMI_usb_enable
0000f000   _HST_A_TABBEG
0000f000   _HST_A_TABEND
0000000f   _HWI_DLOG
0000f48e   _HWI_D_inhwi
0000f300   _HWI_D_intrNum
0000f489   _HWI_D_spsave
003251fa   _HWI_F_dispIsr0
003251fd   _HWI_F_dispIsr1
00325150   _HWI_F_dispIsrPie
00325157   _HWI_F_dispatch
00000013   _HWI_ILLEGAL
00000001   _HWI_INT1
0000000a   _HWI_INT10
0000000b   _HWI_INT11
0000000c   _HWI_INT12
0000000d   _HWI_INT13
00000002   _HWI_INT2
00000003   _HWI_INT3
00000004   _HWI_INT4
00000005   _HWI_INT5
00000006   _HWI_INT6
00000007   _HWI_INT7
00000008   _HWI_INT8
00000009   _HWI_INT9
00000012   _HWI_NMI
00000011   _HWI_RESERVED
00000000   _HWI_RESET
00000010   _HWI_RTOS
00000400   _HWI_STKBOTTOM
00000600   _HWI_STKTOP
0000000e   _HWI_TINT
00000014   _HWI_USER1
0000001d   _HWI_USER10
0000001e   _HWI_USER11
0000001f   _HWI_USER12
00000015   _HWI_USER2
00000016   _HWI_USER3
00000017   _HWI_USER4
00000018   _HWI_USER5
00000019   _HWI_USER6
0000001a   _HWI_USER7
0000001b   _HWI_USER8
0000001c   _HWI_USER9
0000f489   _HWI_data
0032592b   _HWI_disable
0000f000   _HWI_dispatchTab
0032592f   _HWI_enable
00325931   _HWI_restore
0000b153   _HighKtHipMot
003023fc   _I2CINT1A_ISR
00302403   _I2CINT2A_ISR
0031664a   _I2C_Add_Msg_To_Queue
003164c1   _I2C_Basic_ISR
003165ed   _I2C_BlockingProcessAll
00316468   _I2C_FIFO_ISR
00316447   _I2C_FindFreeMsg
00316423   _I2C_InitI2C
003162f5   _I2C_Process
003162ad   _I2C_Rmv_Msg_From_Queue
0031628a   _I2C_clearQueue
00007900   _I2caRegs
0032593e   _IDL_F_loop
003002e0   _ILLEGAL_ISR
003150c4   _IMU_IsCommOn
00314fc7   _IMU_Read_Reg
003148fc   _IMU_SendReceive
00314e63   _IMU_Special_Cmd
00314d94   _IMU_Write_Reg
00314d8f   _IMU_getPitchAng
00314d8a   _IMU_getPitchRate
00314d85   _IMU_getRollAng
00314d80   _IMU_getYawAng
00314d5f   _IMU_init
00300100   _INT13_ISR
ffffffff   _IQTABLES
ffffffff   _IQTABLES2
00318e03   _InitCPUTimers
003181f6   _InitECan
0031803c   _InitFPGAEncoders
0000c2bd   _InitFlash
003185ce   _InitGpio
0030b656   _InitLCD
00318fc2   _InitPieCtrl
00316adc   _InitSCI
00318da5   _InitSysCtrl
00318931   _InitWatchdog
00325c66   _InitXintf
0000bfda   _KNL_alarm
0032571d   _KNL_check
0000bfc8   _KNL_curqueue
0000bfdc   _KNL_curtask
0000bfc0   _KNL_curtime
0000bfe2   _KNL_dummy
00325826   _KNL_enter
00325913   _KNL_exit
0032573e   _KNL_idle
0000bfcc   _KNL_idlefxn
0000bfd6   _KNL_inactive
003257c3   _KNL_ipost
00325747   _KNL_max
0000bfc4   _KNL_maxqueue
003258bd   _KNL_post
0000bfde   _KNL_prevtask
0000bfe0   _KNL_priority
0000c000   _KNL_queues
00325441   _KNL_run
003256a1   _KNL_saveIsrFrame
0000bfc2   _KNL_set
0000bfd4   _KNL_setpri
0000e86a   _KNL_swi
0000bfc6   _KNL_swiptr
00325673   _KNL_switch
0000bfce   _KNL_tcreatefxn
0000bfd0   _KNL_tdeletefxn
00325944   _KNL_tick
0000bfca   _KNL_treadyfxn
0000bfd2   _KNL_tswitchfxn
0000bfc1   _KNL_wFlag
0000bfd8   _KNL_wList
ffffffff   _L0123SARAM
ffffffff   _L47SARAM
0000c287   _L4SARAM
0000e000   _L4SARAM_base
00000200   _L4SARAM_length
ffffffff   _L5SARAM
ffffffff   _L6SARAM
ffffffff   _L7SARAM
0030ecbe   _LCD_ADCOffsetEdit
0031256f   _LCD_AckError
0030f3f4   _LCD_AdcValDisp
0030ecb4   _LCD_AdminAccessOK
0030ecaf   _LCD_AdminLogout
00315ec8   _LCD_BitDispCheck
00315dec   _LCD_BitTitleUpdate
00315de1   _LCD_BitUpDown
00315cc1   _LCD_BitUpdate
0030b06a   _LCD_BuzzerSetState
00311859   _LCD_CanLeft
0031184d   _LCD_CanNodeDn
0031183f   _LCD_CanNodeUp
00311836   _LCD_CanRight
00311812   _LCD_CanUpdate
0030b64d   _LCD_ChangeSide
0030f3e8   _LCD_CheckIMUSelect
00316ab4   _LCD_ChngSerPort
00316a7d   _LCD_ClrSerPort
0030ec77   _LCD_ClrTimes
00317be0   _LCD_CustNumCancel
0030c9c8   _LCD_DataLogCheck
0030c9ac   _LCD_DataLogDown
0030c9a2   _LCD_DataLogUp
0030c91d   _LCD_DataLogUpdate
00317bd3   _LCD_DecrCustNumIncr
00317ba4   _LCD_DecrCustNumVal
003187f4   _LCD_DecrEEAddr
003151f5   _LCD_DecrGainSel
003151ef   _LCD_DecrGainSys
00314cbf   _LCD_DecrIMUAddr
00314ca6   _LCD_DecrIMUOffset
00317b96   _LCD_DecrSerNumIncr
00317b66   _LCD_DecrSerNumVal
0030b644   _LCD_DecrStep
0030ec49   _LCD_DecrTestOff
0030b5a8   _LCD_DecrVal
0030b5f8   _LCD_DecrValRoll
0030b5f1   _LCD_DecrVal_Admin
0030b55f   _LCD_DecrdValTmp
0030b4e0   _LCD_DecrfVal
0030b52d   _LCD_DecrfValTmp
0030b526   _LCD_DecrfVal_Admin
0030ebf1   _LCD_DispADCVal
00317b3c   _LCD_DispBiosVer
00317b26   _LCD_DispBldDate
00317af8   _LCD_DispBldRev
00317ae2   _LCD_DispBldTime
00317abd   _LCD_DispBootCount
003131dc   _LCD_DispClearEMCY
0030eb52   _LCD_DispCurrent
00317a2f   _LCD_DispCustNum
0030c8a7   _LCD_DispEditEval
0030c868   _LCD_DispEditIDReminder
0030c805   _LCD_DispEditMethod
0030b49c   _LCD_DispEditdVal
0030b465   _LCD_DispEditfVal
0030ea45   _LCD_DispEncAngle
0030e9b2   _LCD_DispEncoder
0031249f   _LCD_DispErr
0030b43b   _LCD_DispFloat
003151b4   _LCD_DispGains
0030f36c   _LCD_DispIMUPitch
0030f253   _LCD_DispIMURoll
0030e821   _LCD_DispIMUVal
0030e7c0   _LCD_DispJointTemp
00317e12   _LCD_DispLock
0030e6bc   _LCD_DispPoseVal
0030e613   _LCD_DispPressure
0030e54a   _LCD_DispSQT
0030e46f   _LCD_DispSQTStat
0031799c   _LCD_DispSerNum
003169c9   _LCD_DispSerPort
0030e36c   _LCD_DispSquatParam
0030e2e0   _LCD_DispTestAxis
0030e270   _LCD_DispTestOff
0030e1d3   _LCD_DispTestParam
0030b41f   _LCD_DispText
0030b3fe   _LCD_DispTextCustom
0030e0ea   _LCD_DispTimes
0030e0c2   _LCD_DispTorThresh
0030e088   _LCD_DispTorsoAng
00317955   _LCD_DispVers
0030b3d8   _LCD_DispYesNo
0030b399   _LCD_DispdVal
0030b380   _LCD_DispsVal
0030f243   _LCD_DnIMUSelPitch
0030f210   _LCD_DnIMUSelRoll
003131ce   _LCD_DoClearEMCY
0030b91c   _LCD_DoNotDispLoadPrevSet
00315bfc   _LCD_DxferD
00315bf1   _LCD_DxferL
00315be6   _LCD_DxferR
00315bda   _LCD_DxferU
00318790   _LCD_EEValDisp
00317940   _LCD_EditCustNum
00318759   _LCD_EditEEVal
00318741   _LCD_EditEE_Done
0030e06a   _LCD_EditEncOffset
00314ca0   _LCD_EditIMU_Decr
00314c7f   _LCD_EditIMU_Done
00314c67   _LCD_EditIMU_Incr
00314c1b   _LCD_EditIMU_Update
00317927   _LCD_EditSerNum
0030dffa   _LCD_EncDisp
0030dfbe   _LCD_EnterThreshold
0030dfad   _LCD_EnterUC
0031246b   _LCD_ErrorDiagsCheck
00312411   _LCD_ErrorDiagsDn
003123e6   _LCD_ErrorDiagsLeft
003123dd   _LCD_ErrorDiagsRight
003123cd   _LCD_ErrorDiagsUp
003122b6   _LCD_ErrorDiagsUpdate
00312177   _LCD_ExitErrorDiags
0030df99   _LCD_ExitUC
0030bc25   _LCD_ExoStateDisp
0030be6c   _LCD_ExoStateDispWalk
0030a2e6   _LCD_ExoStateEnter
0030a2bf   _LCD_ExoStateLBtn
0030a2df   _LCD_ExoStateLBtnWalk
0030a298   _LCD_ExoStateRBtn
0030a2b8   _LCD_ExoStateRBtnWalk
0030df8d   _LCD_FlashText
00315182   _LCD_GainEdit
0030df89   _LCD_GetSerPortSelect
0030b367   _LCD_GoRoot
0030f20a   _LCD_GotoAdcDisp
00315cbb   _LCD_GotoBitDisp
0030df58   _LCD_GotoCalScreen
003131c8   _LCD_GotoClearEMCY
00318730   _LCD_GotoEEDisp
0030b331   _LCD_GotoEditParamScreen
0030b2fb   _LCD_GotoEditSquatParamScreen
0030b2aa   _LCD_GotoEditdScreen
0030b280   _LCD_GotoEditfScreen
00312171   _LCD_GotoErrorDiags
00314c15   _LCD_GotoIMUDisp
0030f204   _LCD_GotoIMUSelect
00317e0c   _LCD_GotoInterlocks
0030b27a   _LCD_GotoLcdDiags
00313a04   _LCD_GotoMFGScreen
00310a6b   _LCD_GotoMachineStats
003141e1   _LCD_GotoSMBDisp
0030a98e   _LCD_GotoScreen
0030df52   _LCD_GotoSquatMenu
0031489e   _LCD_HmiCheck
00314699   _LCD_HmiDispReg
0031468a   _LCD_HmiLeft
00314681   _LCD_HmiRight
00314a46   _LCD_IMUValDisp
00317919   _LCD_IncrCustNumIncr
003178ea   _LCD_IncrCustNumVal
00318717   _LCD_IncrEEAddr
0031517a   _LCD_IncrGainSel
00315172   _LCD_IncrGainSys
00314a2f   _LCD_IncrIMUAddr
00314a14   _LCD_IncrIMUOffset
003178dc   _LCD_IncrSerNumIncr
003178ac   _LCD_IncrSerNumVal
0030b271   _LCD_IncrStep
0030df24   _LCD_IncrTestOff
0030b1d6   _LCD_IncrVal
0030b225   _LCD_IncrValRoll
0030b21e   _LCD_IncrVal_Admin
0030b18e   _LCD_IncrdValTmp
0030b0d3   _LCD_IncrfVal
0030b14b   _LCD_IncrfValHipCur
0030b119   _LCD_IncrfValTmp
0030b112   _LCD_IncrfVal_Admin
0030b0cf   _LCD_IsAccessAdmin
0030b0c7   _LCD_IsAccessMfg
0030a9e1   _LCD_IsAccessTech
0030a9ea   _LCD_IsLCDWalkScreen
0030b0b9   _LCD_IsOnScreen
0030b0b5   _LCD_IsScreenTimedOut
00317e03   _LCD_LOCKMvL
00317dfa   _LCD_LOCKMvR
0030b0a8   _LCD_LcdDiagsCheck
0030b032   _LCD_LcdDiagsDisp
0030b027   _LCD_LcdDiagsDown
0030b01e   _LCD_LcdDiagsLeft
0030b016   _LCD_LcdDiagsRight
0030b00b   _LCD_LcdDiagsUp
00318709   _LCD_LoadCalParams
00317ddb   _LCD_LockSelDec
00317dbc   _LCD_LockSelInc
0030b005   _LCD_Logout
[...]
0030b2fb   _LCD_GotoEditSquatParamScreen
0030b331   _LCD_GotoEditParamScreen
0030b367   _LCD_GoRoot
0030b380   _LCD_DispsVal
0030b399   _LCD_DispdVal
0030b3d8   _LCD_DispYesNo
0030b3fe   _LCD_DispTextCustom
0030b41f   _LCD_DispText
0030b43b   _LCD_DispFloat
0030b465   _LCD_DispEditfVal
0030b49c   _LCD_DispEditdVal
0030b4e0   _LCD_DecrfVal
0030b526   _LCD_DecrfVal_Admin
0030b52d   _LCD_DecrfValTmp
0030b55f   _LCD_DecrdValTmp
0030b5a8   _LCD_DecrVal
0030b5f1   _LCD_DecrVal_Admin
0030b5f8   _LCD_DecrValRoll
0030b644   _LCD_DecrStep
0030b64d   _LCD_ChangeSide
0030b656   _InitLCD
0030b660   _LCD_getSelectedParam
0030b696   _LCD_StatusBarFlashRequest
0030b74b   _LCD_StatusBar
0030b8c6   _LCD_SetTechSel
0030b8ca   _LCD_SetMenuSel
0030b91c   _LCD_DoNotDispLoadPrevSet
0030baaa   _LCD_SelEvalMethod
0030bacc   _LCD_SaveMethod
0030baf7   _LCD_SaveIDReminder
0030bc25   _LCD_ExoStateDisp
0030be6c   _LCD_ExoStateDispWalk
0030c805   _LCD_DispEditMethod
0030c868   _LCD_DispEditIDReminder
0030c8a7   _LCD_DispEditEval
0030c91d   _LCD_DataLogUpdate
0030c9a2   _LCD_DataLogUp
0030c9ac   _LCD_DataLogDown
0030c9b6   _DLOG_setDataLogState
0030c9c8   _LCD_DataLogCheck
0030c9df   _DLOG_triggerErrorLogDump
0030cbb8   _DLOG_initBinaryLogData
0030cc8a   _DLOG_init
0030cc9a   _DLOG_getDataLogState
0030cc9e   _DLOG_disableLogging
0030cca3   _DLOG_UseCompression
0030dafa   _DLOG_DataLog
0030dbae   _NullFunc
0030dbaf   _LCD_toggleRealTimeDatalog
0030dbbf   _LCD_getSelectedSquatParam
0030dbc3   _LCD_UpdateFPGARev
0030dbc6   _LCD_UCIncrCmd
0030dc0d   _LCD_UCDisp
0030dc78   _LCD_UCDecrCmd
0030dcc7   _LCD_ThresholdDisp
0030dd21   _LCD_TestParamIncr
0030dd3d   _LCD_TestParamDecr
0030dd59   _LCD_TechLogout
0030dda0   _LCD_SquatMenu
0030dde6   _LCD_SetSerPortSelect
0030ddea   _LCD_SetLine
0030de1a   _LCD_SelTestAxis
0030de28   _LCD_SelSquatParam
0030de74   _LCD_SelSquatMenu
0030dec4   _LCD_SelSQT
0030df18   _LCD_ResetEncCal
0030df24   _LCD_IncrTestOff
0030df52   _LCD_GotoSquatMenu
0030df58   _LCD_GotoCalScreen
0030df89   _LCD_GetSerPortSelect
0030df8d   _LCD_FlashText
0030df99   _LCD_ExitUC
0030dfad   _LCD_EnterUC
0030dfbe   _LCD_EnterThreshold
0030dffa   _LCD_EncDisp
0030e06a   _LCD_EditEncOffset
0030e088   _LCD_DispTorsoAng
0030e0c2   _LCD_DispTorThresh
0030e0ea   _LCD_DispTimes
0030e1d3   _LCD_DispTestParam
0030e270   _LCD_DispTestOff
0030e2e0   _LCD_DispTestAxis
0030e36c   _LCD_DispSquatParam
0030e46f   _LCD_DispSQTStat
0030e54a   _LCD_DispSQT
0030e613   _LCD_DispPressure
0030e6bc   _LCD_DispPoseVal
0030e7c0   _LCD_DispJointTemp
0030e821   _LCD_DispIMUVal
0030e9b2   _LCD_DispEncoder
0030ea45   _LCD_DispEncAngle
0030eb52   _LCD_DispCurrent
0030ebf1   _LCD_DispADCVal
0030ec49   _LCD_DecrTestOff
0030ec77   _LCD_ClrTimes
0030ecaf   _LCD_AdminLogout
0030ecb4   _LCD_AdminAccessOK
0030ecbe   _LCD_ADCOffsetEdit
0030ecda   _poly5
0030ed05   _jntID_to_encID
0030ed1c   _initSensorData
0030ee88   _encID_to_jntID
0030f13b   _StoreRawSensors
0030f1c1   _LCD_UpIMUSelRoll
0030f1f4   _LCD_UpIMUSelPitch
0030f204   _LCD_GotoIMUSelect
0030f20a   _LCD_GotoAdcDisp
0030f210   _LCD_DnIMUSelRoll
0030f243   _LCD_DnIMUSelPitch
0030f253   _LCD_DispIMURoll
0030f36c   _LCD_DispIMUPitch
0030f3e8   _LCD_CheckIMUSelect
0030f3f4   _LCD_AdcValDisp
0030f562   _FormatJointAngle
0030f82f   _FormatRawSensors
0030f926   _FitPoly5Order
0030fc4c   _BIT_initerrVal
0030fc6f   _BIT_initerrCnt
0030fc99   _BIT_InitRangeLimits
0031004a   _NV_addCmd
0031046a   _NV_writeUserSettings
003105d6   _NV_writeMachStats
0031063e   _NV_writeCurSession
00310658   _NV_togglePhoneInstalled
00310671   _NV_stepsSinceLastWrite
0031067b   _NV_setSN
00310682   _NV_setPilotIDReminder
00310689   _NV_setCN
003106a0   _NV_setAdvWalkFeatures
003106a7   _NV_setActiveLanguage
003106ae   _NV_readUserSettings
00310807   _NV_readOldSessions
0031085c   _NV_randomAccess
00310879   _NV_initOldSessDump
0031087d   _NV_init
0031089e   _NV_getWalkTime
003108ca   _NV_getTestTime
003108db   _NV_getTestSteps
003108e2   _NV_getSteps
003108ff   _NV_getStandTime
0031092b   _NV_getSquats
00310932   _NV_getSN
00310936   _NV_getRemainingOldSessBytes
0031093e   _NV_getPilotIDReminder
00310942   _NV_getPhoneInstalled
00310946   _NV_getOneLegSquats
0031094d   _NV_getOnTime
00310979   _NV_getOldSessDumpChunk
00310984   _NV_getNumOldSessions
00310988   _NV_getCN
0031098c   _NV_getAdvWalkFeatures
00310990   _NV_getActiveLanguage
00310994   _NV_erasePage
003109a0   _NV_clearCustomerStats
003109d5   _NV_WriteErrorLogHeader
003109e5   _NV_ReadWriteError
00310a22   _NV_ReadAll
00310a35   _NV_LoadSuccess
00310a48   _NV_BootCountIncrement
00310a6b   _LCD_GotoMachineStats
00310a72   _POSE_UpdateLegLengths
00310bc9   _POSE_InitPoseData
00311478   _POSE_EstimatePose
0031149b   _BIT_InitAngleLimits
00311812   _LCD_CanUpdate
00311836   _LCD_CanRight
0031183f   _LCD_CanNodeUp
0031184d   _LCD_CanNodeDn
00311859   _LCD_CanLeft
00311862   _CAN_txDisableToggle
00311903   _CAN_set_torq
0031192a   _CAN_set_motor_enable
00311966   _CAN_set_mode
0031197d   _CAN_servos_booted
00311993   _CAN_report_state
003119a1   _CAN_report_motor_stat
003119af   _CAN_report_motor_fail
003119bd   _CAN_report_elmo_temp
003119d0   _CAN_nmt_start_all
003119e2   _CAN_isTxDone
003119ee   _CAN_isTxDisabled
003119f2   _CAN_initParam
00311aad   _CAN_addCmd
00311ae6   _CAN_initDriver
00311b01   _CAN_all_motors_on
00311c93   _CAN_TxRx_ISR
00311dc7   _CAN_Process
00311e69   _CAN_ConfigElmos
00311f74   _ERR_report
0031214a   _initErrHndlr
00312169   _LCD_StopErrorSound
00312171   _LCD_GotoErrorDiags
00312177   _LCD_ExitErrorDiags
003122b6   _LCD_ErrorDiagsUpdate
003123cd   _LCD_ErrorDiagsUp
003123dd   _LCD_ErrorDiagsRight
003123e6   _LCD_ErrorDiagsLeft
00312411   _LCD_ErrorDiagsDn
0031246b   _LCD_ErrorDiagsCheck
0031249f   _LCD_DispErr
0031256f   _LCD_AckError
0031257d   _ERR_stopLoggingErrors
00312581   _ERR_report_program
00312591   _ERR_readErrorToDump
0031266a   _ERR_process
003126c7   _ERR_overwriteErrQueueFull
003126ea   _ERR_logPostXfr
003126f1   _ERR_isErrorLogWriteable
003126f5   _ERR_getLastErrorIndex
003126ff   _ERR_buildVolErrorString
003127c7   _ERR_buildNonVolErrorString
003128c9   _ERR_GetErrQLength
00312b69   _MOT_update
00312c7d   _MOT_setMotorState
00312d09   _MOT_setCurrent
00312d22   _MOT_setBringupFlag
00312df9   _MOT_setBrake
00312e19   _MOT_init
00312eb0   _MOT_getMotorSubstate
00312eb8   _MOT_getMotorState
00312ebc   _MOT_getLastCurrent
00312ec6   _MOT_getJointLockedSlippage
00312ed0   _MOT_getCurrent
00312eda   _MOT_getBrake
00312ee2   _MOT_getAllBrakesEngd
00312eec   _MOT_emcyStopDrivesOff
00312f0f   _MOT_emcyStop
00312f4e   _MOT_emcyClear
00312f79   _MOT_areElmosBooted
00312f8c   _LCD_motmodeUpdate
00313137   _LCD_motmodeUp
00313151   _LCD_motmodeRight
0031315a   _LCD_motmodeLeft
00313163   _LCD_motmodeDown
0031317f   _LCD_motmodeCheck
003131c8   _LCD_GotoClearEMCY
003131ce   _LCD_DoClearEMCY
003131dc   _LCD_DispClearEMCY
0031320f   _MFG_initSquatManufacturing
00313246   _MFG_initSquatEngineering
00313279   _MFG_initScreensMFG
00313a04   _LCD_GotoMFGScreen
00313a63   _SMB_getSerialNum
00313c88   _SMB_updateBatt
00313ca3   _SMB_isBattConnected
00313ce4   _SMB_init
00313d42   _SMB_getSystemPowerUsage_Watts
00313d81   _SMB_convertCellVoltageToMV
00313daf   _SMB_battCommFailed
00313dcf   _LCD_SMBright
00313de3   _LCD_SMBleft
00313df7   _LCD_SMBincr
00313e01   _LCD_SMBdecr
00313e0a   _LCD_SMBValDisp
003141cf   _LCD_SMBUpdateVal
003141e1   _LCD_GotoSMBDisp
003141f8   _initSpiList
0031420d   _dev_spi_write
00314272   _dev_spi_read
00314381   _dev_spi_open
003143cb   _dev_spi_ioctl
003143cd   _dev_spi_close
00314486   _SPI_Process
00314521   _SPI_BlockingProcessAll
003145d0   _SPI_addCmd
00314635   _SPI_initCmds
00314666   _SPI_getQspace
0031466a   _SPI_clearQueue
00314679   _SPI_addErrCmd
00314681   _LCD_HmiRight
0031468a   _LCD_HmiLeft
00314693   _HMI_isBtConnected
00314699   _LCD_HmiDispReg
0031483c   _HMI_bluetooth_power_enable
00314856   _HMI_phone_chrg_enable
00314870   _HMI_usb_enable
0031488a   _HMI_led_set
0031489e   _LCD_HmiCheck
003148fc   _IMU_SendReceive
0031493a   _HMI_isScibRTSready
00314940   _HMI_isHmiDetected
00314946   _HMI_gpio_get
0031494a   _FLASH_SendReceive
003149a3   _LCD_SendIMU
00314a14   _LCD_IncrIMUOffset
00314a2f   _LCD_IncrIMUAddr
00314a46   _LCD_IMUValDisp
00314c15   _LCD_GotoIMUDisp
00314c1b   _LCD_EditIMU_Update
00314c67   _LCD_EditIMU_Incr
00314c7f   _LCD_EditIMU_Done
00314ca0   _LCD_EditIMU_Decr
00314ca6   _LCD_DecrIMUOffset
00314cbf   _LCD_DecrIMUAddr
00314d5f   _IMU_init
00314d80   _IMU_getYawAng
00314d85   _IMU_getRollAng
00314d8a   _IMU_getPitchRate
00314d8f   _IMU_getPitchAng
00314d94   _IMU_Write_Reg
00314e63   _IMU_Special_Cmd
00314fc7   _IMU_Read_Reg
003150c4   _IMU_IsCommOn
003150ee   _initControlData
00315172   _LCD_IncrGainSys
0031517a   _LCD_IncrGainSel
00315182   _LCD_GainEdit
003151b4   _LCD_DispGains
003151ef   _LCD_DecrGainSys
003151f5   _LCD_DecrGainSel
003155bd   _CalculateControl
00315685   _LNG_process
003158ae   _LNG_languageLoad
003159ff   _LNG_init
00315a14   _LNG_getTextVersion
00315a18   _LNG_getNumLanguages
00315a1c   _LCD_updateDxfer
00315ba0   _LCD_checkDxfer
00315bd3   _LCD_backDxfer
00315bda   _LCD_DxferU
00315be6   _LCD_DxferR
00315bf1   _LCD_DxferL
00315bfc   _LCD_DxferD
00315c12   _LCD_StackUsageDisp
00315cbb   _LCD_GotoBitDisp
00315cc1   _LCD_BitUpdate
00315de1   _LCD_BitUpDown
00315dec   _LCD_BitTitleUpdate
00315e3a   _BIT_enable
00315e62   _BIT_disable
00315e84   _BIT_run
00315ec8   _LCD_BitDispCheck
00315f24   _BIT_start
00315f4a   _BIT_process
00316078   _BIT_preEEwrite
003160b7   _BIT_postEEread
00316117   _BIT_isEnabled
00316133   _BIT_init
0031617a   _BIT_allEnabled
003161a2   _dev_i2c_write
0031621a   _dev_i2c_read
00316284   _dev_i2c_open
00316286   _dev_i2c_ioctl
00316288   _dev_i2c_close
0031628a   _I2C_clearQueue
003162ad   _I2C_Rmv_Msg_From_Queue
003162f5   _I2C_Process
00316423   _I2C_InitI2C
00316447   _I2C_FindFreeMsg
00316468   _I2C_FIFO_ISR
003164c1   _I2C_Basic_ISR
003165ed   _I2C_BlockingProcessAll
0031664a   _I2C_Add_Msg_To_Queue
0031668b   _dev_sci_write
003166d1   _dev_sci_read
00316718   _dev_sci_open
00316771   _dev_sci_ioctl
003167ba   _dev_sci_close
003167bc   _SCI_writePort
003168da   _SCI_updatePorts
0031696b   _SCI_readPort
00316997   _SCI_checkDebugPortFlow
003169a7   _SCI_Tx_ISR
003169b2   _SCI_SetDebugRxIsr
003169bd   _SCI_Rx_ISR
003169c9   _LCD_DispSerPort
00316a7d   _LCD_ClrSerPort
00316ab4   _LCD_ChngSerPort
00316adc   _InitSCI
00316b16   _MATRIX_SetPolyFitYData
00316b29   _MATRIX_SetPolyFitXData
00316b3c   _MATRIX_GetPolyCoeff
00316f3f   _MATRIX_FitPolyZeroOffset
00316f99   _initExtFlash
00316fc4   _FLASH_writeSpaceForTwoErrors
00316fdb   _FLASH_writeSpaceForOneError
00316ff2   _FLASH_writeInit
00317068   _FLASH_writeError
003170e3   _FLASH_write
0031717f   _FLASH_readError
003171de   _FLASH_read
00317251   _FLASH_isProgramCmdInQueue
00317258   _FLASH_isCommandFast
00317267   _FLASH_getNextErrPage
00317272   _FLASH_getActivePage
00317276   _FLASH_flush
003172a5   _FLASH_execCmd
003173e5   _FLASH_erasePage
00317418   _main
0031758b   GBL_USERINITFXN
0031758b   _UserInit
00317598   _SlowCalculations
00317639   _ControlOutput
0031775b   _ControlCalculations
00317807   _BackgroundCalculations
0031788a   _VER_IsSwReleased
0031788c   _VER_CheckVersions
003178a1   _LCD_SerNumCancel
003178ac   _LCD_IncrSerNumVal
003178dc   _LCD_IncrSerNumIncr
003178ea   _LCD_IncrCustNumVal
00317919   _LCD_IncrCustNumIncr
00317927   _LCD_EditSerNum
00317940   _LCD_EditCustNum
00317955   _LCD_DispVers
0031799c   _LCD_DispSerNum
00317a2f   _LCD_DispCustNum
00317abd   _LCD_DispBootCount
00317ae2   _LCD_DispBldTime
00317af8   _LCD_DispBldRev
00317b26   _LCD_DispBldDate
00317b3c   _LCD_DispBiosVer
00317b66   _LCD_DecrSerNumVal
00317b96   _LCD_DecrSerNumIncr
00317ba4   _LCD_DecrCustNumVal
00317bd3   _LCD_DecrCustNumIncr
00317be0   _LCD_CustNumCancel
00317beb   _LOCK_preWrite
00317c32   _LOCK_SetNotOK
00317c4b   _LOCK_postRead
00317c75   _LOCK_SetOK
00317c8f   _LOCK_IsPermisCatOK
00317ca7   _LOCK_IsOK
00317caf   _LOCK_IsClearCatOK
00317cc7   _LOCK_IsAllOK
00317cd0   _LOCK_Init
00317d93   _LCD_SelLock
00317dbc   _LCD_LockSelInc
00317ddb   _LCD_LockSelDec
00317dfa   _LCD_LOCKMvR
00317e03   _LCD_LOCKMvL
00317e0c   _LCD_GotoInterlocks
00317e12   _LCD_DispLock
00317eec   _LCD_ShowSerPort
00317f0a   _LCD_ShowFPGAinputs
00317f64   _LCD_ShowFPGAVer
00317f89   _FPGA_getCpuBrdVersion
00317f8d   _LCD_ShowCpuBrdVer
00317fac   _FPGA_getAmpBrdVersion
00317fb0   _LCD_ShowAmpBrdVer
00317fef   _FPGA_SetRegisterValue
0031803c   _InitFPGAEncoders
0031805d   _FPGA_setSerialSwitch
0031806f   _FPGA_setHwDisableLatched
00318073   _FPGA_readAndCheckVer
003180bb   _FPGA_isSerPortConnDSP
003180c5   _FPGA_isSerPortConnBatt2
003180cf   _FPGA_isSerPortConnBatt1
003180d9   _FPGA_getHwDisableLatched
003180dd   _FPGA_getFPGAVersion
003180e1   _FPGA_ReleaseBrake
003180f7   _FPGA_QueryBrake
00318119   _FPGA_HwDisableClear
00318142   _FPGA_GetRegisterValue
003181ab   _FPGA_EngageBrake
003181f6   _InitECan
003183c8   _tand
00318417   _sind
00318420   _pow_f64_to_the_uint
00318448   _asind
0031849c   _law_of_sin_ang
003184c3   _cosd
003184cc   _law_of_cos_len
003184f7   _acosd
0031854b   _law_of_cos_ang
0031856f   _atand
00318578   _gpioSetVal
00318595   _gpioSetState
003185b0   _gpioGetVal
003185bc   _gpioGetState
003185ce   _InitGpio
003186fb   _LCD_SaveCalParams
00318709   _LCD_LoadCalParams
00318717   _LCD_IncrEEAddr
00318730   _LCD_GotoEEDisp
00318741   _LCD_EditEE_Done
00318759   _LCD_EditEEVal
00318790   _LCD_EEValDisp
003187f4   _LCD_DecrEEAddr
0031880e   _EEPROM_ReadWrite
00318830   _WD_writeData
00318834   _WD_serviceExtWatchdog
00318848   _WD_serviceTask
0031886a   _WD_readData
0031886e   _WD_postRead
00318873   _WD_crashLogIsValid
0031888d   _WD_crashLogClear
003188a5   _WD_WatchdogFlagSet
003188a9   _WD_WatchdogFlagGet
003188ad   _WD_LastCrashValGet
003188be   _LCD_watchdogUpdate
0031891e   _LCD_watchdogUp
00318927   _LCD_watchdogDown
00318931   _InitWatchdog
003189a9   _SafetyLimit
00318a19   _LL_rtnObj
00318a57   _LL_initPool
00318a70   _LL_getObj
00318a9a   _LL_findLowerPrio
00318ab9   _LL_findHighPrio
00318b5a   _ADC_initRandomNum
00318b82   _ADC_getRandomNum
00318b86   FD$$ADD
00318c22   FD$$DIV
00318cad   FD$$MPY
00318d30   _asin
00318da5   _InitSysCtrl
00318e03   _InitCPUTimers
00318e19   _acos
00318e88   _tan
00318ee7   _atan
00318f32   _CRC_Init
00318f49   _CRC_FastWord
00318f67   _CRC_FastByte
00318f7b   _initDrivers
00318fc1   _XFR_nullfunc
00318fc2   _InitPieCtrl
00318ffd   _cos
00319031   _sin
00319065   FD$$CMP
0031908f   FD$$TOFS
003190b2   I$$DIV
003190c3   I$$MOD
003190d4   ___memcpy_ff
003190f5   _sqrt
00319116   _strncpy
00319155   FS$$TOFD
00319171   C$$EXIT
00319171   _abort
00319173   _exit
0031918a   FS$$DIV
003191a3   _DelayUs
003191b3   FD$$SUB
003191c1   _strcat
003191ce   U$$DIV
003191d3   U$$MOD
003191d9   _strcmp
003191e3   _strlen
003191ed   __register_unlock
003191f1   __register_lock
003191f5   __nop
003191f6   FD$$NEG
003191ff   _strcpy
0031920f   _memset
0031921b   _SetDBGIER
0031921e   ___etext__
0031921e   etext
0031cfe0   _ptLangStrings
0031e19b   _ptStrLangFormatVersion
003236ca   _blankLine
003237ea   _fpga_legR
003237f2   _fpga_legL
0032387a   _strGainSys
003239af   Control$sts$maxfmt
003239af   ___cinit__
003239af   cinit
003239b8   Control$sts$sumfmt
003239c1   Control$sts$avgfmt
003239cc   PRD_swi$sts$maxfmt
003239d4   PRD_swi$sts$sumfmt
003239dc   PRD_swi$sts$avgfmt
003239e6   KNL_swi$sts$maxfmt
003239ee   KNL_swi$sts$sumfmt
003239f6   KNL_swi$sts$avgfmt
00324fd3   SWI_F_enable
00324fd3   _SWI_enable
00324fe7   SWI_F_post
00324fe7   _SWI_post
0032501e   SWI_F_exec_sync
00325042   SWI_EXECFXN
00325042   SWI_F_exec
0032508f   SWI_F_run
0032508f   SWI_RUNFXN
00325150   _HWI_F_dispIsrPie
00325157   HWI_F_dispatch
00325157   _HWI_F_dispatch
003251fa   _HWI_F_dispIsr0
003251fd   _HWI_F_dispIsr1
00325279   CLK_F_run
00325279   CLK_HOOKFXN
00325279   __CLK_hwienter
00325317   PRD_F_swi
00325386   PRD_F_tick
003253ae   _SEM_pendEnterKnl
00325441   _KNL_run
00325540   _TSK_setup
003255ad   _TSK_exit
00325610   __SEM_dopost
00325673   _KNL_switch
00325690   KNL_glue
0032569a   KNL_tick_stub
0032569a   PRD_THOOKFXN
003256a1   _KNL_saveIsrFrame
003256b4   CLK_F_getfhtime
003256bc   CLK_F_gethtime
003256bc   CLK_F_getshtime
003256bc   CLK_TIMEFXN
003256dd   CLK_F_getltime
003256dd   _CLK_getltime
003256e1   CLK_F_itime
003256e1   _CLK_itime
003256e9   _SEM_post
003256e9   _SEM_postBinary
0032571d   _KNL_check
0032573e   _KNL_idle
00325747   _KNL_max
00325750   _TSK_startup
00325778   CLK_F_isr
003257a0   _SEM_postEnterKnl
003257c3   _KNL_ipost
003257e5   _SYS_exit
00325806   STS_F_delta
00325806   _STS_delta
00325812   STS_F_add
00325812   _STS_add
0032581b   _STS_set
0032581e   STS_F_reset
0032581e   _STS_reset
00325826   _KNL_enter
00325864   _SEM_pend
00325883   LOG_F_event
003258a1   _LCK_pend
003258bd   _KNL_post
003258d3   FXN_F_nop
003258d4   FXN_F_run
003258e2   FXN_F_zero
003258e4   FXN_F_selfLoop
003258e5   SYS_ABORTFXN
003258e5   _UTL_doAbort
003258f5   SYS_ERRORFXN
003258f5   _UTL_doError
00325905   _LCK_post
00325913   _KNL_exit
0032591f   SYS_PUTCFXN
0032591f   _UTL_doPutc
0032592b   _HWI_disable
0032592f   _HWI_enable
00325931   _HWI_restore
00325935   _SYS_abort
0032593e   IDL_F_loop
0032593e   _IDL_F_loop
00325944   _KNL_tick
0032594e   _LOG_event
00325953   SYS_EXITFXN
00325953   _UTL_halt
00325956   _GBL_getVersion
00325959   GBL_USERLIMPMODEABORTFXN
00325959   GIO_CREATEFXN
00325959   GIO_DELETEFXN
00325959   GIO_PENDFXN
00325959   GIO_POSTFXN
00325959   TSK_VCREATEFXN
00325959   TSK_VDELETEFXN
00325959   TSK_VEXITFXN
00325959   _FXN_F_nop
0032595a   _secureRamFuncs_loadstart
0032597b   _secureRamFuncs_loadend
00325b06   BIOS_init
00325b06   _BIOS_init
00325b67   BIOS_start
00325b67   _BIOS_start
00325b97   _c_int00
00325bf5   _MEM_init
00325c43   _TSK_init
00325c66   _InitXintf
00325cd5   _trcdata_loadstart
00325cd8   _trcdata_loadend
0033fff6   code_start
00380090   _PartIdRegs
003f7ff8   _CsmPwl
003febdc   _FPUsinTable
003fecdc   _FPUcosTable
003fefdc   _FPUsinTableEnd
003ff0de   _FPUatan2HalfPITable
003ff0de   _FPUcosTableEnd
003ff0e2   _FPUatan2Table
003ff268   _FPUatan2TableEnd
ffffffff   ADC_CAL
ffffffff   BEGIN_FLASH
ffffffff   BEGIN_M0
ffffffff   BOOTROM
ffffffff   CSM_RSVD
ffffffff   FLASH_ABCDEFGH
ffffffff   FPUTABLES
ffffffff   HST_DSMBUFSEG
ffffffff   IQTABLES
ffffffff   IQTABLES2
ffffffff   L0123SARAM
ffffffff   L47SARAM
ffffffff   L5SARAM
ffffffff   L6SARAM
ffffffff   L7SARAM
ffffffff   M0SARAM
ffffffff   M1SARAM
ffffffff   OTP
ffffffff   PASSWORDS
ffffffff   PIEVECT
ffffffff   RTDX_DATAMEMSEG
ffffffff   ZONE7
ffffffff   _ADC_CAL
ffffffff   _BEGIN_FLASH
ffffffff   _BEGIN_M0
ffffffff   _BOOTROM
ffffffff   _CSM_RSVD
ffffffff   _FLASH_ABCDEFGH
ffffffff   _FPUTABLES
ffffffff   _IQTABLES
ffffffff   _IQTABLES2
ffffffff   _L0123SARAM
ffffffff   _L47SARAM
ffffffff   _L5SARAM
ffffffff   _L6SARAM
ffffffff   _L7SARAM
ffffffff   _M0SARAM
ffffffff   _M1SARAM
ffffffff   _OTP
ffffffff   _PASSWORDS
ffffffff   _PIEVECT
ffffffff   _ZONE7
ffffffff   ___binit__
ffffffff   ___c_args__
ffffffff   ___pinit__
ffffffff   binit
ffffffff   pinit

[2460 symbols]
