******************************************************************************
             TMS320C2000 Linker PC v5.2.6                      
******************************************************************************
>> Linked Wed Apr 10 10:15:43 2013

OUTPUT FILE NAME:   <Ekso1.out>
ENTRY POINT SYMBOL: "_c_int00"  address: 00325b7d


MEMORY CONFIGURATION

         name            origin    length      used     unused   attr    fill
----------------------  --------  ---------  --------  --------  ----  --------
PAGE 0:
  BEGIN_M0              00000000   00000002  00000000  00000002  RWIX
  L0123SARAM            00008000   00006000  000042e1  00001d1f  RWIX
  L47SARAM              0000e000   00002000  00000000  00002000  RWIX
  ZONE7                 00200000   00020000  00000000  00020000  RWIX
  FLASH_ABCDEFGH        00300000   0003ff80  00025cda  0001a2a6  RWIX
  CSM_RSVD              0033ff80   00000076  00000076  00000000  RWIX
  BEGIN_FLASH           0033fff6   00000002  00000002  00000000  RWIX
  PASSWORDS             0033fff8   00000008  00000008  00000000  RWIX
  ADC_CAL               00380080   00000009  00000000  00000009  RWIX
  OTP                   00380400   00000400  00000000  00000400  RWIX
  IQTABLES              003fe000   00000b50  00000000  00000b50  RWIX
  IQTABLES2             003feb50   0000008c  00000000  0000008c  RWIX
  FPUTABLES             003febdc   000006a0  000006a0  00000000  RWIX
  BOOTROM               003ff27c   00000d44  00000000  00000d44  RWIX

PAGE 1:
  M0SARAM               00000002   000003fe  00000000  000003fe  RWIX
  M1SARAM               00000400   00000400  00000200  00000200  RWIX
  DEV_EMU               00000880   00000180  000000d0  000000b0  RWIX
  FLASH_REGS            00000a80   00000060  00000008  00000058  RWIX
  CSM                   00000ae0   00000010  00000010  00000000  RWIX
  ADC_MIRROR            00000b00   00000010  00000010  00000000  RWIX
  XINTF                 00000b20   00000020  0000001e  00000002  RWIX
  CPU_TIMER0            00000c00   00000008  00000008  00000000  RWIX
  CPU_TIMER1            00000c08   00000008  00000008  00000000  RWIX
  CPU_TIMER2            00000c10   00000008  00000008  00000000  RWIX
  PIE_CTRL              00000ce0   00000020  0000001a  00000006  RWIX
  PIEVECT               00000d00   00000100  00000100  00000000  RWIX
  DMA                   00001000   00000200  00000000  00000200  RWIX
  MCBSPA                00005000   00000040  00000000  00000040  RWIX
  MCBSPB                00005040   00000040  00000000  00000040  RWIX
  ECANA                 00006000   00000040  00000034  0000000c  RWIX
  ECANA_LAM             00006040   00000040  00000040  00000000  RWIX
  ECANA_MOTS            00006080   00000040  00000040  00000000  RWIX
  ECANA_MOTO            000060c0   00000040  00000040  00000000  RWIX
  ECANA_MBOX            00006100   00000100  00000100  00000000  RWIX
  ECANB                 00006200   00000040  00000034  0000000c  RWIX
  ECANB_LAM             00006240   00000040  00000040  00000000  RWIX
  ECANB_MOTS            00006280   00000040  00000040  00000000  RWIX
  ECANB_MOTO            000062c0   00000040  00000040  00000000  RWIX
  ECANB_MBOX            00006300   00000100  00000100  00000000  RWIX
  EPWM1                 00006800   00000022  00000000  00000022  RWIX
  EPWM2                 00006840   00000022  00000000  00000022  RWIX
  EPWM3                 00006880   00000022  00000000  00000022  RWIX
  EPWM4                 000068c0   00000022  00000000  00000022  RWIX
  EPWM5                 00006900   00000022  00000000  00000022  RWIX
  EPWM6                 00006940   00000022  00000000  00000022  RWIX
  ECAP1                 00006a00   00000020  00000000  00000020  RWIX
  ECAP2                 00006a20   00000020  00000000  00000020  RWIX
  ECAP3                 00006a40   00000020  00000000  00000020  RWIX
  ECAP4                 00006a60   00000020  00000000  00000020  RWIX
  ECAP5                 00006a80   00000020  00000000  00000020  RWIX
  ECAP6                 00006aa0   00000020  00000000  00000020  RWIX
  EQEP1                 00006b00   00000040  00000000  00000040  RWIX
  EQEP2                 00006b40   00000040  00000000  00000040  RWIX
  GPIOCTRL              00006f80   00000040  0000002e  00000012  RWIX
  GPIODAT               00006fc0   00000020  00000020  00000000  RWIX
  GPIOINT               00006fe0   00000020  0000000a  00000016  RWIX
  SYSTEM                00007010   00000020  00000020  00000000  RWIX
  SPIA                  00007040   00000010  00000010  00000000  RWIX
  SCIA                  00007050   00000010  00000010  00000000  RWIX
  XINTRUPT              00007070   00000010  00000010  00000000  RWIX
  ADC                   00007100   00000020  0000001e  00000002  RWIX
  SCIB                  00007750   00000010  00000010  00000000  RWIX
  SCIC                  00007770   00000010  00000010  00000000  RWIX
  I2CA                  00007900   00000040  00000022  0000001e  RWIX
  L4SARAM               0000e000   00000800  00000200  00000600  RWIX
  L5SARAM               0000e800   00000800  00000086  0000077a  RWIX
  L6SARAM               0000f000   00000800  000005a8  00000258  RWIX
  L7SARAM               0000f800   00000800  000004ea  00000316  RWIX
  EXT_RAM               00200000   00010000  00005db8  0000a248  RWIX
  PARTID                00380090   00000001  00000001  00000000  RWIX
  CSM_PWL               003f7ff8   00000008  00000008  00000000  RWIX


SECTION ALLOCATION MAP

 output                                  attributes/
section   page    origin      length       input sections
--------  ----  ----------  ----------   ----------------
.vers      0    00000000    0000003c     COPY SECTION
                  00000000    0000003c     MEX_DSPcfg.obj (.vers)

.pinit     0    00300000    00000000     UNINITIALIZED

PieVectTableFile 
*          1    00000d00    00000000     DSECT

.ebss      0    00008000    000042bd     UNINITIALIZED
                  00008000    000005ee     error.obj (.ebss)
                  000085ee    00000010     Control.obj (.ebss)
                  000085fe    00000002     Adc.obj (.ebss)
                  00008600    00000598     SCI.obj (.ebss)
                  00008b98    00000028     bios.a28FP : tsk_stup.o28FP (.ebss)
                  00008bc0    00000524     screens.obj (.ebss)
                  000090e4    00000018     matrix_util.obj (.ebss)
                  000090fc    00000004     bios.a28FP : clk_data.o28FP (.ebss)
                  00009100    0000046c     data_log.obj (.ebss)
                  0000956c    00000014     bios.a28FP : sys.o28FP (.ebss)
                  00009580    00000468     bit.obj (.ebss)
                  000099e8    00000010     version.obj (.ebss)
                  000099f8    00000008     SysCtrl.obj (.ebss)
                  00009a00    00000427     screens_pt.obj (.ebss)
                  00009e27    00000001     rts2800_fpu32.lib : errno.obj (.ebss)
                  00009e28    0000000a     DefaultIsr_BIOS.obj (.ebss)
                  00009e32    00000008     bios.a28FP : knl_tick.o28FP (.ebss)
                  00009e3a    00000006     Pose.obj (.ebss)
                  00009e40    000003ee     Main_BIOS.obj (.ebss)
                  0000a22e    00000006     bios.a28FP : utl_putc.o28FP (.ebss)
                  0000a234    00000006     fpga.obj (.ebss)
                  0000a23a    00000004     rts2800_fpu32.lib : _lock.obj (.ebss)
                  0000a23e    00000002     bios.a28FP : clk_data2.o28FP (.ebss)
                  0000a240    00000360     Spi.obj (.ebss)
                  0000a5a0    00000020     bios.a28FP : tsk.o28FP (.ebss)
                  0000a5c0    00000308     LCD.obj (.ebss)
                  0000a8c8    00000034     DSP2833x_ECan.obj (.ebss)
                  0000a8fc    00000004     rts2800_fpu32.lib : exit.obj (.ebss)
                  0000a900    00000308     bit_tests.obj (.ebss)
                  0000ac08    00000022     interlock.obj (.ebss)
                  0000ac2a    00000003     eeprom.obj (.ebss)
                  0000ac2d    00000003     --HOLE--
                  0000ac30    00000002     bios.a28FP : mem_asm.o28FP (.ebss)
                  0000ac32    0000000e     --HOLE--
                  0000ac40    00000280     I2C.obj (.ebss)
                  0000aec0    0000027e     screens_mfg.obj (.ebss)
                  0000b13e    00000002     --HOLE--
                  0000b140    0000020c     nvmem.obj (.ebss)
                  0000b34c    00000034     --HOLE--
                  0000b380    00000206     imu.obj (.ebss)
                  0000b586    0000003a     --HOLE--
                  0000b5c0    000001ba     smb.obj (.ebss)
                  0000b77a    00000006     --HOLE--
                  0000b780    00000154     strings_pt.obj (.ebss)
                  0000b8d4    0000002c     --HOLE--
                  0000b900    00000150     Can.obj (.ebss)
                  0000ba50    00000030     --HOLE--
                  0000ba80    00000140     Watchdog.obj (.ebss)
                  0000bbc0    00000100     crc.obj (.ebss)
                  0000bcc0    000000e8     SensorCond.obj (.ebss)
                  0000bda8    00000018     --HOLE--
                  0000bdc0    000000c8     ReferenceGenerators.obj (.ebss)
                  0000be88    00000038     --HOLE--
                  0000bec0    000000c4     driver.obj (.ebss)
                  0000bf84    0000003c     --HOLE--
                  0000bfc0    00000090     bios.a28FP : knl.o28FP (.ebss)
                  0000c050    00000030     --HOLE--
                  0000c080    00000070     ext_flash.obj (.ebss)
                  0000c0f0    00000010     --HOLE--
                  0000c100    00000060     mot.obj (.ebss)
                  0000c160    00000020     --HOLE--
                  0000c180    0000005e     languages.obj (.ebss)
                  0000c1de    00000022     --HOLE--
                  0000c200    00000050     StateMachines.obj (.ebss)
                  0000c250    00000030     --HOLE--
                  0000c280    0000003d     MEX_DSPcfg.obj (.ebss)

.data      0    00300000    00000000     UNINITIALIZED

.hwi_vec   0    00300000    00000100     RUN ADDR = 00000d00
                  00300000    00000100     MEX_DSPcfg.obj (.hwi_vec)

.text      0    00300100    00019104     
                  00300100    00002aff     DefaultIsr_BIOS.obj (.text)
                  00302bff    00002a48     strings_pt.obj (.text)
                  00305647    00000001     --HOLE-- [fill = 0]
                  00305648    00001b67     ReferenceGenerators.obj (.text)
                  003071af    00000001     --HOLE-- [fill = 0]
                  003071b0    00001a92     bit_tests.obj (.text)
                  00308c42    00001661     StateMachines.obj (.text)
                  0030a2a3    00000001     --HOLE-- [fill = 0]
                  0030a2a4    00001360     LCD.obj (.text)
                  0030b604    000012bd     screens_pt.obj (.text)
                  0030c8c1    00001291     data_log.obj (.text)
                  0030db52    0000112b     screens.obj (.text)
                  0030ec7d    00000001     --HOLE-- [fill = 0]
                  0030ec7e    00000ffd     SensorCond.obj (.text)
                  0030fc7b    00000001     --HOLE-- [fill = 0]
                  0030fc7c    00000d9d     nvmem.obj (.text)
                  00310a19    00000001     --HOLE-- [fill = 0]
                  00310a1a    00000a5f     Pose.obj (.text)
                  00311479    00000001     --HOLE-- [fill = 0]
                  0031147a    00000a0e     Can.obj (.text)
                  00311e88    000009ed     error.obj (.text)
                  00312875    00000980     mot.obj (.text)
                  003131f5    000007fb     screens_mfg.obj (.text)
                  003139f0    000007ee     smb.obj (.text)
                  003141de    0000079e     Spi.obj (.text)
                  0031497c    00000732     imu.obj (.text)
                  003150ae    000005ae     Control.obj (.text)
                  0031565c    0000059c     languages.obj (.text)
                  00315bf8    0000057e     bit.obj (.text)
                  00316176    000004fb     I2C.obj (.text)
                  00316671    0000048a     SCI.obj (.text)
                  00316afb    00000001     --HOLE-- [fill = 0]
                  00316afc    00000483     matrix_util.obj (.text)
                  00316f7f    0000047f     ext_flash.obj (.text)
                  003173fe    00000472     Main_BIOS.obj (.text)
                  00317870    00000361     version.obj (.text)
                  00317bd1    00000301     interlock.obj (.text)
                  00317ed2    000002d2     fpga.obj (.text)
                  003181a4    0000020a     DSP2833x_ECan.obj (.text)
                  003183ae    000001b0     math_util.obj (.text)
                  0031855e    00000183     Gpio.obj (.text)
                  003186e1    00000135     eeprom.obj (.text)
                  00318816    00000111     Watchdog.obj (.text)
                  00318927    000000d8     SafetyLimit.obj (.text)
                  003189ff    000000c2     linkedlist.obj (.text)
                  00318ac1    00000001     --HOLE-- [fill = 0]
                  00318ac2    000000aa     Adc.obj (.text)
                  00318b6c    0000009c     rts2800_fpu32.lib : fd_add.obj (.text)
                  00318c08    0000008b                       : fd_div.obj (.text)
                  00318c93    00000083                       : fd_mpy.obj (.text)
                  00318d16    00000075                       : asin.obj (.text)
                  00318d8b    00000074     SysCtrl.obj (.text)
                  00318dff    0000006f     rts2800_fpu32.lib : acos.obj (.text)
                  00318e6e    0000005f                       : tan.obj (.text)
                  00318ecd    0000004a     rts2800_fpu32_fast_supplement.lib : atan_f32.obj (.text)
                  00318f17    00000001     --HOLE-- [fill = 0]
                  00318f18    00000049     crc.obj (.text)
                  00318f61    00000047     driver.obj (.text)
                  00318fa8    0000003b     PieCtrl_BIOS.obj (.text)
                  00318fe3    00000034     rts2800_fpu32_fast_supplement.lib : cos_f32.obj (.text)
                  00319017    00000034                                       : sin_f32.obj (.text)
                  0031904b    0000002a     rts2800_fpu32.lib : fd_cmp.obj (.text)
                  00319075    00000023                       : fd_tofs.obj (.text)
                  00319098    00000022                       : i_div.obj (.text)
                  003190ba    00000021                       : memcpy_ff.obj (.text)
                  003190db    00000021     rts2800_fpu32_fast_supplement.lib : sqrt_f32.obj (.text)
                  003190fc    00000020     rts2800_fpu32.lib : strncpy.obj (.text)
                  0031911c    0000001f     bios.a28FP : tsk_stup.o28FP (.text:_lock2)
                  0031913b    0000001c     rts2800_fpu32.lib : fs_tofd.obj (.text)
                  00319157    00000019                       : exit.obj (.text)
                  00319170    00000019     rts2800_fpu32_fast_supplement.lib : div_f32.obj (.text)
                  00319189    00000010     DelayUs.obj (.text)
                  00319199    0000000e     rts2800_fpu32.lib : fd_sub.obj (.text)
                  003191a7    0000000d                       : strcat.obj (.text)
                  003191b4    0000000b                       : u_div.obj (.text)
                  003191bf    0000000a                       : strcmp.obj (.text)
                  003191c9    0000000a                       : strlen.obj (.text)
                  003191d3    00000009                       : _lock.obj (.text)
                  003191dc    00000009                       : fd_neg.obj (.text)
                  003191e5    00000009                       : strcpy.obj (.text)
                  003191ee    00000007     CodeStartBranch.obj (.text)
                  003191f5    00000007     rts2800_fpu32.lib : memset.obj (.text)
                  003191fc    00000005     bios.a28FP : tsk_stup.o28FP (.text:_unlock2)
                  00319201    00000003     SetDBGIER.obj (.text)

.econst    0    00319204    0000a791     
                  00319204    000017aa     strings_pt.obj (.econst:.string)
                  0031a9ae    0000108f     error.obj (.econst:.string)
                  0031ba3d    00000001     SensorCond.obj (.econst)
                  0031ba3e    00000c02     screens.obj (.econst:_vwMisc)
                  0031c640    00000986     screens.obj (.econst:_vwDiagnostics)
                  0031cfc6    00000904     strings_pt.obj (.econst:_ptLangStrings)
                  0031d8ca    000008b7     screens.obj (.econst:.string)
                  0031e181    00000001     strings_pt.obj (.econst)
                  0031e182    0000075c     error.obj (.econst:_error_msgs)
                  0031e8de    0000053d     data_log.obj (.econst:.string)
                  0031ee1b    00000001     version.obj (.econst)
                  0031ee1c    000004f8     screens.obj (.econst:_vwVers)
                  0031f314    000004cf     bit_tests.obj (.econst:.string)
                  0031f7e3    00000001     --HOLE-- [fill = 0]
                  0031f7e4    0000048e     screens.obj (.econst:_vwActive)
                  0031fc72    00000424     screens.obj (.econst:_vwBack)
                  00320096    00000424     screens_pt.obj (.econst:_vwMainPT)
                  003204ba    000002f5     screens_mfg.obj (.econst:.string)
                  003207af    00000001     --HOLE-- [fill = 0]
                  003207b0    000002f4     smb.obj (.econst:_smb_elems)
                  00320aa4    000002e8     screens_pt.obj (.econst:.string)
                  00320d8c    000002d8     imu.obj (.econst:_IMU_diagnostics)
                  00321064    000002d5     interlock.obj (.econst:_exoInterlocks)
                  00321339    00000001     --HOLE-- [fill = 0]
                  0032133a    0000027c     screens.obj (.econst:_vwAngles)
                  003215b6    0000027c     screens_mfg.obj (.econst:_vwMainMFG)
                  00321832    0000027c     screens.obj (.econst:_vwSensors)
                  00321aae    00000240     imu.obj (.econst:_IMU_registers)
                  00321cee    00000212     screens.obj (.econst:_vwSquat)
                  00321f00    00000212     screens.obj (.econst:_vwThresh)
                  00322112    000001ac     mot.obj (.econst:.string)
                  003222be    00000199     languages.obj (.econst:.string)
                  00322457    00000001     --HOLE-- [fill = 0]
                  00322458    0000015a     interlock.obj (.econst:.string)
                  003225b2    00000158     imu.obj (.econst:.string)
                  0032270a    0000013e     screens.obj (.econst:_vwTest)
                  00322848    00000139     bit.obj (.econst:.string)
                  00322981    00000001     --HOLE-- [fill = 0]
                  00322982    00000136     LCD.obj (.econst:.string)
                  00322ab8    00000131     Spi.obj (.econst:.string)
                  00322be9    00000001     --HOLE-- [fill = 0]
                  00322bea    00000121     Can.obj (.econst:.string)
                  00322d0b    00000001     --HOLE-- [fill = 0]
                  00322d0c    000000ee     nvmem.obj (.econst:_NV_XfrCmds)
                  00322dfa    000000b9     fpga.obj (.econst:.string)
                  00322eb3    00000001     --HOLE-- [fill = 0]
                  00322eb4    00000093     SensorCond.obj (.econst:.string)
                  00322f47    00000001     --HOLE-- [fill = 0]
                  00322f48    0000008f     smb.obj (.econst:.string)
                  00322fd7    00000001     --HOLE-- [fill = 0]
                  00322fd8    0000008c     Gpio.obj (.econst:_gpioCfg)
                  00323064    00000084     nvmem.obj (.econst:_pCalibParams)
                  003230e8    00000078     imu.obj (.econst)
                  00323160    0000006d     version.obj (.econst:.string)
                  003231cd    00000001     --HOLE-- [fill = 0]
                  003231ce    0000006a     screens_pt.obj (.econst:_vwLanguagePT)
                  00323238    0000006a     screens.obj (.econst:_vwSystemTests)
                  003232a2    00000060     Spi.obj (.econst:_SpiCmd)
                  00323302    00000059     SCI.obj (.econst:.string)
                  0032335b    00000001     --HOLE-- [fill = 0]
                  0032335c    0000004f     bios.a28FP : tsk_stup.o28FP (.econst)
                  003233ab    00000001     --HOLE-- [fill = 0]
                  003233ac    00000048     screens.obj (.econst:_SquatCfgVals)
                  003233f4    00000048     LCD.obj (.econst:_cgram)
                  0032343c    00000040     Control.obj (.econst:.string)
                  0032347c    00000037     Watchdog.obj (.econst:.string)
                  003234b3    00000001     --HOLE-- [fill = 0]
                  003234b4    00000030     screens_pt.obj (.econst:_d_exo_states)
                  003234e4    00000025     eeprom.obj (.econst:.string)
                  00323509    00000001     --HOLE-- [fill = 0]
                  0032350a    00000023     bios.a28FP : utl_doab.o28FP (.econst)
                  0032352d    00000001     --HOLE-- [fill = 0]
                  0032352e    00000022                : utl_doer.o28FP (.econst)
                  00323550    00000020     screens.obj (.econst:_squat_data)
                  00323570    0000001e     Control.obj (.econst:_arrGains)
                  0032358e    0000001e     imu.obj (.econst:_imu_asynch_types)
                  003235ac    0000001a     nvmem.obj (.econst:_pMachStats)
                  003235c6    00000018     screens.obj (.econst:_SensorDisp)
                  003235de    00000018     screens.obj (.econst:_SquatParamVal)
                  003235f6    00000018     screens_pt.obj (.econst:_exoSubState_Walk)
                  0032360e    00000018     nvmem.obj (.econst:_pSettings)
                  00323626    00000018     screens.obj (.econst:_strADCNames)
                  0032363e    00000018     screens_mfg.obj (.econst:_strMainMenu)
                  00323656    00000018     screens.obj (.econst:_strSquatParam)
                  0032366e    00000016     screens_pt.obj (.econst:_ParamVal)
                  00323684    00000016     imu.obj (.econst:_imu_asynch_freqs)
                  0032369a    00000016     Spi.obj (.econst:_sRegName)
                  003236b0    00000015     screens.obj (.econst:_blankLine)
                  003236c5    00000001     --HOLE-- [fill = 0]
                  003236c6    00000014     imu.obj (.econst:_imuSensorVar)
                  003236da    00000014     Can.obj (.econst:_senID)
                  003236ee    00000014     screens.obj (.econst:_strPoseNames)
                  00323702    00000012     imu.obj (.econst:_imuRotMat)
                  00323714    00000012     imu.obj (.econst:_imu_baudrates)
                  00323726    00000012     nvmem.obj (.econst:_pMachParams)
                  00323738    00000012     screens_pt.obj (.econst:_ptMenuTitles)
                  0032374a    00000012     version.obj (.econst:_serNumIncrs)
                  0032375c    00000012     LCD.obj (.econst:_strBuzzNames)
                  0032376e    00000012     screens_pt.obj (.econst:_strTechMenuTitles)
                  00323780    00000010     Spi.obj (.econst:_ADC_order)
                  00323790    00000010     screens_pt.obj (.econst:_exoSubState_Stand)
                  003237a0    00000010     fpga.obj (.econst:_stgSer2Src)
                  003237b0    00000010     screens.obj (.econst:_strCalMenuTitles)
                  003237c0    00000010     screens.obj (.econst:_strSqtTestData)
                  003237d0    00000010     fpga.obj (.econst)
                  003237e0    0000000e     error.obj (.econst:_strErrRespTest)
                  003237ee    0000000c     screens.obj (.econst:_arrPressure)
                  003237fa    0000000c     screens.obj (.econst:_arrThresh)
                  00323806    0000000c     LCD.obj (.econst:_displayValueFIncr)
                  00323812    0000000c     mot.obj (.econst:_motStateCommnames)
                  0032381e    0000000c     mot.obj (.econst:_pMotCommExec)
                  0032382a    0000000c     screens.obj (.econst:_strSqtMenuTitles)
                  00323836    0000000c     screens.obj (.econst:_strThreshNames)
                  00323842    0000000a     mot.obj (.econst:_motStateMasternames)
                  0032384c    0000000a     mot.obj (.econst:_pMotMasterExec)
                  00323856    0000000a     screens_mfg.obj (.econst:_strElmoMotor)
                  00323860    0000000a     Control.obj (.econst:_strGainSys)
                  0032386a    0000000a     interlock.obj (.econst:_strPermisCatNames)
                  00323874    00000008     screens.obj (.econst:_FootGainVal)
                  0032387c    00000008     version.obj (.econst:_custNumIncrs)
                  00323884    00000008     Can.obj (.econst:_elmoID)
                  0032388c    00000008     screens_pt.obj (.econst:_exoSubState_Emergency)
                  00323894    00000008     screens_pt.obj (.econst:_exoSubState_Eval)
                  0032389c    00000008     screens_pt.obj (.econst:_exoSubState_Init)
                  003238a4    00000008     screens_pt.obj (.econst:_exoSubState_KneeError)
                  003238ac    00000008     screens_pt.obj (.econst:_exoSubState_Pause)
                  003238b4    00000008     screens_pt.obj (.econst:_exoSubState_Sitting)
                  003238bc    00000008     screens_pt.obj (.econst:_exoSubState_SqtTest)
                  003238c4    00000008     screens_pt.obj (.econst:_exoSubState_StandStill)
                  003238cc    00000008     screens_pt.obj (.econst:_exoSubState_Test)
                  003238d4    00000008     screens_pt.obj (.econst:_exoSubState_UltCtrl)
                  003238dc    00000008     bit_tests.obj (.econst:_sJointNamesLong)
                  003238e4    00000008     Spi.obj (.econst:_spi_adc_ch)
                  003238ec    00000008     interlock.obj (.econst:_strClearCatNames)
                  003238f4    00000008     screens_mfg.obj (.econst:_strElmoJnt)
                  003238fc    00000008     screens.obj (.econst:_strFootCal)
                  00323904    00000008     screens.obj (.econst:_strFootGain)
                  0032390c    00000008     bit_tests.obj (.econst:_strFootSensors)
                  00323914    00000008     error.obj (.econst:_strJoints)
                  0032391c    00000008     screens.obj (.econst:_strPTCalib)
                  00323924    00000008     matrix_util.obj (.econst)
                  0032392c    00000006     screens_pt.obj (.econst:_MethodVal)
                  00323932    00000006     LCD.obj (.econst:_displayValueDIncr)
                  00323938    00000006     screens_mfg.obj (.econst:_strAdvFeatures)
                  0032393e    00000006     screens_mfg.obj (.econst:_strElmoParam)
                  00323944    00000006     Control.obj (.econst:_strGainSel)
                  0032394a    00000005     nvmem.obj (.econst:_potencPolyFitX)
                  0032394f    00000001     --HOLE-- [fill = 0]
                  00323950    00000004     rts2800_fpu32.lib : acos.obj (.econst:_b$1)
                  00323954    00000004                       : asin.obj (.econst:_c$1)
                  00323958    00000004                       : acos.obj (.econst:_c$2)
                  0032395c    00000004     Can.obj (.econst:_configCmd)
                  00323960    00000004     Can.obj (.econst:_configVal)
                  00323964    00000004     eeprom.obj (.econst:_ee_addr_step)
                  00323968    00000004     imu.obj (.econst:_imu_accel_gains)
                  0032396c    00000004     screens_pt.obj (.econst:_pilotIDIncrs)
                  00323970    00000004     interlock.obj (.econst:_strLockStateNames)
                  00323974    00000004     screens_mfg.obj (.econst:_strOnOffFlag)
                  00323978    00000004     Can.obj (.econst:_tPDO_mb)
                  0032397c    00000004     Can.obj (.econst:_tPDO_mb_tq)
                  00323980    00000004     imu.obj (.econst:_zerodata)
                  00323984    00000004     bit_tests.obj (.econst)
                  00323988    00000002     screens.obj (.econst:_SensorDispIMU)
                  0032398a    00000002     smb.obj (.econst:_driverIndex)
                  0032398c    00000002     bit_tests.obj (.econst:_jnts$48)
                  0032398e    00000002     screens_mfg.obj (.econst:_strAdvWalkParam)
                  00323990    00000002     screens.obj (.econst:_strIMUNames)
                  00323992    00000002     screens_mfg.obj (.econst:_strPhoneParam)
                  00323994    00000001     bios.a28FP : tsk.o28FP (.econst)

.cinit     0    00323995    00001624     
                  00323995    000002fd     MEX_DSPcfg.obj (.cinit)
                  00323c92    000002de     bit.obj (.cinit)
                  00323f70    0000026c     screens.obj (.cinit)
                  003241dc    00000260     screens_pt.obj (.cinit)
                  0032443c    00000149     SensorCond.obj (.cinit)
                  00324585    00000114     ReferenceGenerators.obj (.cinit)
                  00324699    00000104     bit_tests.obj (.cinit)
                  0032479d    000000c8     screens_mfg.obj (.cinit)
                  00324865    000000bd     LCD.obj (.cinit)
                  00324922    000000bb     imu.obj (.cinit)
                  003249dd    000000a5     bios.a28FP : biosdata.o28FP (.cinit)
                  00324a82    000000a2     StateMachines.obj (.cinit)
                  00324b24    000000a0     bios.a28FP : knl.o28FP (.cinit)
                  00324bc4    00000087     driver.obj (.cinit)
                  00324c4b    00000070     Main_BIOS.obj (.cinit)
                  00324cbb    00000055     SCI.obj (.cinit)
                  00324d10    0000004a     Spi.obj (.cinit)
                  00324d5a    00000045     data_log.obj (.cinit)
                  00324d9f    0000003c     nvmem.obj (.cinit)
                  00324ddb    0000003b     Can.obj (.cinit)
                  00324e16    0000002e     bios.a28FP : tsk_stup.o28FP (.cinit)
                  00324e44    0000002c                : tsk.o28FP (.cinit)
                  00324e70    00000027     interlock.obj (.cinit)
                  00324e97    00000025     Control.obj (.cinit)
                  00324ebc    00000025     error.obj (.cinit)
                  00324ee1    00000018     fpga.obj (.cinit)
                  00324ef9    00000018     version.obj (.cinit)
                  00324f11    00000012     Pose.obj (.cinit)
                  00324f23    00000010     languages.obj (.cinit)
                  00324f33    00000010     mot.obj (.cinit)
                  00324f43    0000000f     bios.a28FP : utl_putc.o28FP (.cinit)
                  00324f52    0000000d     Watchdog.obj (.cinit)
                  00324f5f    0000000c     eeprom.obj (.cinit)
                  00324f6b    0000000b     bios.a28FP : knl_tick.o28FP (.cinit)
                  00324f76    0000000a                : sys.o28FP (.cinit)
                  00324f80    0000000a     rts2800_fpu32.lib : _lock.obj (.cinit)
                  00324f8a    0000000a                       : exit.obj (.cinit)
                  00324f94    00000009     I2C.obj (.cinit)
                  00324f9d    00000008     smb.obj (.cinit)
                  00324fa5    00000005     Adc.obj (.cinit)
                  00324faa    00000005     bios.a28FP : knl_swit.o28FP (.cinit)
                  00324faf    00000004     DefaultIsr_BIOS.obj (.cinit)
                  00324fb3    00000004     rts2800_fpu32.lib : errno.obj (.cinit)
                  00324fb7    00000002     --HOLE-- [fill = 0]

.printf    0    00323995    00000051     COPY SECTION
                  00323995    00000051     MEX_DSPcfg.obj (.printf)

.bios      0    00324fb9    00000987     
                  00324fb9    0000017d     bios.a28FP : swi.o28FP (.bios)
                  00325136    00000129                : hwi_disp_asm.o28FP (.bios)
                  0032525f    0000009e                : clk_run.o28FP (.bios)
                  003252fd    00000097                : prd.o28FP (.bios)
                  00325394    00000093                : sem_pend.o28FP (.bios:_SEM_pendEnterKnl)
                  00325427    00000088                : knl_run.o28FP (.bios:_KNL_run)
                  003254af    00000077                : knl_tick.o28FP (.bios:__KNL_doTick)
                  00325526    0000006d                : tsk_setu.o28FP (.bios:_TSK_setup)
                  00325593    00000063                : tsk_exit.o28FP (.bios:_TSK_exit)
                  003255f6    00000063                : sem_dopo.o28FP (.bios:__SEM_dopost)
                  00325659    00000041                : knl_swit.o28FP (.bios)
                  0032569a    00000035                : clk.o28FP (.bios)
                  003256cf    00000034                : sem_post_asm.o28FP (.bios)
                  00325703    00000033                : knl_chec.o28FP (.bios)
                  00325736    00000028                : tsk_stup.o28FP (.bios:_TSK_startup)
                  0032575e    00000028                : clk_isr.o28FP (.bios)
                  00325786    00000023                : sem_post.o28FP (.bios:_SEM_postEnterKnl)
                  003257a9    00000022                : knl_ipos.o28FP (.bios:_KNL_ipost)
                  003257cb    00000021                : sys_exit.o28FP (.bios:_SYS_exit)
                  003257ec    00000020                : sts.o28FP (.bios)
                  0032580c    0000001f                : knl_exit.o28FP (.bios:_KNL_enter)
                  0032582b    0000001f                : tsk_stup.o28FP (.bios:_lock)
                  0032584a    0000001f                : sem_pend_counting.o28FP (.bios)
                  00325869    0000001e                : log.o28FP (.bios)
                  00325887    0000001c                : lck.o28FP (.bios:_LCK_pend)
                  003258a3    00000016                : knl_post.o28FP (.bios:_KNL_post)
                  003258b9    00000012                : fxn.o28FP (.bios)
                  003258cb    00000010                : utl_doab.o28FP (.bios:_UTL_doAbort)
                  003258db    00000010                : utl_doer.o28FP (.bios:_UTL_doError)
                  003258eb    0000000e                : lck.o28FP (.bios:_LCK_post)
                  003258f9    0000000c                : knl_exit.o28FP (.bios:_KNL_exit)
                  00325905    0000000c                : utl_putc.o28FP (.bios:_UTL_doPutc)
                  00325911    0000000a                : hwi_c.o28FP (.bios)
                  0032591b    00000009                : sys_abor.o28FP (.bios:_SYS_abort)
                  00325924    00000006                : idl.o28FP (.bios)
                  0032592a    00000005                : knl_tick.o28FP (.bios:_KNL_tick)
                  0032592f    00000005                : tsk_stup.o28FP (.bios:_unlock)
                  00325934    00000005                : log_event.o28FP (.bios)
                  00325939    00000003                : utl_halt.o28FP (.bios:_UTL_halt)
                  0032593c    00000003                : gbl_vers.o28FP (.bios)
                  0032593f    00000001                : fxn_c.o28FP (.bios:_FXN_F_nop)

secureRamFuncs 
*          0    00325940    00000021     RUN ADDR = 0000c2bd
                  00325940    00000021     Flash.obj (secureRamFuncs)

.switch    0    00325962    0000018a     
                  00325962    000000a4     data_log.obj (.switch)
                  00325a06    00000042     bit_tests.obj (.switch)
                  00325a48    0000002c     ReferenceGenerators.obj (.switch)
                  00325a74    00000018     LCD.obj (.switch)
                  00325a8c    00000018     StateMachines.obj (.switch)
                  00325aa4    00000018     languages.obj (.switch)
                  00325abc    00000018     mot.obj (.switch)
                  00325ad4    00000018     screens_mfg.obj (.switch)

.sysinit   0    00325aec    00000160     
                  00325aec    00000091     MEX_DSPcfg.obj (.sysinit)
                  00325b7d    0000005e     bios.a28FP : boot.o28FP (.sysinit)
                  00325bdb    0000004e                : mem_init.o28FP (.sysinit:_MEM_init)
                  00325c29    00000023                : tsk_init.o28FP (.sysinit:_TSK_init)

internalMemFuncs 
*          0    00325c4c    0000006f     
                  00325c4c    0000006f     Xintf.obj (internalMemFuncs)

.trcdata   0    00325cbb    00000003     RUN ADDR = 0000c2de
                  00325cbb    00000003     MEX_DSPcfg.obj (.trcdata)

.gblinit   0    00325cbe    0000001d     
                  00325cbe    0000001d     MEX_DSPcfg.obj (.gblinit)

csm_rsvd   0    0033ff80    00000076     
                  0033ff80    00000076     Passwords.obj (csm_rsvd)

codestart 
*          0    0033fff6    00000002     
                  0033fff6    00000002     CodeStartBranch.obj (codestart)

passwords 
*          0    0033fff8    00000008     
                  0033fff8    00000008     Passwords.obj (passwords)

FPUmathTables 
*          0    003febdc    000006a0     NOLOAD SECTION
                  003febdc    000006a0     rts2800_fpu32_fast_supplement.lib : FPUmathTables.obj (FPUmathTables)

.stack     1    00000400    00000200     UNINITIALIZED
                  00000400    00000200     --HOLE--

DevEmuRegsFile 
*          1    00000880    000000d0     UNINITIALIZED
                  00000880    000000d0     DSP2833x_GlobalVariableDefs.obj (DevEmuRegsFile)

FlashRegsFile 
*          1    00000a80    00000008     UNINITIALIZED
                  00000a80    00000008     DSP2833x_GlobalVariableDefs.obj (FlashRegsFile)

CsmRegsFile 
*          1    00000ae0    00000010     UNINITIALIZED
                  00000ae0    00000010     DSP2833x_GlobalVariableDefs.obj (CsmRegsFile)

AdcMirrorFile 
*          1    00000b00    00000010     UNINITIALIZED
                  00000b00    00000010     DSP2833x_GlobalVariableDefs.obj (AdcMirrorFile)

XintfRegsFile 
*          1    00000b20    0000001e     UNINITIALIZED
                  00000b20    0000001e     DSP2833x_GlobalVariableDefs.obj (XintfRegsFile)

CpuTimer0RegsFile 
*          1    00000c00    00000008     UNINITIALIZED
                  00000c00    00000008     DSP2833x_GlobalVariableDefs.obj (CpuTimer0RegsFile)

CpuTimer1RegsFile 
*          1    00000c08    00000008     UNINITIALIZED
                  00000c08    00000008     DSP2833x_GlobalVariableDefs.obj (CpuTimer1RegsFile)

CpuTimer2RegsFile 
*          1    00000c10    00000008     UNINITIALIZED
                  00000c10    00000008     DSP2833x_GlobalVariableDefs.obj (CpuTimer2RegsFile)

PieCtrlRegsFile 
*          1    00000ce0    0000001a     UNINITIALIZED
                  00000ce0    0000001a     DSP2833x_GlobalVariableDefs.obj (PieCtrlRegsFile)

ECanaRegsFile 
*          1    00006000    00000034     UNINITIALIZED
                  00006000    00000034     DSP2833x_GlobalVariableDefs.obj (ECanaRegsFile)

ECanaLAMRegsFile 
*          1    00006040    00000040     UNINITIALIZED
                  00006040    00000040     DSP2833x_GlobalVariableDefs.obj (ECanaLAMRegsFile)

ECanaMOTSRegsFile 
*          1    00006080    00000040     UNINITIALIZED
                  00006080    00000040     DSP2833x_GlobalVariableDefs.obj (ECanaMOTSRegsFile)

ECanaMOTORegsFile 
*          1    000060c0    00000040     UNINITIALIZED
                  000060c0    00000040     DSP2833x_GlobalVariableDefs.obj (ECanaMOTORegsFile)

ECanaMboxesFile 
*          1    00006100    00000100     UNINITIALIZED
                  00006100    00000100     DSP2833x_GlobalVariableDefs.obj (ECanaMboxesFile)

ECanbRegsFile 
*          1    00006200    00000034     UNINITIALIZED
                  00006200    00000034     DSP2833x_GlobalVariableDefs.obj (ECanbRegsFile)

ECanbLAMRegsFile 
*          1    00006240    00000040     UNINITIALIZED
                  00006240    00000040     DSP2833x_GlobalVariableDefs.obj (ECanbLAMRegsFile)

ECanbMOTSRegsFile 
*          1    00006280    00000040     UNINITIALIZED
                  00006280    00000040     DSP2833x_GlobalVariableDefs.obj (ECanbMOTSRegsFile)

ECanbMOTORegsFile 
*          1    000062c0    00000040     UNINITIALIZED
                  000062c0    00000040     DSP2833x_GlobalVariableDefs.obj (ECanbMOTORegsFile)

ECanbMboxesFile 
*          1    00006300    00000100     UNINITIALIZED
                  00006300    00000100     DSP2833x_GlobalVariableDefs.obj (ECanbMboxesFile)

GpioCtrlRegsFile 
*          1    00006f80    0000002e     UNINITIALIZED
                  00006f80    0000002e     DSP2833x_GlobalVariableDefs.obj (GpioCtrlRegsFile)

GpioDataRegsFile 
*          1    00006fc0    00000020     UNINITIALIZED
                  00006fc0    00000020     DSP2833x_GlobalVariableDefs.obj (GpioDataRegsFile)

GpioIntRegsFile 
*          1    00006fe0    0000000a     UNINITIALIZED
                  00006fe0    0000000a     DSP2833x_GlobalVariableDefs.obj (GpioIntRegsFile)

SysCtrlRegsFile 
*          1    00007010    00000020     UNINITIALIZED
                  00007010    00000020     DSP2833x_GlobalVariableDefs.obj (SysCtrlRegsFile)

SpiaRegsFile 
*          1    00007040    00000010     UNINITIALIZED
                  00007040    00000010     DSP2833x_GlobalVariableDefs.obj (SpiaRegsFile)

SciaRegsFile 
*          1    00007050    00000010     UNINITIALIZED
                  00007050    00000010     DSP2833x_GlobalVariableDefs.obj (SciaRegsFile)

XIntruptRegsFile 
*          1    00007070    00000010     UNINITIALIZED
                  00007070    00000010     DSP2833x_GlobalVariableDefs.obj (XIntruptRegsFile)

AdcRegsFile 
*          1    00007100    0000001e     UNINITIALIZED
                  00007100    0000001e     DSP2833x_GlobalVariableDefs.obj (AdcRegsFile)

ScibRegsFile 
*          1    00007750    00000010     UNINITIALIZED
                  00007750    00000010     DSP2833x_GlobalVariableDefs.obj (ScibRegsFile)

ScicRegsFile 
*          1    00007770    00000010     UNINITIALIZED
                  00007770    00000010     DSP2833x_GlobalVariableDefs.obj (ScicRegsFile)

I2caRegsFile 
*          1    00007900    00000022     UNINITIALIZED
                  00007900    00000022     DSP2833x_GlobalVariableDefs.obj (I2caRegsFile)

.L4SARAM$heap 
*          1    0000e000    00000200     UNINITIALIZED
                  0000e000    00000200     --HOLE--

.sem       1    0000e800    00000056     UNINITIALIZED
                  0000e800    00000056     MEX_DSPcfg.obj (.sem)

.pip       1    0000e800    00000000     UNINITIALIZED

.swi       1    0000e856    00000028     UNINITIALIZED
                  0000e856    00000028     MEX_DSPcfg.obj (.swi)

.clk       1    0000e87e    00000004     UNINITIALIZED
                  0000e87e    00000004     MEX_DSPcfg.obj (.clk)

.idl       1    0000e882    00000002     UNINITIALIZED
                  0000e882    00000002     MEX_DSPcfg.obj (.idl)

.idlcal    1    0000e884    00000002     UNINITIALIZED
                  0000e884    00000002     MEX_DSPcfg.obj (.idlcal)

.bss       1    0000f000    00000000     UNINITIALIZED

.hwi_disp_sec 
*          1    0000f000    00000301     UNINITIALIZED
                  0000f000    00000301     bios.a28FP : hwi_disp_asm.o28FP (.hwi_disp_sec)

.hst       1    0000f000    00000000     UNINITIALIZED

.trace     1    0000f301    00000100     
                  0000f301    00000100     --HOLE-- [fill = 0000]

.mem       1    0000f401    00000001     UNINITIALIZED
                  0000f401    00000001     MEX_DSPcfg.obj (.mem)

.sysdata   1    0000f402    000000a2     UNINITIALIZED
                  0000f402    000000a2     bios.a28FP : biosdata.o28FP (.sysdata)

.sts       1    0000f4a4    00000018     UNINITIALIZED
                  0000f4a4    00000018     MEX_DSPcfg.obj (.sts)

.args      1    0000f4bc    00000004     
                  0000f4bc    00000004     --HOLE-- [fill = 0]

.trace$buf 
*          1    0000f4c0    00000040     UNINITIALIZED
                  0000f4c0    00000040     MEX_DSPcfg.obj (.trace$buf)

.LOG_system$buf 
*          1    0000f500    00000080     UNINITIALIZED
                  0000f500    00000080     MEX_DSPcfg.obj (.LOG_system$buf)

.log       1    0000f580    00000014     UNINITIALIZED
                  0000f580    00000014     MEX_DSPcfg.obj (.log)

.prd       1    0000f594    0000000c     UNINITIALIZED
                  0000f594    0000000c     MEX_DSPcfg.obj (.prd)

.sys       1    0000f5a0    00000008     UNINITIALIZED
                  0000f5a0    00000008     MEX_DSPcfg.obj (.sys)

sec_L7SARAM 
*          1    0000f800    00000300     UNINITIALIZED
                  0000f800    00000300     Main_BIOS.obj (sec_L7SARAM)

.TSK_idle$stk 
*          1    0000fb00    00000100     UNINITIALIZED
                  0000fb00    00000100     MEX_DSPcfg.obj (.TSK_idle$stk)

.tsk       1    0000fc00    000000ea     UNINITIALIZED
                  0000fc00    000000ea     MEX_DSPcfg.obj (.tsk)

sec_EXTRAM 
*          1    00200000    00005db8     UNINITIALIZED
                  00200000    00002f4c     strings_pt.obj (sec_EXTRAM)
                  00202f4c    00000034     --HOLE--
                  00202f80    00001cd0     matrix_util.obj (sec_EXTRAM)
                  00204c50    00000030     --HOLE--
                  00204c80    00001138     nvmem.obj (sec_EXTRAM)

PartIdRegsFile 
*          1    00380090    00000001     UNINITIALIZED
                  00380090    00000001     DSP2833x_GlobalVariableDefs.obj (PartIdRegsFile)

CsmPwlFile 
*          1    003f7ff8    00000008     UNINITIALIZED
                  003f7ff8    00000008     DSP2833x_GlobalVariableDefs.obj (CsmPwlFile)


GLOBAL SYMBOLS: SORTED ALPHABETICALLY BY Name 

address    name
--------   ----
0000f000   .bss
00300000   .data
00300100   .text
ffffffff   ADC_CAL
ffffffff   BEGIN_FLASH
ffffffff   BEGIN_M0
00000014   BIOSDATA_O_CLK_D_COUNTSPMS
0000000e   BIOSDATA_O_CLK_D_DIRTY
00000016   BIOSDATA_O_CLK_D_IDLETIME
00000018   BIOSDATA_O_CLK_D_ISRHOOK
00000010   BIOSDATA_O_CLK_D_PRD
0000001a   BIOSDATA_O_CLK_D_TABBEG
00000012   BIOSDATA_O_CLK_D_TDDR
0000001c   BIOSDATA_O_CLK_D_TIMEFXN
00000006   BIOSDATA_O_CLK_HTIMEDIV
00000008   BIOSDATA_O_CLK_HTIMEMULT
0000000a   BIOSDATA_O_CLK_LTIMEDIV
0000000c   BIOSDATA_O_CLK_LTIMEMULT
0000001e   BIOSDATA_O_CLK_R_TIMH
0000001f   BIOSDATA_O_CLK_R_TIML
00000002   BIOSDATA_O_GBL_CLKIN
00000004   BIOSDATA_O_GBL_FREQ
00000000   BIOSDATA_O_GBL_PROCID
00000020   BIOSDATA_O_HST_D_CHANMASK
00000088   BIOSDATA_O_HWI_D_STKBOTTOMADDR
0000008a   BIOSDATA_O_HWI_D_STKTOPADDR
00000022   BIOSDATA_O_IDL_D_CALBEG
00000024   BIOSDATA_O_IDL_D_CALIBRATE
00000026   BIOSDATA_O_IDL_D_TABBEG
00000028   BIOSDATA_O_LOG_D_SYSTEM
00000090   BIOSDATA_O_MEM_D_FREELIST
00000092   BIOSDATA_O_MEM_D_LOCKADDR
0000008e   BIOSDATA_O_MEM_D_MEMTAB
0000008d   BIOSDATA_O_MEM_D_NUMSEGMENTS
00000094   BIOSDATA_O_MEM_D_UNLOCKADDR
0000002a   BIOSDATA_O_PIP_D_TABBEG
0000002c   BIOSDATA_O_PIP_D_TABLEN
0000002e   BIOSDATA_O_PRD_D_CUR
00000030   BIOSDATA_O_PRD_D_ELAPSED
00000031   BIOSDATA_O_PRD_D_PREVTIM
00000032   BIOSDATA_O_PRD_D_SCALAR
00000034   BIOSDATA_O_PRD_D_SWIHANDLE
00000036   BIOSDATA_O_PRD_D_TABBEG
00000038   BIOSDATA_O_PRD_D_TABLEN
0000003a   BIOSDATA_O_PRD_D_THOOK
0000003c   BIOSDATA_O_PRD_D_TICKH
0000003d   BIOSDATA_O_PRD_D_TICKL
00000046   BIOSDATA_O_SWI_D_CURFXN
00000042   BIOSDATA_O_SWI_D_CURMASK
00000045   BIOSDATA_O_SWI_D_CURMBOX
00000043   BIOSDATA_O_SWI_D_CURSET
00000040   BIOSDATA_O_SWI_D_EXECADDR
00000044   BIOSDATA_O_SWI_D_LOCK
00000048   BIOSDATA_O_SWI_D_RDYBEG
0000004a   BIOSDATA_O_SWI_D_RDYTAB
0000003e   BIOSDATA_O_SWI_D_RUNADDR
00000096   BIOSDATA_O_SYS
00325aec   BIOS_init
00325b4d   BIOS_start
ffffffff   BOOTROM
00000000   BUF$
00000001   BUF_ENABLED
0000e81c   Bkg_SEM
0000fc86   BkgndFuncs
0000fc80   BkgndFuncs$obj
00000003   BkgndFuncs$ord
00000002   BkgndFuncs$pri
00000000   BkgndFuncs$tsk
00319157   C$$EXIT
0000f402   C28_BIOSDATAOBJ
00000001   CLK$
0000e87e   CLK_A_TABBEG
00000001   CLK_CALDIV
00000001   CLK_CALMULT
0000c350   CLK_COUNTSPMS
00000000   CLK_COUNTSPMSHIGH
0000f418   CLK_D_idletime
0000f41a   CLK_D_isrhook
0000f41c   CLK_D_tabbeg
0000f41e   CLK_D_timefxn
00000000   CLK_FREERUN
0032569a   CLK_F_getfhtime
003256a2   CLK_F_gethtime
003256c3   CLK_F_getltime
003256a2   CLK_F_getshtime
0032575e   CLK_F_isr
003256c7   CLK_F_itime
0032525f   CLK_F_run
0032525f   CLK_HOOKFXN
00000001   CLK_HTIMEDIV
00000003   CLK_HTIMEMULT
0000c350   CLK_HTIMEPERLTIME
00000001   CLK_LTIMEDIV
000249f0   CLK_LTIMEMULT
000003e8   CLK_MICROSECS
0000e880   CLK_NULL
0000c34f   CLK_PRD
00000000   CLK_PRDHIGH
00000c10   CLK_REGS
0000f420   CLK_R_timh
0000f421   CLK_R_timl
00000022   CLK_TCR
00000002   CLK_TDDR
00000000   CLK_TDDRHIGH
003256a2   CLK_TIMEFXN
00000000   CLK_TIMERNUM
00000001   CLK_USETIMER
ffffffff   CSM_RSVD
0000f594   Control
0000f59e   Control$aaa
00000000   Control$mode
00000003   Control$ord
00000002   Control$period
00000000   Control$prd
0000f4a6   Control$sts
003239a7   Control$sts$avgfmt
00000000   Control$sts$filter
00323995   Control$sts$maxfmt
0000f4a4   Control$sts$stsobj
0032399e   Control$sts$sumfmt
00000002   Control$sts$unittype
0000fc46   CtrlCalcs
0000fc40   CtrlCalcs$obj
00000002   CtrlCalcs$ord
0000000d   CtrlCalcs$pri
00000000   CtrlCalcs$tsk
0000e806   CtrlOnce_SEM
00000000   DEV$
00000000   DGN$
00000000   DHL$
00000000   DHL_gChannelsAvailable
00000000   DIO$
00000000   DIO_NUMSWIBASE
00000000   DIO_NUMTSKBASE
00000000   DIO_STATIC
00000000   DPI$
00318b6c   FD$$ADD
0031904b   FD$$CMP
00318c08   FD$$DIV
00318c93   FD$$MPY
003191dc   FD$$NEG
00319199   FD$$SUB
00319075   FD$$TOFS
ffffffff   FLASH_ABCDEFGH
ffffffff   FPUTABLES
00319170   FS$$DIV
0031913b   FS$$TOFD
003258b9   FXN_F_nop
003258ba   FXN_F_run
003258ca   FXN_F_selfLoop
003258c8   FXN_F_zero
00000001   GBL$
00005205   GBL_A_VERSION
00000000   GBL_CALLCSLCFGINIT
00007530   GBL_CLKIN
00006e8c   GBL_DSPSUBTYPE
0000001c   GBL_DSPTYPE
00000000   GBL_ENABLEINST
00000042   GBL_FOOTPRINT
000249f0   GBL_FREQ
00000001   GBL_LARGEMODEL
00000000   GBL_MODIFYPLLCR
00000000   GBL_NULL
0000000a   GBL_PLLCR
00000002   GBL_PLLDIV
00000002   GBL_PLLSTS
00020000   GBL_PLLWAITCYCLE
00000000   GBL_PROCID
00000000   GBL_ROM
00000000   GBL_SUPPORTCSL
0000dbef   GBL_TRCMASKVALUE
00000001   GBL_USERINIT
00317571   GBL_USERINITFXN
0032593f   GBL_USERLIMPMODEABORTFXN
00000001   GBL_boot
0000c2e0   GBL_initdone
00000400   GBL_stackbeg
000005ff   GBL_stackend
00000000   GIO$
0032593f   GIO_CREATEFXN
0032593f   GIO_DELETEFXN
0032593f   GIO_PENDFXN
0032593f   GIO_POSTFXN
00000000   HOOK$
00000000   HOOK_KNLID
00000000   HST$
0000f000   HST_A_TABBEG
0000f000   HST_A_TABEND
00000000   HST_DSM
ffffffff   HST_DSMBUFSEG
00000400   HST_DSMMEMSIZE
0000f422   HST_D_chanmask
0000f49a   HST_D_tabbegaddr
0000f49c   HST_D_tabendaddr
00000100   HST_MAXFRAMEALLOWED
00000000   HST_MAXFRAMESET
00000001   HST_NONE
00000000   HST_RTDX
00000001   HWI$
0000000f   HWI_DLOG
00000000   HWI_DLOG$hwi
0000f48e   HWI_D_inhwi
0000f489   HWI_D_spsave
0000f48a   HWI_D_stkbottomaddr
0000f48c   HWI_D_stktopaddr
0032513d   HWI_F_dispatch
00000013   HWI_ILLEGAL
00000000   HWI_ILLEGAL$hwi
00000001   HWI_INT1
00000000   HWI_INT1$hwi
0000000a   HWI_INT10
00000000   HWI_INT10$hwi
0000000b   HWI_INT11
00000000   HWI_INT11$hwi
0000000c   HWI_INT12
00000000   HWI_INT12$hwi
0000000d   HWI_INT13
00000000   HWI_INT13$hwi
00000002   HWI_INT2
00000000   HWI_INT2$hwi
00000003   HWI_INT3
00000000   HWI_INT3$hwi
00000004   HWI_INT4
00000000   HWI_INT4$hwi
00000005   HWI_INT5
00000000   HWI_INT5$hwi
00000006   HWI_INT6
00000000   HWI_INT6$hwi
00000007   HWI_INT7
00000000   HWI_INT7$hwi
00000008   HWI_INT8
00000000   HWI_INT8$hwi
00000009   HWI_INT9
00000000   HWI_INT9$hwi
00000012   HWI_NMI
00000000   HWI_NMI$hwi
00000001   HWI_PIESELECT
00000011   HWI_RESERVED
00000000   HWI_RESERVED$hwi
00000000   HWI_RESET
00000000   HWI_RESET$hwi
00000010   HWI_RTOS
00000000   HWI_RTOS$hwi
0000000e   HWI_TINT
00000000   HWI_TINT$hwi
00000014   HWI_USER1
00000000   HWI_USER1$hwi
0000001d   HWI_USER10
00000000   HWI_USER10$hwi
0000001e   HWI_USER11
00000000   HWI_USER11$hwi
0000001f   HWI_USER12
00000000   HWI_USER12$hwi
00000015   HWI_USER2
00000000   HWI_USER2$hwi
00000016   HWI_USER3
00000000   HWI_USER3$hwi
00000017   HWI_USER4
00000000   HWI_USER4$hwi
00000018   HWI_USER5
00000000   HWI_USER5$hwi
00000019   HWI_USER6
00000000   HWI_USER6$hwi
0000001a   HWI_USER7
00000000   HWI_USER7$hwi
0000001b   HWI_USER8
00000000   HWI_USER8$hwi
0000001c   HWI_USER9
00000000   HWI_USER9$hwi
00000001   HWI_VMAPSELECT
00319098   I$$DIV
003190a9   I$$MOD
00000000   IDL$
0000e884   IDL_A_CALBEG
0000e882   IDL_A_TABBEG
00000000   IDL_CALIBRERROR
00000000   IDL_CALIBRFXN
0000f424   IDL_D_calbeg
0000f426   IDL_D_calibrate
0000f428   IDL_D_tabbeg
0000e882   IDL_END
0000e884   IDL_END$
00325924   IDL_F_loop
00000000   IDL_USECLKIDLTIME
ffffffff   IQTABLES
ffffffff   IQTABLES2
00325676   KNL_glue
0000e86a   KNL_swi
00000001   KNL_swi$dorta
00000002   KNL_swi$ord
00000000   KNL_swi$pri
0000f4b6   KNL_swi$sts
003239dc   KNL_swi$sts$avgfmt
00000002   KNL_swi$sts$filter
00000001   KNL_swi$sts$filtmaxmult
00000001   KNL_swi$sts$filtsummult
003239cc   KNL_swi$sts$maxfmt
0000f4b4   KNL_swi$sts$stsobj
003239d4   KNL_swi$sts$sumfmt
00000000   KNL_swi$sts$unittype
00000000   KNL_swi$swi
00325680   KNL_tick_stub
ffffffff   L0123SARAM
ffffffff   L47SARAM
0000c287   L4SARAM
0000e000   L4SARAM$B
00000200   L4SARAM$L
ffffffff   L5SARAM
ffffffff   L6SARAM
ffffffff   L7SARAM
00000001   LCK$
00000001   LOG$
0000f580   LOG_A_TABBEG
0000f594   LOG_A_TABEND
00000002   LOG_A_TABLEN
0000f42a   LOG_D_system
00000001   LOG_ENABLED
00325869   LOG_F_event
0000f580   LOG_system
0000f500   LOG_system$buf
00000000   LOG_system$datatype
00000000   LOG_system$log
00000080   LOG_system$size
ffffffff   M0SARAM
ffffffff   M1SARAM
00000000   MBX$
00000001   MEM$
0000c287   MEM_MALLOCSEG
00000000   MEM_NULL
0000c287   MEM_SEGZERO
00000001   MEM_gNumHeap
00000000   MSGQ$
00000000   MSGQ_USEMSGQ
00000000   OBJ$
ffffffff   OTP
ffffffff   PASSWORDS
00000001   PIE$
ffffffff   PIEVECT
00000068   PIE_INT10_1
00000000   PIE_INT10_1$hwi
00000069   PIE_INT10_2
00000000   PIE_INT10_2$hwi
0000006a   PIE_INT10_3
00000000   PIE_INT10_3$hwi
0000006b   PIE_INT10_4
00000000   PIE_INT10_4$hwi
0000006c   PIE_INT10_5
00000000   PIE_INT10_5$hwi
0000006d   PIE_INT10_6
00000000   PIE_INT10_6$hwi
0000006e   PIE_INT10_7
00000000   PIE_INT10_7$hwi
0000006f   PIE_INT10_8
00000000   PIE_INT10_8$hwi
00000070   PIE_INT11_1
00000000   PIE_INT11_1$hwi
00000071   PIE_INT11_2
00000000   PIE_INT11_2$hwi
00000072   PIE_INT11_3
00000000   PIE_INT11_3$hwi
00000073   PIE_INT11_4
00000000   PIE_INT11_4$hwi
00000074   PIE_INT11_5
00000000   PIE_INT11_5$hwi
00000075   PIE_INT11_6
00000000   PIE_INT11_6$hwi
00000076   PIE_INT11_7
00000000   PIE_INT11_7$hwi
00000077   PIE_INT11_8
00000000   PIE_INT11_8$hwi
00000078   PIE_INT12_1
00000000   PIE_INT12_1$hwi
00000079   PIE_INT12_2
00000000   PIE_INT12_2$hwi
0000007a   PIE_INT12_3
00000000   PIE_INT12_3$hwi
0000007b   PIE_INT12_4
00000000   PIE_INT12_4$hwi
0000007c   PIE_INT12_5
00000000   PIE_INT12_5$hwi
0000007d   PIE_INT12_6
00000000   PIE_INT12_6$hwi
0000007e   PIE_INT12_7
00000000   PIE_INT12_7$hwi
0000007f   PIE_INT12_8
00000000   PIE_INT12_8$hwi
00000020   PIE_INT1_1
00000000   PIE_INT1_1$hwi
00000021   PIE_INT1_2
00000000   PIE_INT1_2$hwi
00000022   PIE_INT1_3
00000000   PIE_INT1_3$hwi
00000023   PIE_INT1_4
00000000   PIE_INT1_4$hwi
00000024   PIE_INT1_5
00000000   PIE_INT1_5$hwi
00000025   PIE_INT1_6
00000000   PIE_INT1_6$hwi
00000026   PIE_INT1_7
00000000   PIE_INT1_7$hwi
00000027   PIE_INT1_8
00000000   PIE_INT1_8$hwi
00000028   PIE_INT2_1
00000000   PIE_INT2_1$hwi
00000029   PIE_INT2_2
00000000   PIE_INT2_2$hwi
0000002a   PIE_INT2_3
00000000   PIE_INT2_3$hwi
0000002b   PIE_INT2_4
00000000   PIE_INT2_4$hwi
0000002c   PIE_INT2_5
00000000   PIE_INT2_5$hwi
0000002d   PIE_INT2_6
00000000   PIE_INT2_6$hwi
0000002e   PIE_INT2_7
00000000   PIE_INT2_7$hwi
0000002f   PIE_INT2_8
00000000   PIE_INT2_8$hwi
00000030   PIE_INT3_1
00000000   PIE_INT3_1$hwi
00000031   PIE_INT3_2
00000000   PIE_INT3_2$hwi
00000032   PIE_INT3_3
00000000   PIE_INT3_3$hwi
00000033   PIE_INT3_4
00000000   PIE_INT3_4$hwi
00000034   PIE_INT3_5
00000000   PIE_INT3_5$hwi
00000035   PIE_INT3_6
00000000   PIE_INT3_6$hwi
00000036   PIE_INT3_7
00000000   PIE_INT3_7$hwi
00000037   PIE_INT3_8
00000000   PIE_INT3_8$hwi
00000038   PIE_INT4_1
00000000   PIE_INT4_1$hwi
00000039   PIE_INT4_2
00000000   PIE_INT4_2$hwi
0000003a   PIE_INT4_3
00000000   PIE_INT4_3$hwi
0000003b   PIE_INT4_4
00000000   PIE_INT4_4$hwi
0000003c   PIE_INT4_5
00000000   PIE_INT4_5$hwi
0000003d   PIE_INT4_6
00000000   PIE_INT4_6$hwi
0000003e   PIE_INT4_7
00000000   PIE_INT4_7$hwi
0000003f   PIE_INT4_8
00000000   PIE_INT4_8$hwi
00000040   PIE_INT5_1
00000000   PIE_INT5_1$hwi
00000041   PIE_INT5_2
00000000   PIE_INT5_2$hwi
00000042   PIE_INT5_3
00000000   PIE_INT5_3$hwi
00000043   PIE_INT5_4
00000000   PIE_INT5_4$hwi
00000044   PIE_INT5_5
00000000   PIE_INT5_5$hwi
00000045   PIE_INT5_6
00000000   PIE_INT5_6$hwi
00000046   PIE_INT5_7
00000000   PIE_INT5_7$hwi
00000047   PIE_INT5_8
00000000   PIE_INT5_8$hwi
00000048   PIE_INT6_1
00000000   PIE_INT6_1$hwi
00000049   PIE_INT6_2
00000000   PIE_INT6_2$hwi
0000004a   PIE_INT6_3
00000000   PIE_INT6_3$hwi
0000004b   PIE_INT6_4
00000000   PIE_INT6_4$hwi
0000004c   PIE_INT6_5
00000000   PIE_INT6_5$hwi
0000004d   PIE_INT6_6
00000000   PIE_INT6_6$hwi
0000004e   PIE_INT6_7
00000000   PIE_INT6_7$hwi
0000004f   PIE_INT6_8
00000000   PIE_INT6_8$hwi
00000050   PIE_INT7_1
00000000   PIE_INT7_1$hwi
00000051   PIE_INT7_2
00000000   PIE_INT7_2$hwi
00000052   PIE_INT7_3
00000000   PIE_INT7_3$hwi
00000053   PIE_INT7_4
00000000   PIE_INT7_4$hwi
00000054   PIE_INT7_5
00000000   PIE_INT7_5$hwi
00000055   PIE_INT7_6
00000000   PIE_INT7_6$hwi
00000056   PIE_INT7_7
00000000   PIE_INT7_7$hwi
00000057   PIE_INT7_8
00000000   PIE_INT7_8$hwi
00000058   PIE_INT8_1
00000000   PIE_INT8_1$hwi
00000059   PIE_INT8_2
00000000   PIE_INT8_2$hwi
0000005a   PIE_INT8_3
00000000   PIE_INT8_3$hwi
0000005b   PIE_INT8_4
00000000   PIE_INT8_4$hwi
0000005c   PIE_INT8_5
00000000   PIE_INT8_5$hwi
0000005d   PIE_INT8_6
00000000   PIE_INT8_6$hwi
0000005e   PIE_INT8_7
00000000   PIE_INT8_7$hwi
0000005f   PIE_INT8_8
00000000   PIE_INT8_8$hwi
00000060   PIE_INT9_1
00000000   PIE_INT9_1$hwi
00000061   PIE_INT9_2
00000000   PIE_INT9_2$hwi
00000062   PIE_INT9_3
00000000   PIE_INT9_3$hwi
00000063   PIE_INT9_4
00000000   PIE_INT9_4$hwi
00000064   PIE_INT9_5
00000000   PIE_INT9_5$hwi
00000065   PIE_INT9_6
00000000   PIE_INT9_6$hwi
00000066   PIE_INT9_7
00000000   PIE_INT9_7$hwi
00000067   PIE_INT9_8
00000000   PIE_INT9_8$hwi
00000000   PIP$
0000e800   PIP_A_TABBEG
0000e800   PIP_A_TABEND
00000000   PIP_A_TABLEN
0000f42c   PIP_D_tabbeg
0000f42e   PIP_D_tablen
00000032   PIP_OBJSIZE
00000000   PIP_gNextId
00000000   PIP_gNumEmbed
00000000   POOL$
00000000   POOL_USEPOOL
00000001   PRD$
0000f594   PRD_A_TABBEG
0000f5a0   PRD_A_TABEND
00000001   PRD_A_TABLEN
0000f430   PRD_D_cur
0000f432   PRD_D_elapsed
0000f433   PRD_D_prevtim
0000f434   PRD_D_scalar
0000f436   PRD_D_swihandle
0000f438   PRD_D_tabbeg
0000f43a   PRD_D_tablen
0000f43c   PRD_D_thook
0000f43e   PRD_D_tickh
0000f43f   PRD_D_tickl
003252fd   PRD_F_swi
0032536c   PRD_F_tick
00000002   PRD_SCALAR
0000e856   PRD_SWIHANDLE
00325680   PRD_THOOKFXN
0000e87e   PRD_clock
0000e856   PRD_swi
00000001   PRD_swi$dorta
00000001   PRD_swi$ord
00000001   PRD_swi$pri
0000f4ae   PRD_swi$sts
003239c2   PRD_swi$sts$avgfmt
00000002   PRD_swi$sts$filter
00000001   PRD_swi$sts$filtmaxmult
00000001   PRD_swi$sts$filtsummult
003239b2   PRD_swi$sts$maxfmt
0000f4ac   PRD_swi$sts$stsobj
003239ba   PRD_swi$sts$sumfmt
00000000   PRD_swi$sts$unittype
00000000   PRD_swi$swi
00000001   QUE$
0000c288   RTA_fromHost$buf
00000000   RTDX$
00000102   RTDX_BUFMEMSIZE
ffffffff   RTDX_DATAMEMSEG
0000f49e   RTDX_D_BufRead
0000f4a0   RTDX_D_BufWrite
0000f4a2   RTDX_D_Poll
00000000   RTDX_MODE
00000000   RTDX_USERTDX
00000000   RTDX_USERTEXECUTION
00000001   SEM$
00000000   SIO$
00000000   STS$
0000f4a4   STS_A_TABBEG
0000f4bc   STS_A_TABEND
003257f8   STS_F_add
003257ec   STS_F_delta
00325804   STS_F_reset
00000001   SWI$
0000e856   SWI_A_TABBEG
0000e87e   SWI_A_TABEND
00000002   SWI_A_TABLEN
0000f448   SWI_D_curfxn
0000f444   SWI_D_curmask
0000f447   SWI_D_curmbox
0000f445   SWI_D_curset
0000f442   SWI_D_execaddr
0000f488   SWI_D_inswi
0000f446   SWI_D_lock
0000f44a   SWI_D_rdybeg
0000f44c   SWI_D_rdytab
0000f440   SWI_D_runaddr
00000000   SWI_EHOOKFXN
00325028   SWI_EXECFXN
00324fb9   SWI_F_enable
00325028   SWI_F_exec
00325004   SWI_F_exec_sync
00324fcd   SWI_F_post
00325075   SWI_F_run
00000000   SWI_IHOOKFXN
00325075   SWI_RUNFXN
00000001   SYS$
0000f5a0   SYS$config
003258cb   SYS_ABORTFXN
003258db   SYS_ERRORFXN
00325939   SYS_EXITFXN
00325905   SYS_PUTCFXN
0000fcc6   SlowCalcs
0000fcc0   SlowCalcs$obj
00000004   SlowCalcs$ord
00000001   SlowCalcs$pri
00000000   SlowCalcs$tsk
0000e846   SlowCalcs_SEM
00004000   TRC_GBLTARG
0000c2df   TRC_R_mask
0000c2de   TRC_cinit
00000001   TSK$
00000000   TSK_NUM_HOOKS
00000001   TSK_PRIORITY
00000000   TSK_READYFXN
0000c287   TSK_STACKSEG
00000080   TSK_STACKSIZE
00000000   TSK_SWITCHFXN
0032593f   TSK_VCREATEFXN
0032593f   TSK_VDELETEFXN
0032593f   TSK_VEXITFXN
0000c2ac   TSK_config
0000fc06   TSK_idle
0000fc00   TSK_idle$obj
00000001   TSK_idle$ord
00000000   TSK_idle$pri
0000fb00   TSK_idle$stack
0000fb00   TSK_idle$stkptr
00000000   TSK_idle$tsk
003191b4   U$$DIV
003191b9   U$$MOD
00000000   UDEV$
ffffffff   ZONE7
00300d90   _ADCINT_ISR
ffffffff   _ADC_CAL
00318b68   _ADC_getRandomNum
00318b40   _ADC_initRandomNum
00000b00   _AdcMirror
00007100   _AdcRegs
ffffffff   _BEGIN_FLASH
ffffffff   _BEGIN_M0
00325aec   _BIOS_init
00325b4d   _BIOS_start
00311443   _BIT_InitAngleLimits
0030fc3d   _BIT_InitRangeLimits
00316160   _BIT_allEnabled
00315e48   _BIT_disable
00315e20   _BIT_enable
003087d2   _BIT_getPotADCIndex
00316119   _BIT_init
00308bbb   _BIT_initTests
0030fc13   _BIT_initerrCnt
0030fbf0   _BIT_initerrVal
003160fd   _BIT_isEnabled
0031609d   _BIT_postEEread
0031605e   _BIT_preEEwrite
00315f30   _BIT_process
00315e6a   _BIT_run
00315f0a   _BIT_start
00308a10   _BITc_BatteryCheck
00308a0f   _BITc_BatteryClear
0030898b   _BITc_BrakeCheck
0030898a   _BITc_BrakeClear
003088e8   _BITc_ControlTimeCheck
003088d8   _BITc_ControlTimeClear
003088ba   _BITc_FastSensorClear
003087ea   _BITc_FastSensorRanges
00308484   _BITc_FeedbackCheck
0030841b   _BITc_FeedbackClear
00308400   _BITc_HMISensorCheck
003083fc   _BITc_HMISensorClear
003083f7   _BITc_ImuSensorClear
003083c0   _BITc_ImuSensorRanges
0030835a   _BITc_JointLimitChecks
00308347   _BITc_JointLimitClear
003081ba   _BITc_SlowSensorCheck
003081b9   _BITc_SlowSensorClear
0030809e   _BITc_StackCheck
00308060   _BITc_StackClear
0030805a   _BITm_FootAuto_Abort
0030803c   _BITm_FootAuto_End
00307f88   _BITm_FootAuto_Run
00307d3d   _BITm_FootAuto_Start
00307d27   _BITm_FootManual_Abort
00307d18   _BITm_FootManual_End
00307a5b   _BITm_FootManual_Run
00307a3e   _BITm_FootManual_Start
0030797a   _BITm_JointManual_Abort
00307a37   _BITm_JointManual_AbortAll
00307934   _BITm_JointManual_End
00307a26   _BITm_JointManual_EndAll
00307513   _BITm_JointManual_Run
00307992   _BITm_JointManual_RunAll
00307503   _BITm_JointManual_StartAll
003074ee   _BITm_LHManual_Start
003074d9   _BITm_LKManual_Start
003074c5   _BITm_RHManual_Start
003074b1   _BITm_RKManual_Start
003074ab   _BITm_TorsoManual_Abort
003074a2   _BITm_TorsoManual_End
003071f1   _BITm_TorsoManual_Run
003071e4   _BITm_TorsoManual_Start
003071c8   _BITs_DelayAbort
003071c6   _BITs_DelayEnd
003071b8   _BITs_DelayRun
003071b0   _BITs_DelayStart
ffffffff   _BOOTROM
003177ed   _BackgroundCalculations
0000e81c   _Bkg_SEM
0000fc86   _BkgndFuncs
00311e11   _CAN_ConfigElmos
00311d6f   _CAN_Process
00311c3b   _CAN_TxRx_ISR
00311a55   _CAN_addCmd
00311aa9   _CAN_all_motors_on
00311a8e   _CAN_initDriver
0031199a   _CAN_initParam
00311996   _CAN_isTxDisabled
0031198a   _CAN_isTxDone
00311978   _CAN_nmt_start_all
00311965   _CAN_report_elmo_temp
00311957   _CAN_report_motor_fail
00311949   _CAN_report_motor_stat
0031193b   _CAN_report_state
00311925   _CAN_servos_booted
0031190e   _CAN_set_mode
003118d2   _CAN_set_motor_enable
003118ab   _CAN_set_torq
0031180a   _CAN_txDisableToggle
0000c350   _CLK_COUNTSPMS
000090fe   _CLK_DFLTMICROSECS
0000f416   _CLK_D_countspms
0000f410   _CLK_D_dirty
000090fc   _CLK_D_microseconds
0000f412   _CLK_D_prd
0000f414   _CLK_D_tddr
0000c34f   _CLK_PRD
00000c10   _CLK_REGS
00000022   _CLK_TCR
00000002   _CLK_TDDR
00000000   _CLK_TIMERNUM
00000001   _CLK_USETIMER
003256c3   _CLK_getltime
0000f408   _CLK_htimeDiv
0000f40a   _CLK_htimeMult
0000a23e   _CLK_htimePerLtime
003256c7   _CLK_itime
0000f40c   _CLK_ltimeDiv
0000f40e   _CLK_ltimeMult
00009e2c   _CL_overflowRet1
00009e2e   _CL_overflowRet2
00009e2a   _CL_rpcval
00009e29   _CL_spval
00009e30   _CL_tempval
00318f4d   _CRC_FastByte
00318f2f   _CRC_FastWord
00318f18   _CRC_Init
ffffffff   _CSM_RSVD
003155a3   _CalculateControl
0000f594   _Control
00317741   _ControlCalculations
0031761f   _ControlOutput
00000c00   _CpuTimer0Regs
00000c08   _CpuTimer1Regs
00000c10   _CpuTimer2Regs
003f7ff8   _CsmPwl
00000ae0   _CsmRegs
00009ec0   _Ctrl
0000fc46   _CtrlCalcs
0000e806   _CtrlOnce_SEM
00302024   _DINTCH1_ISR
003020c8   _DINTCH2_ISR
0030216c   _DINTCH3_ISR
00302210   _DINTCH4_ISR
003022b4   _DINTCH5_ISR
00302358   _DINTCH6_ISR
0030da9e   _DLOG_DataLog
0030cc47   _DLOG_UseCompression
0030cc42   _DLOG_disableLogging
0030cc3e   _DLOG_getDataLogState
0030cc2e   _DLOG_init
0030cb5c   _DLOG_initBinaryLogData
0030c95a   _DLOG_setDataLogState
00009140   _DLOG_tmpLogFloats
0030c983   _DLOG_triggerErrorLogDump
00319189   _DelayUs
00000880   _DevEmuRegs
00009e5e   _DistanceWalked
0030257a   _ECAN0INTA_ISR
00302625   _ECAN0INTB_ISR
00302581   _ECAN1INTA_ISR
003026c9   _ECAN1INTB_ISR
0030172c   _ECAP1_INT_ISR
003017d0   _ECAP2_INT_ISR
00301874   _ECAP3_INT_ISR
00301918   _ECAP4_INT_ISR
003019bc   _ECAP5_INT_ISR
00301a60   _ECAP6_INT_ISR
00006040   _ECanaLAMRegs
000060c0   _ECanaMOTORegs
00006080   _ECanaMOTSRegs
00006100   _ECanaMboxes
00006000   _ECanaRegs
0000a8c8   _ECanaShadow
00006240   _ECanbLAMRegs
000062c0   _ECanbMOTORegs
00006280   _ECanbMOTSRegs
00006300   _ECanbMboxes
00006200   _ECanbRegs
003187f4   _EEPROM_ReadWrite
00301354   _EPWM1_INT_ISR
00300f7c   _EPWM1_TZINT_ISR
003013f8   _EPWM2_INT_ISR
00301020   _EPWM2_TZINT_ISR
0030149c   _EPWM3_INT_ISR
003010c4   _EPWM3_TZINT_ISR
00301540   _EPWM4_INT_ISR
00301168   _EPWM4_TZINT_ISR
003015e4   _EPWM5_INT_ISR
0030120c   _EPWM5_TZINT_ISR
00301688   _EPWM6_INT_ISR
003012b0   _EPWM6_TZINT_ISR
00301b04   _EQEP1_INT_ISR
00301ba8   _EQEP2_INT_ISR
00312871   _ERR_GetErrQLength
0031276f   _ERR_buildNonVolErrorString
003126a7   _ERR_buildVolErrorString
0031269d   _ERR_getLastErrorIndex
00312699   _ERR_isErrorLogWriteable
00312692   _ERR_logPostXfr
0031266f   _ERR_overwriteErrQueueFull
00312612   _ERR_process
00312539   _ERR_readErrorToDump
00311f1c   _ERR_report
00312529   _ERR_report_program
00312525   _ERR_stopLoggingErrors
ffffffff   _FLASH_ABCDEFGH
00314930   _FLASH_SendReceive
003173cb   _FLASH_erasePage
0031728b   _FLASH_execCmd
0031725c   _FLASH_flush
00317258   _FLASH_getActivePage
0031724d   _FLASH_getNextErrPage
0031723e   _FLASH_isCommandFast
00317237   _FLASH_isProgramCmdInQueue
003171c4   _FLASH_read
00317165   _FLASH_readError
003170c9   _FLASH_write
0031704e   _FLASH_writeError
00316fd8   _FLASH_writeInit
00316fc1   _FLASH_writeSpaceForOneError
00316faa   _FLASH_writeSpaceForTwoErrors
00318191   _FPGA_EngageBrake
00318128   _FPGA_GetRegisterValue
003180ff   _FPGA_HwDisableClear
003180dd   _FPGA_QueryBrake
003180c7   _FPGA_ReleaseBrake
00317fd5   _FPGA_SetRegisterValue
00317f92   _FPGA_getAmpBrdVersion
00317f6f   _FPGA_getCpuBrdVersion
003180c3   _FPGA_getFPGAVersion
003180bf   _FPGA_getHwDisableLatched
003180b5   _FPGA_isSerPortConnBatt1
003180ab   _FPGA_isSerPortConnBatt2
003180a1   _FPGA_isSerPortConnDSP
00318059   _FPGA_readAndCheckVer
00318055   _FPGA_setHwDisableLatched
00318043   _FPGA_setSerialSwitch
ffffffff   _FPUTABLES
003ff0de   _FPUatan2HalfPITable
003ff0e2   _FPUatan2Table
003ff268   _FPUatan2TableEnd
003fecdc   _FPUcosTable
003ff0de   _FPUcosTableEnd
003febdc   _FPUsinTable
003fefdc   _FPUsinTableEnd
0032593f   _FXN_F_nop
0030f8ca   _FitPoly5Order
00000a80   _FlashRegs
0030f506   _FormatJointAngle
0030f7d3   _FormatRawSensors
0000f404   _GBL_clkIn
0000f406   _GBL_freq
0032593c   _GBL_getVersion
0000f402   _GBL_procId
00006f80   _GpioCtrlRegs
00006fc0   _GpioDataRegs
00006fe0   _GpioIntRegs
00314822   _HMI_bluetooth_power_enable
0031492c   _HMI_gpio_get
00314679   _HMI_isBtConnected
00314926   _HMI_isHmiDetected
00314920   _HMI_isScibRTSready
00314870   _HMI_led_set
0031483c   _HMI_phone_chrg_enable
00314856   _HMI_usb_enable
0000f000   _HST_A_TABBEG
0000f000   _HST_A_TABEND
0000000f   _HWI_DLOG
0000f48e   _HWI_D_inhwi
0000f300   _HWI_D_intrNum
0000f489   _HWI_D_spsave
003251e0   _HWI_F_dispIsr0
003251e3   _HWI_F_dispIsr1
00325136   _HWI_F_dispIsrPie
0032513d   _HWI_F_dispatch
00000013   _HWI_ILLEGAL
00000001   _HWI_INT1
0000000a   _HWI_INT10
0000000b   _HWI_INT11
0000000c   _HWI_INT12
0000000d   _HWI_INT13
00000002   _HWI_INT2
00000003   _HWI_INT3
00000004   _HWI_INT4
00000005   _HWI_INT5
00000006   _HWI_INT6
00000007   _HWI_INT7
00000008   _HWI_INT8
00000009   _HWI_INT9
00000012   _HWI_NMI
00000011   _HWI_RESERVED
00000000   _HWI_RESET
00000010   _HWI_RTOS
00000400   _HWI_STKBOTTOM
00000600   _HWI_STKTOP
0000000e   _HWI_TINT
00000014   _HWI_USER1
0000001d   _HWI_USER10
0000001e   _HWI_USER11
0000001f   _HWI_USER12
00000015   _HWI_USER2
00000016   _HWI_USER3
00000017   _HWI_USER4
00000018   _HWI_USER5
00000019   _HWI_USER6
0000001a   _HWI_USER7
0000001b   _HWI_USER8
0000001c   _HWI_USER9
0000f489   _HWI_data
00325911   _HWI_disable
0000f000   _HWI_dispatchTab
00325915   _HWI_enable
00325917   _HWI_restore
0000b153   _HighKtHipMot
003023fc   _I2CINT1A_ISR
00302403   _I2CINT2A_ISR
00316630   _I2C_Add_Msg_To_Queue
003164a7   _I2C_Basic_ISR
003165d3   _I2C_BlockingProcessAll
0031644e   _I2C_FIFO_ISR
0031642d   _I2C_FindFreeMsg
00316409   _I2C_InitI2C
003162db   _I2C_Process
00316293   _I2C_Rmv_Msg_From_Queue
00316270   _I2C_clearQueue
00007900   _I2caRegs
00325924   _IDL_F_loop
003002e0   _ILLEGAL_ISR
003150aa   _IMU_IsCommOn
00314fad   _IMU_Read_Reg
003148e2   _IMU_SendReceive
00314e49   _IMU_Special_Cmd
00314d7a   _IMU_Write_Reg
00314d75   _IMU_getPitchAng
00314d70   _IMU_getPitchRate
00314d6b   _IMU_getRollAng
00314d66   _IMU_getYawAng
00314d45   _IMU_init
00300100   _INT13_ISR
ffffffff   _IQTABLES
ffffffff   _IQTABLES2
00318de9   _InitCPUTimers
003181dc   _InitECan
00318022   _InitFPGAEncoders
0000c2bd   _InitFlash
003185b4   _InitGpio
0030b5fa   _InitLCD
00318fa8   _InitPieCtrl
00316ac2   _InitSCI
00318d8b   _InitSysCtrl
00318917   _InitWatchdog
00325c4c   _InitXintf
0000bfda   _KNL_alarm
00325703   _KNL_check
0000bfc8   _KNL_curqueue
0000bfdc   _KNL_curtask
0000bfc0   _KNL_curtime
0000bfe2   _KNL_dummy
0032580c   _KNL_enter
003258f9   _KNL_exit
00325724   _KNL_idle
0000bfcc   _KNL_idlefxn
0000bfd6   _KNL_inactive
003257a9   _KNL_ipost
0032572d   _KNL_max
0000bfc4   _KNL_maxqueue
003258a3   _KNL_post
0000bfde   _KNL_prevtask
0000bfe0   _KNL_priority
0000c000   _KNL_queues
00325427   _KNL_run
00325687   _KNL_saveIsrFrame
0000bfc2   _KNL_set
0000bfd4   _KNL_setpri
0000e86a   _KNL_swi
0000bfc6   _KNL_swiptr
00325659   _KNL_switch
0000bfce   _KNL_tcreatefxn
0000bfd0   _KNL_tdeletefxn
0032592a   _KNL_tick
0000bfca   _KNL_treadyfxn
0000bfd2   _KNL_tswitchfxn
0000bfc1   _KNL_wFlag
0000bfd8   _KNL_wList
ffffffff   _L0123SARAM
ffffffff   _L47SARAM
0000c287   _L4SARAM
0000e000   _L4SARAM_base
00000200   _L4SARAM_length
ffffffff   _L5SARAM
ffffffff   _L6SARAM
ffffffff   _L7SARAM
0030ec62   _LCD_ADCOffsetEdit
00312517   _LCD_AckError
0030f398   _LCD_AdcValDisp
0030ec58   _LCD_AdminAccessOK
0030ec53   _LCD_AdminLogout
00315eae   _LCD_BitDispCheck
00315dd2   _LCD_BitTitleUpdate
00315dc7   _LCD_BitUpDown
00315ca7   _LCD_BitUpdate
0030b00e   _LCD_BuzzerSetState
00311801   _LCD_CanLeft
003117f5   _LCD_CanNodeDn
003117e7   _LCD_CanNodeUp
003117de   _LCD_CanRight
003117ba   _LCD_CanUpdate
0030b5f1   _LCD_ChangeSide
0030f38c   _LCD_CheckIMUSelect
00316a9a   _LCD_ChngSerPort
00316a63   _LCD_ClrSerPort
0030ec1b   _LCD_ClrTimes
00317bc6   _LCD_CustNumCancel
0030c96c   _LCD_DataLogCheck
0030c950   _LCD_DataLogDown
0030c946   _LCD_DataLogUp
0030c8c1   _LCD_DataLogUpdate
00317bb9   _LCD_DecrCustNumIncr
00317b8a   _LCD_DecrCustNumVal
003187da   _LCD_DecrEEAddr
003151db   _LCD_DecrGainSel
003151d5   _LCD_DecrGainSys
00314ca5   _LCD_DecrIMUAddr
00314c8c   _LCD_DecrIMUOffset
00317b7c   _LCD_DecrSerNumIncr
00317b4c   _LCD_DecrSerNumVal
0030b5e8   _LCD_DecrStep
0030ebed   _LCD_DecrTestOff
0030b54c   _LCD_DecrVal
0030b59c   _LCD_DecrValRoll
0030b595   _LCD_DecrVal_Admin
0030b503   _LCD_DecrdValTmp
0030b484   _LCD_DecrfVal
0030b4d1   _LCD_DecrfValTmp
0030b4ca   _LCD_DecrfVal_Admin
0030eb95   _LCD_DispADCVal
00317b22   _LCD_DispBiosVer
00317b0c   _LCD_DispBldDate
00317ade   _LCD_DispBldRev
00317ac8   _LCD_DispBldTime
00317aa3   _LCD_DispBootCount
003131c2   _LCD_DispClearEMCY
0030eaf6   _LCD_DispCurrent
00317a15   _LCD_DispCustNum
0030c84b   _LCD_DispEditEval
0030c80c   _LCD_DispEditIDReminder
0030c7a9   _LCD_DispEditMethod
0030b440   _LCD_DispEditdVal
0030b409   _LCD_DispEditfVal
0030e9e9   _LCD_DispEncAngle
0030e956   _LCD_DispEncoder
00312447   _LCD_DispErr
0030b3df   _LCD_DispFloat
0031519a   _LCD_DispGains
0030f310   _LCD_DispIMUPitch
0030f1f7   _LCD_DispIMURoll
0030e7c5   _LCD_DispIMUVal
0030e764   _LCD_DispJointTemp
00317df8   _LCD_DispLock
0030e660   _LCD_DispPoseVal
0030e5b7   _LCD_DispPressure
0030e4ee   _LCD_DispSQT
0030e413   _LCD_DispSQTStat
00317982   _LCD_DispSerNum
003169af   _LCD_DispSerPort
0030e310   _LCD_DispSquatParam
0030e284   _LCD_DispTestAxis
0030e214   _LCD_DispTestOff
0030e177   _LCD_DispTestParam
0030b3c3   _LCD_DispText
0030b3a2   _LCD_DispTextCustom
0030e08e   _LCD_DispTimes
0030e066   _LCD_DispTorThresh
0030e02c   _LCD_DispTorsoAng
0031793b   _LCD_DispVers
0030b37c   _LCD_DispYesNo
0030b33d   _LCD_DispdVal
0030b324   _LCD_DispsVal
0030f1e7   _LCD_DnIMUSelPitch
0030f1b4   _LCD_DnIMUSelRoll
003131b4   _LCD_DoClearEMCY
0030b8c0   _LCD_DoNotDispLoadPrevSet
00315be2   _LCD_DxferD
00315bd7   _LCD_DxferL
00315bcc   _LCD_DxferR
00315bc0   _LCD_DxferU
00318776   _LCD_EEValDisp
00317926   _LCD_EditCustNum
0031873f   _LCD_EditEEVal
00318727   _LCD_EditEE_Done
0030e00e   _LCD_EditEncOffset
00314c86   _LCD_EditIMU_Decr
00314c65   _LCD_EditIMU_Done
00314c4d   _LCD_EditIMU_Incr
00314c01   _LCD_EditIMU_Update
0031790d   _LCD_EditSerNum
0030df9e   _LCD_EncDisp
0030df62   _LCD_EnterThreshold
0030df51   _LCD_EnterUC
00312413   _LCD_ErrorDiagsCheck
003123b9   _LCD_ErrorDiagsDn
0031238e   _LCD_ErrorDiagsLeft
00312385   _LCD_ErrorDiagsRight
00312375   _LCD_ErrorDiagsUp
0031225e   _LCD_ErrorDiagsUpdate
0031211f   _LCD_ExitErrorDiags
0030df3d   _LCD_ExitUC
0030bbc9   _LCD_ExoStateDisp
0030be10   _LCD_ExoStateDispWalk
0030a289   _LCD_ExoStateEnter
0030a262   _LCD_ExoStateLBtn
0030a282   _LCD_ExoStateLBtnWalk
0030a23b   _LCD_ExoStateRBtn
0030a25b   _LCD_ExoStateRBtnWalk
0030df31   _LCD_FlashText
00315168   _LCD_GainEdit
0030df2d   _LCD_GetSerPortSelect
0030b30b   _LCD_GoRoot
0030f1ae   _LCD_GotoAdcDisp
00315ca1   _LCD_GotoBitDisp
0030defc   _LCD_GotoCalScreen
003131ae   _LCD_GotoClearEMCY
00318716   _LCD_GotoEEDisp
0030b2d5   _LCD_GotoEditParamScreen
0030b29f   _LCD_GotoEditSquatParamScreen
0030b24e   _LCD_GotoEditdScreen
0030b224   _LCD_GotoEditfScreen
00312119   _LCD_GotoErrorDiags
00314bfb   _LCD_GotoIMUDisp
0030f1a8   _LCD_GotoIMUSelect
00317df2   _LCD_GotoInterlocks
0030b21e   _LCD_GotoLcdDiags
003139ea   _LCD_GotoMFGScreen
00310a13   _LCD_GotoMachineStats
003141c7   _LCD_GotoSMBDisp
0030a932   _LCD_GotoScreen
0030def6   _LCD_GotoSquatMenu
00314884   _LCD_HmiCheck
0031467f   _LCD_HmiDispReg
00314670   _LCD_HmiLeft
00314667   _LCD_HmiRight
00314a2c   _LCD_IMUValDisp
003178ff   _LCD_IncrCustNumIncr
003178d0   _LCD_IncrCustNumVal
003186fd   _LCD_IncrEEAddr
00315160   _LCD_IncrGainSel
00315158   _LCD_IncrGainSys
00314a15   _LCD_IncrIMUAddr
003149fa   _LCD_IncrIMUOffset
003178c2   _LCD_IncrSerNumIncr
00317892   _LCD_IncrSerNumVal
0030b215   _LCD_IncrStep
0030dec8   _LCD_IncrTestOff
0030b17a   _LCD_IncrVal
0030b1c9   _LCD_IncrValRoll
0030b1c2   _LCD_IncrVal_Admin
0030b132   _LCD_IncrdValTmp
0030b077   _LCD_IncrfVal
0030b0ef   _LCD_IncrfValHipCur
0030b0bd   _LCD_IncrfValTmp
0030b0b6   _LCD_IncrfVal_Admin
0030b073   _LCD_IsAccessAdmin
0030b06b   _LCD_IsAccessMfg
0030a985   _LCD_IsAccessTech
0030a98e   _LCD_IsLCDWalkScreen
0030b05d   _LCD_IsOnScreen
0030b059   _LCD_IsScreenTimedOut
00317de9   _LCD_LOCKMvL
00317de0   _LCD_LOCKMvR
0030b04c   _LCD_LcdDiagsCheck
0030afd6   _LCD_LcdDiagsDisp
0030afcb   _LCD_LcdDiagsDown
0030afc2   _LCD_LcdDiagsLeft
0030afba   _LCD_LcdDiagsRight
[...]
0030b2d5   _LCD_GotoEditParamScreen
0030b30b   _LCD_GoRoot
0030b324   _LCD_DispsVal
0030b33d   _LCD_DispdVal
0030b37c   _LCD_DispYesNo
0030b3a2   _LCD_DispTextCustom
0030b3c3   _LCD_DispText
0030b3df   _LCD_DispFloat
0030b409   _LCD_DispEditfVal
0030b440   _LCD_DispEditdVal
0030b484   _LCD_DecrfVal
0030b4ca   _LCD_DecrfVal_Admin
0030b4d1   _LCD_DecrfValTmp
0030b503   _LCD_DecrdValTmp
0030b54c   _LCD_DecrVal
0030b595   _LCD_DecrVal_Admin
0030b59c   _LCD_DecrValRoll
0030b5e8   _LCD_DecrStep
0030b5f1   _LCD_ChangeSide
0030b5fa   _InitLCD
0030b604   _LCD_getSelectedParam
0030b63a   _LCD_StatusBarFlashRequest
0030b6ef   _LCD_StatusBar
0030b86a   _LCD_SetTechSel
0030b86e   _LCD_SetMenuSel
0030b8c0   _LCD_DoNotDispLoadPrevSet
0030ba4e   _LCD_SelEvalMethod
0030ba70   _LCD_SaveMethod
0030ba9b   _LCD_SaveIDReminder
0030bbc9   _LCD_ExoStateDisp
0030be10   _LCD_ExoStateDispWalk
0030c7a9   _LCD_DispEditMethod
0030c80c   _LCD_DispEditIDReminder
0030c84b   _LCD_DispEditEval
0030c8c1   _LCD_DataLogUpdate
0030c946   _LCD_DataLogUp
0030c950   _LCD_DataLogDown
0030c95a   _DLOG_setDataLogState
0030c96c   _LCD_DataLogCheck
0030c983   _DLOG_triggerErrorLogDump
0030cb5c   _DLOG_initBinaryLogData
0030cc2e   _DLOG_init
0030cc3e   _DLOG_getDataLogState
0030cc42   _DLOG_disableLogging
0030cc47   _DLOG_UseCompression
0030da9e   _DLOG_DataLog
0030db52   _NullFunc
0030db53   _LCD_toggleRealTimeDatalog
0030db63   _LCD_getSelectedSquatParam
0030db67   _LCD_UpdateFPGARev
0030db6a   _LCD_UCIncrCmd
0030dbb1   _LCD_UCDisp
0030dc1c   _LCD_UCDecrCmd
0030dc6b   _LCD_ThresholdDisp
0030dcc5   _LCD_TestParamIncr
0030dce1   _LCD_TestParamDecr
0030dcfd   _LCD_TechLogout
0030dd44   _LCD_SquatMenu
0030dd8a   _LCD_SetSerPortSelect
0030dd8e   _LCD_SetLine
0030ddbe   _LCD_SelTestAxis
0030ddcc   _LCD_SelSquatParam
0030de18   _LCD_SelSquatMenu
0030de68   _LCD_SelSQT
0030debc   _LCD_ResetEncCal
0030dec8   _LCD_IncrTestOff
0030def6   _LCD_GotoSquatMenu
0030defc   _LCD_GotoCalScreen
0030df2d   _LCD_GetSerPortSelect
0030df31   _LCD_FlashText
0030df3d   _LCD_ExitUC
0030df51   _LCD_EnterUC
0030df62   _LCD_EnterThreshold
0030df9e   _LCD_EncDisp
0030e00e   _LCD_EditEncOffset
0030e02c   _LCD_DispTorsoAng
0030e066   _LCD_DispTorThresh
0030e08e   _LCD_DispTimes
0030e177   _LCD_DispTestParam
0030e214   _LCD_DispTestOff
0030e284   _LCD_DispTestAxis
0030e310   _LCD_DispSquatParam
0030e413   _LCD_DispSQTStat
0030e4ee   _LCD_DispSQT
0030e5b7   _LCD_DispPressure
0030e660   _LCD_DispPoseVal
0030e764   _LCD_DispJointTemp
0030e7c5   _LCD_DispIMUVal
0030e956   _LCD_DispEncoder
0030e9e9   _LCD_DispEncAngle
0030eaf6   _LCD_DispCurrent
0030eb95   _LCD_DispADCVal
0030ebed   _LCD_DecrTestOff
0030ec1b   _LCD_ClrTimes
0030ec53   _LCD_AdminLogout
0030ec58   _LCD_AdminAccessOK
0030ec62   _LCD_ADCOffsetEdit
0030ec7e   _poly5
0030eca9   _jntID_to_encID
0030ecc0   _initSensorData
0030ee2c   _encID_to_jntID
0030f0df   _StoreRawSensors
0030f165   _LCD_UpIMUSelRoll
0030f198   _LCD_UpIMUSelPitch
0030f1a8   _LCD_GotoIMUSelect
0030f1ae   _LCD_GotoAdcDisp
0030f1b4   _LCD_DnIMUSelRoll
0030f1e7   _LCD_DnIMUSelPitch
0030f1f7   _LCD_DispIMURoll
0030f310   _LCD_DispIMUPitch
0030f38c   _LCD_CheckIMUSelect
0030f398   _LCD_AdcValDisp
0030f506   _FormatJointAngle
0030f7d3   _FormatRawSensors
0030f8ca   _FitPoly5Order
0030fbf0   _BIT_initerrVal
0030fc13   _BIT_initerrCnt
0030fc3d   _BIT_InitRangeLimits
0030ffee   _NV_addCmd
0031040e   _NV_writeUserSettings
0031057a   _NV_writeMachStats
003105e3   _NV_writeCurSession
003105fd   _NV_togglePhoneInstalled
00310616   _NV_stepsSinceLastWrite
00310621   _NV_setSN
00310628   _NV_setPilotIDReminder
0031062f   _NV_setCN
00310646   _NV_setAdvWalkFeatures
0031064d   _NV_setActiveLanguage
00310654   _NV_readUserSettings
003107ad   _NV_readOldSessions
00310802   _NV_randomAccess
0031081f   _NV_initOldSessDump
00310823   _NV_init
00310844   _NV_getWalkTime
00310870   _NV_getTestTime
00310881   _NV_getTestSteps
00310888   _NV_getSteps
003108a6   _NV_getStandTime
003108d2   _NV_getSquats
003108d9   _NV_getSN
003108dd   _NV_getRemainingOldSessBytes
003108e5   _NV_getPilotIDReminder
003108e9   _NV_getPhoneInstalled
003108ed   _NV_getOneLegSquats
003108f4   _NV_getOnTime
00310920   _NV_getOldSessDumpChunk
0031092b   _NV_getNumOldSessions
0031092f   _NV_getCN
00310933   _NV_getAdvWalkFeatures
00310937   _NV_getActiveLanguage
0031093b   _NV_erasePage
00310947   _NV_clearCustomerStats
0031097d   _NV_WriteErrorLogHeader
0031098d   _NV_ReadWriteError
003109ca   _NV_ReadAll
003109dd   _NV_LoadSuccess
003109f0   _NV_BootCountIncrement
00310a13   _LCD_GotoMachineStats
00310a1a   _POSE_UpdateLegLengths
00310b71   _POSE_InitPoseData
00311420   _POSE_EstimatePose
00311443   _BIT_InitAngleLimits
003117ba   _LCD_CanUpdate
003117de   _LCD_CanRight
003117e7   _LCD_CanNodeUp
003117f5   _LCD_CanNodeDn
00311801   _LCD_CanLeft
0031180a   _CAN_txDisableToggle
003118ab   _CAN_set_torq
003118d2   _CAN_set_motor_enable
0031190e   _CAN_set_mode
00311925   _CAN_servos_booted
0031193b   _CAN_report_state
00311949   _CAN_report_motor_stat
00311957   _CAN_report_motor_fail
00311965   _CAN_report_elmo_temp
00311978   _CAN_nmt_start_all
0031198a   _CAN_isTxDone
00311996   _CAN_isTxDisabled
0031199a   _CAN_initParam
00311a55   _CAN_addCmd
00311a8e   _CAN_initDriver
00311aa9   _CAN_all_motors_on
00311c3b   _CAN_TxRx_ISR
00311d6f   _CAN_Process
00311e11   _CAN_ConfigElmos
00311f1c   _ERR_report
003120f2   _initErrHndlr
00312111   _LCD_StopErrorSound
00312119   _LCD_GotoErrorDiags
0031211f   _LCD_ExitErrorDiags
0031225e   _LCD_ErrorDiagsUpdate
00312375   _LCD_ErrorDiagsUp
00312385   _LCD_ErrorDiagsRight
0031238e   _LCD_ErrorDiagsLeft
003123b9   _LCD_ErrorDiagsDn
00312413   _LCD_ErrorDiagsCheck
00312447   _LCD_DispErr
00312517   _LCD_AckError
00312525   _ERR_stopLoggingErrors
00312529   _ERR_report_program
00312539   _ERR_readErrorToDump
00312612   _ERR_process
0031266f   _ERR_overwriteErrQueueFull
00312692   _ERR_logPostXfr
00312699   _ERR_isErrorLogWriteable
0031269d   _ERR_getLastErrorIndex
003126a7   _ERR_buildVolErrorString
0031276f   _ERR_buildNonVolErrorString
00312871   _ERR_GetErrQLength
00312b12   _MOT_update
00312c52   _MOT_setMotorState
00312cde   _MOT_setCurrent
00312cf7   _MOT_setBringupFlag
00312dce   _MOT_setBrake
00312dee   _MOT_init
00312e8c   _MOT_getMotorSubstate
00312e94   _MOT_getMotorState
00312e98   _MOT_getLastCurrent
00312ea2   _MOT_getJointLockedSlippage
00312eac   _MOT_getJointBrkEngSlippage
00312eb6   _MOT_getCurrent
00312ec0   _MOT_getBrake
00312ec8   _MOT_getAllBrakesEngd
00312ed2   _MOT_emcyStopDrivesOff
00312ef5   _MOT_emcyStop
00312f34   _MOT_emcyClear
00312f5f   _MOT_areElmosBooted
00312f72   _LCD_motmodeUpdate
0031311d   _LCD_motmodeUp
00313137   _LCD_motmodeRight
00313140   _LCD_motmodeLeft
00313149   _LCD_motmodeDown
00313165   _LCD_motmodeCheck
003131ae   _LCD_GotoClearEMCY
003131b4   _LCD_DoClearEMCY
003131c2   _LCD_DispClearEMCY
003131f5   _MFG_initSquatManufacturing
0031322c   _MFG_initSquatEngineering
0031325f   _MFG_initScreensMFG
003139ea   _LCD_GotoMFGScreen
00313a49   _SMB_getSerialNum
00313c6e   _SMB_updateBatt
00313c89   _SMB_isBattConnected
00313cca   _SMB_init
00313d28   _SMB_getSystemPowerUsage_Watts
00313d67   _SMB_convertCellVoltageToMV
00313d95   _SMB_battCommFailed
00313db5   _LCD_SMBright
00313dc9   _LCD_SMBleft
00313ddd   _LCD_SMBincr
00313de7   _LCD_SMBdecr
00313df0   _LCD_SMBValDisp
003141b5   _LCD_SMBUpdateVal
003141c7   _LCD_GotoSMBDisp
003141de   _initSpiList
003141f3   _dev_spi_write
00314258   _dev_spi_read
00314367   _dev_spi_open
003143b1   _dev_spi_ioctl
003143b3   _dev_spi_close
0031446c   _SPI_Process
00314507   _SPI_BlockingProcessAll
003145b6   _SPI_addCmd
0031461b   _SPI_initCmds
0031464c   _SPI_getQspace
00314650   _SPI_clearQueue
0031465f   _SPI_addErrCmd
00314667   _LCD_HmiRight
00314670   _LCD_HmiLeft
00314679   _HMI_isBtConnected
0031467f   _LCD_HmiDispReg
00314822   _HMI_bluetooth_power_enable
0031483c   _HMI_phone_chrg_enable
00314856   _HMI_usb_enable
00314870   _HMI_led_set
00314884   _LCD_HmiCheck
003148e2   _IMU_SendReceive
00314920   _HMI_isScibRTSready
00314926   _HMI_isHmiDetected
0031492c   _HMI_gpio_get
00314930   _FLASH_SendReceive
00314989   _LCD_SendIMU
003149fa   _LCD_IncrIMUOffset
00314a15   _LCD_IncrIMUAddr
00314a2c   _LCD_IMUValDisp
00314bfb   _LCD_GotoIMUDisp
00314c01   _LCD_EditIMU_Update
00314c4d   _LCD_EditIMU_Incr
00314c65   _LCD_EditIMU_Done
00314c86   _LCD_EditIMU_Decr
00314c8c   _LCD_DecrIMUOffset
00314ca5   _LCD_DecrIMUAddr
00314d45   _IMU_init
00314d66   _IMU_getYawAng
00314d6b   _IMU_getRollAng
00314d70   _IMU_getPitchRate
00314d75   _IMU_getPitchAng
00314d7a   _IMU_Write_Reg
00314e49   _IMU_Special_Cmd
00314fad   _IMU_Read_Reg
003150aa   _IMU_IsCommOn
003150d4   _initControlData
00315158   _LCD_IncrGainSys
00315160   _LCD_IncrGainSel
00315168   _LCD_GainEdit
0031519a   _LCD_DispGains
003151d5   _LCD_DecrGainSys
003151db   _LCD_DecrGainSel
003155a3   _CalculateControl
0031566b   _LNG_process
00315894   _LNG_languageLoad
003159e5   _LNG_init
003159fa   _LNG_getTextVersion
003159fe   _LNG_getNumLanguages
00315a02   _LCD_updateDxfer
00315b86   _LCD_checkDxfer
00315bb9   _LCD_backDxfer
00315bc0   _LCD_DxferU
00315bcc   _LCD_DxferR
00315bd7   _LCD_DxferL
00315be2   _LCD_DxferD
00315bf8   _LCD_StackUsageDisp
00315ca1   _LCD_GotoBitDisp
00315ca7   _LCD_BitUpdate
00315dc7   _LCD_BitUpDown
00315dd2   _LCD_BitTitleUpdate
00315e20   _BIT_enable
00315e48   _BIT_disable
00315e6a   _BIT_run
00315eae   _LCD_BitDispCheck
00315f0a   _BIT_start
00315f30   _BIT_process
0031605e   _BIT_preEEwrite
0031609d   _BIT_postEEread
003160fd   _BIT_isEnabled
00316119   _BIT_init
00316160   _BIT_allEnabled
00316188   _dev_i2c_write
00316200   _dev_i2c_read
0031626a   _dev_i2c_open
0031626c   _dev_i2c_ioctl
0031626e   _dev_i2c_close
00316270   _I2C_clearQueue
00316293   _I2C_Rmv_Msg_From_Queue
003162db   _I2C_Process
00316409   _I2C_InitI2C
0031642d   _I2C_FindFreeMsg
0031644e   _I2C_FIFO_ISR
003164a7   _I2C_Basic_ISR
003165d3   _I2C_BlockingProcessAll
00316630   _I2C_Add_Msg_To_Queue
00316671   _dev_sci_write
003166b7   _dev_sci_read
003166fe   _dev_sci_open
00316757   _dev_sci_ioctl
003167a0   _dev_sci_close
003167a2   _SCI_writePort
003168c0   _SCI_updatePorts
00316951   _SCI_readPort
0031697d   _SCI_checkDebugPortFlow
0031698d   _SCI_Tx_ISR
00316998   _SCI_SetDebugRxIsr
003169a3   _SCI_Rx_ISR
003169af   _LCD_DispSerPort
00316a63   _LCD_ClrSerPort
00316a9a   _LCD_ChngSerPort
00316ac2   _InitSCI
00316afc   _MATRIX_SetPolyFitYData
00316b0f   _MATRIX_SetPolyFitXData
00316b22   _MATRIX_GetPolyCoeff
00316f25   _MATRIX_FitPolyZeroOffset
00316f7f   _initExtFlash
00316faa   _FLASH_writeSpaceForTwoErrors
00316fc1   _FLASH_writeSpaceForOneError
00316fd8   _FLASH_writeInit
0031704e   _FLASH_writeError
003170c9   _FLASH_write
00317165   _FLASH_readError
003171c4   _FLASH_read
00317237   _FLASH_isProgramCmdInQueue
0031723e   _FLASH_isCommandFast
0031724d   _FLASH_getNextErrPage
00317258   _FLASH_getActivePage
0031725c   _FLASH_flush
0031728b   _FLASH_execCmd
003173cb   _FLASH_erasePage
003173fe   _main
00317571   GBL_USERINITFXN
00317571   _UserInit
0031757e   _SlowCalculations
0031761f   _ControlOutput
00317741   _ControlCalculations
003177ed   _BackgroundCalculations
00317870   _VER_IsSwReleased
00317872   _VER_CheckVersions
00317887   _LCD_SerNumCancel
00317892   _LCD_IncrSerNumVal
003178c2   _LCD_IncrSerNumIncr
003178d0   _LCD_IncrCustNumVal
003178ff   _LCD_IncrCustNumIncr
0031790d   _LCD_EditSerNum
00317926   _LCD_EditCustNum
0031793b   _LCD_DispVers
00317982   _LCD_DispSerNum
00317a15   _LCD_DispCustNum
00317aa3   _LCD_DispBootCount
00317ac8   _LCD_DispBldTime
00317ade   _LCD_DispBldRev
00317b0c   _LCD_DispBldDate
00317b22   _LCD_DispBiosVer
00317b4c   _LCD_DecrSerNumVal
00317b7c   _LCD_DecrSerNumIncr
00317b8a   _LCD_DecrCustNumVal
00317bb9   _LCD_DecrCustNumIncr
00317bc6   _LCD_CustNumCancel
00317bd1   _LOCK_preWrite
00317c18   _LOCK_SetNotOK
00317c31   _LOCK_postRead
00317c5b   _LOCK_SetOK
00317c75   _LOCK_IsPermisCatOK
00317c8d   _LOCK_IsOK
00317c95   _LOCK_IsClearCatOK
00317cad   _LOCK_IsAllOK
00317cb6   _LOCK_Init
00317d79   _LCD_SelLock
00317da2   _LCD_LockSelInc
00317dc1   _LCD_LockSelDec
00317de0   _LCD_LOCKMvR
00317de9   _LCD_LOCKMvL
00317df2   _LCD_GotoInterlocks
00317df8   _LCD_DispLock
00317ed2   _LCD_ShowSerPort
00317ef0   _LCD_ShowFPGAinputs
00317f4a   _LCD_ShowFPGAVer
00317f6f   _FPGA_getCpuBrdVersion
00317f73   _LCD_ShowCpuBrdVer
00317f92   _FPGA_getAmpBrdVersion
00317f96   _LCD_ShowAmpBrdVer
00317fd5   _FPGA_SetRegisterValue
00318022   _InitFPGAEncoders
00318043   _FPGA_setSerialSwitch
00318055   _FPGA_setHwDisableLatched
00318059   _FPGA_readAndCheckVer
003180a1   _FPGA_isSerPortConnDSP
003180ab   _FPGA_isSerPortConnBatt2
003180b5   _FPGA_isSerPortConnBatt1
003180bf   _FPGA_getHwDisableLatched
003180c3   _FPGA_getFPGAVersion
003180c7   _FPGA_ReleaseBrake
003180dd   _FPGA_QueryBrake
003180ff   _FPGA_HwDisableClear
00318128   _FPGA_GetRegisterValue
00318191   _FPGA_EngageBrake
003181dc   _InitECan
003183ae   _tand
003183fd   _sind
00318406   _pow_f64_to_the_uint
0031842e   _asind
00318482   _law_of_sin_ang
003184a9   _cosd
003184b2   _law_of_cos_len
003184dd   _acosd
00318531   _law_of_cos_ang
00318555   _atand
0031855e   _gpioSetVal
0031857b   _gpioSetState
00318596   _gpioGetVal
003185a2   _gpioGetState
003185b4   _InitGpio
003186e1   _LCD_SaveCalParams
003186ef   _LCD_LoadCalParams
003186fd   _LCD_IncrEEAddr
00318716   _LCD_GotoEEDisp
00318727   _LCD_EditEE_Done
0031873f   _LCD_EditEEVal
00318776   _LCD_EEValDisp
003187da   _LCD_DecrEEAddr
003187f4   _EEPROM_ReadWrite
00318816   _WD_writeData
0031881a   _WD_serviceExtWatchdog
0031882e   _WD_serviceTask
00318850   _WD_readData
00318854   _WD_postRead
00318859   _WD_crashLogIsValid
00318873   _WD_crashLogClear
0031888b   _WD_WatchdogFlagSet
0031888f   _WD_WatchdogFlagGet
00318893   _WD_LastCrashValGet
003188a4   _LCD_watchdogUpdate
00318904   _LCD_watchdogUp
0031890d   _LCD_watchdogDown
00318917   _InitWatchdog
0031898f   _SafetyLimit
003189ff   _LL_rtnObj
00318a3d   _LL_initPool
00318a56   _LL_getObj
00318a80   _LL_findLowerPrio
00318a9f   _LL_findHighPrio
00318b40   _ADC_initRandomNum
00318b68   _ADC_getRandomNum
00318b6c   FD$$ADD
00318c08   FD$$DIV
00318c93   FD$$MPY
00318d16   _asin
00318d8b   _InitSysCtrl
00318de9   _InitCPUTimers
00318dff   _acos
00318e6e   _tan
00318ecd   _atan
00318f18   _CRC_Init
00318f2f   _CRC_FastWord
00318f4d   _CRC_FastByte
00318f61   _initDrivers
00318fa7   _XFR_nullfunc
00318fa8   _InitPieCtrl
00318fe3   _cos
00319017   _sin
0031904b   FD$$CMP
00319075   FD$$TOFS
00319098   I$$DIV
003190a9   I$$MOD
003190ba   ___memcpy_ff
003190db   _sqrt
003190fc   _strncpy
0031913b   FS$$TOFD
00319157   C$$EXIT
00319157   _abort
00319159   _exit
00319170   FS$$DIV
00319189   _DelayUs
00319199   FD$$SUB
003191a7   _strcat
003191b4   U$$DIV
003191b9   U$$MOD
003191bf   _strcmp
003191c9   _strlen
003191d3   __register_unlock
003191d7   __register_lock
003191db   __nop
003191dc   FD$$NEG
003191e5   _strcpy
003191f5   _memset
00319201   _SetDBGIER
00319204   ___etext__
00319204   etext
0031cfc6   _ptLangStrings
0031e181   _ptStrLangFormatVersion
003236b0   _blankLine
003237d0   _fpga_legR
003237d8   _fpga_legL
00323860   _strGainSys
00323995   Control$sts$maxfmt
00323995   ___cinit__
00323995   cinit
0032399e   Control$sts$sumfmt
003239a7   Control$sts$avgfmt
003239b2   PRD_swi$sts$maxfmt
003239ba   PRD_swi$sts$sumfmt
003239c2   PRD_swi$sts$avgfmt
003239cc   KNL_swi$sts$maxfmt
003239d4   KNL_swi$sts$sumfmt
003239dc   KNL_swi$sts$avgfmt
00324fb9   SWI_F_enable
00324fb9   _SWI_enable
00324fcd   SWI_F_post
00324fcd   _SWI_post
00325004   SWI_F_exec_sync
00325028   SWI_EXECFXN
00325028   SWI_F_exec
00325075   SWI_F_run
00325075   SWI_RUNFXN
00325136   _HWI_F_dispIsrPie
0032513d   HWI_F_dispatch
0032513d   _HWI_F_dispatch
003251e0   _HWI_F_dispIsr0
003251e3   _HWI_F_dispIsr1
0032525f   CLK_F_run
0032525f   CLK_HOOKFXN
0032525f   __CLK_hwienter
003252fd   PRD_F_swi
0032536c   PRD_F_tick
00325394   _SEM_pendEnterKnl
00325427   _KNL_run
00325526   _TSK_setup
00325593   _TSK_exit
003255f6   __SEM_dopost
00325659   _KNL_switch
00325676   KNL_glue
00325680   KNL_tick_stub
00325680   PRD_THOOKFXN
00325687   _KNL_saveIsrFrame
0032569a   CLK_F_getfhtime
003256a2   CLK_F_gethtime
003256a2   CLK_F_getshtime
003256a2   CLK_TIMEFXN
003256c3   CLK_F_getltime
003256c3   _CLK_getltime
003256c7   CLK_F_itime
003256c7   _CLK_itime
003256cf   _SEM_post
003256cf   _SEM_postBinary
00325703   _KNL_check
00325724   _KNL_idle
0032572d   _KNL_max
00325736   _TSK_startup
0032575e   CLK_F_isr
00325786   _SEM_postEnterKnl
003257a9   _KNL_ipost
003257cb   _SYS_exit
003257ec   STS_F_delta
003257ec   _STS_delta
003257f8   STS_F_add
003257f8   _STS_add
00325801   _STS_set
00325804   STS_F_reset
00325804   _STS_reset
0032580c   _KNL_enter
0032584a   _SEM_pend
00325869   LOG_F_event
00325887   _LCK_pend
003258a3   _KNL_post
003258b9   FXN_F_nop
003258ba   FXN_F_run
003258c8   FXN_F_zero
003258ca   FXN_F_selfLoop
003258cb   SYS_ABORTFXN
003258cb   _UTL_doAbort
003258db   SYS_ERRORFXN
003258db   _UTL_doError
003258eb   _LCK_post
003258f9   _KNL_exit
00325905   SYS_PUTCFXN
00325905   _UTL_doPutc
00325911   _HWI_disable
00325915   _HWI_enable
00325917   _HWI_restore
0032591b   _SYS_abort
00325924   IDL_F_loop
00325924   _IDL_F_loop
0032592a   _KNL_tick
00325934   _LOG_event
00325939   SYS_EXITFXN
00325939   _UTL_halt
0032593c   _GBL_getVersion
0032593f   GBL_USERLIMPMODEABORTFXN
0032593f   GIO_CREATEFXN
0032593f   GIO_DELETEFXN
0032593f   GIO_PENDFXN
0032593f   GIO_POSTFXN
0032593f   TSK_VCREATEFXN
0032593f   TSK_VDELETEFXN
0032593f   TSK_VEXITFXN
0032593f   _FXN_F_nop
00325940   _secureRamFuncs_loadstart
00325961   _secureRamFuncs_loadend
00325aec   BIOS_init
00325aec   _BIOS_init
00325b4d   BIOS_start
00325b4d   _BIOS_start
00325b7d   _c_int00
00325bdb   _MEM_init
00325c29   _TSK_init
00325c4c   _InitXintf
00325cbb   _trcdata_loadstart
00325cbe   _trcdata_loadend
0033fff6   code_start
00380090   _PartIdRegs
003f7ff8   _CsmPwl
003febdc   _FPUsinTable
003fecdc   _FPUcosTable
003fefdc   _FPUsinTableEnd
003ff0de   _FPUatan2HalfPITable
003ff0de   _FPUcosTableEnd
003ff0e2   _FPUatan2Table
003ff268   _FPUatan2TableEnd
ffffffff   ADC_CAL
ffffffff   BEGIN_FLASH
ffffffff   BEGIN_M0
ffffffff   BOOTROM
ffffffff   CSM_RSVD
ffffffff   FLASH_ABCDEFGH
ffffffff   FPUTABLES
ffffffff   HST_DSMBUFSEG
ffffffff   IQTABLES
ffffffff   IQTABLES2
ffffffff   L0123SARAM
ffffffff   L47SARAM
ffffffff   L5SARAM
ffffffff   L6SARAM
ffffffff   L7SARAM
ffffffff   M0SARAM
ffffffff   M1SARAM
ffffffff   OTP
ffffffff   PASSWORDS
ffffffff   PIEVECT
ffffffff   RTDX_DATAMEMSEG
ffffffff   ZONE7
ffffffff   _ADC_CAL
ffffffff   _BEGIN_FLASH
ffffffff   _BEGIN_M0
ffffffff   _BOOTROM
ffffffff   _CSM_RSVD
ffffffff   _FLASH_ABCDEFGH
ffffffff   _FPUTABLES
ffffffff   _IQTABLES
ffffffff   _IQTABLES2
ffffffff   _L0123SARAM
ffffffff   _L47SARAM
ffffffff   _L5SARAM
ffffffff   _L6SARAM
ffffffff   _L7SARAM
ffffffff   _M0SARAM
ffffffff   _M1SARAM
ffffffff   _OTP
ffffffff   _PASSWORDS
ffffffff   _PIEVECT
ffffffff   _ZONE7
ffffffff   ___binit__
ffffffff   ___c_args__
ffffffff   ___pinit__
ffffffff   binit
ffffffff   pinit

[2460 symbols]
